  console.warn
    SafeAreaView has been deprecated and will be removed in a future release. Please use 'react-native-safe-area-context' instead. See https://github.com/th3rdwave/react-native-safe-area-context

    [0m [90m 585 |[39m
     [90m 586 |[39m   [36mreturn[39m (
    [31m[1m>[22m[39m[90m 587 |[39m     [33m<[39m[33mSafeAreaView[39m style[33m=[39m{styles[33m.[39msafeArea}[33m>[39m
     [90m     |[39m      [31m[1m^[22m[39m
     [90m 588 |[39m       [33m<[39m[33mScrollView[39m contentContainerStyle[33m=[39m{styles[33m.[39mcontainer}[33m>[39m
     [90m 589 |[39m         [33m<[39m[33mView[39m style[33m=[39m{styles[33m.[39mheaderCard}[33m>[39m
     [90m 590 |[39m           [33m<[39m[33mText[39m style[33m=[39m{styles[33m.[39mkicker}[33m>[39m[33mSmartSplit[39m[33m<[39m[33m/[39m[33mText[39m[33m>[39m[0m

      at warn (node_modules/react-native/Libraries/Utilities/warnOnce.js:27:11)
      at Object.warnOnce [as SafeAreaView] (node_modules/react-native/index.js:92:5)
      at SafeAreaView (app/index.tsx:587:6)
      at Object.react-stack-bottom-frame (node_modules/react-test-renderer/cjs/react-test-renderer.development.js:13976:20)
      at renderWithHooks (node_modules/react-test-renderer/cjs/react-test-renderer.development.js:2866:22)
      at updateFunctionComponent (node_modules/react-test-renderer/cjs/react-test-renderer.development.js:6006:19)
      at beginWork (node_modules/react-test-renderer/cjs/react-test-renderer.development.js:7474:18)
      at runWithFiberInDEV (node_modules/react-test-renderer/cjs/react-test-renderer.development.js:1574:13)
      at performUnitOfWork (node_modules/react-test-renderer/cjs/react-test-renderer.development.js:10972:22)
      at workLoopSync (node_modules/react-test-renderer/cjs/react-test-renderer.development.js:10816:41)
      at renderRootSync (node_modules/react-test-renderer/cjs/react-test-renderer.development.js:10797:11)
      at performWorkOnRoot (node_modules/react-test-renderer/cjs/react-test-renderer.development.js:10349:13)
      at performWorkOnRootViaSchedulerTask (node_modules/react-test-renderer/cjs/react-test-renderer.development.js:2094:7)
      at flushActQueue (node_modules/react/cjs/react.development.js:566:34)
      at Object.<anonymous>.process.env.NODE_ENV.exports.act (node_modules/react/cjs/react.development.js:859:10)
      at actImplementation (node_modules/@testing-library/react-native/src/act.ts:30:25)
      at renderWithAct (node_modules/@testing-library/react-native/src/render-act.ts:13:11)
      at renderInternal (node_modules/@testing-library/react-native/src/render.tsx:69:33)
      at renderInternal (node_modules/@testing-library/react-native/src/render.tsx:44:10)
      at Object.<anonymous> (__tests__/debt-breakdown.acceptance.test.tsx:7:69)

  console.error
    Encountered two children with the same key, `exp-1778632082762`. Keys should be unique so that components maintain their identity across updates. Non-unique keys may cause children to be duplicated and/or omitted ÔÇö the behavior is unsupported and could change in a future version.

    [0m [90m 21 |[39m     fireEvent[33m.[39mchangeText(getByPlaceholderText([32m"0.00"[39m)[33m,[39m [32m"18"[39m)[33m;[39m
     [90m 22 |[39m     fireEvent[33m.[39mpress(getByTestId([32m"payer-option-Person 2"[39m))[33m;[39m
    [31m[1m>[22m[39m[90m 23 |[39m     fireEvent[33m.[39mpress(getByTestId([32m"save-expense-button"[39m))[33m;[39m
     [90m    |[39m               [31m[1m^[22m[39m
     [90m 24 |[39m
     [90m 25 |[39m     [90m// Then the breakdown adds the amount the current user owes that payer[39m
     [90m 26 |[39m   expect(getAllByText([32m"For Taxi"[39m)[33m.[39mlength)[33m.[39mtoBeGreaterThan([35m0[39m)[33m;[39m[0m

      at node_modules/react-test-renderer/cjs/react-test-renderer.development.js:4741:23
      at runWithFiberInDEV (node_modules/react-test-renderer/cjs/react-test-renderer.development.js:1574:13)
      at warnOnInvalidKey (node_modules/react-test-renderer/cjs/react-test-renderer.development.js:4740:13)
      at reconcileChildrenArray (node_modules/react-test-renderer/cjs/react-test-renderer.development.js:4837:29)
      at reconcileChildFibersImpl (node_modules/react-test-renderer/cjs/react-test-renderer.development.js:5122:30)
      at node_modules/react-test-renderer/cjs/react-test-renderer.development.js:5227:33
      at reconcileChildren (node_modules/react-test-renderer/cjs/react-test-renderer.development.js:5736:13)
      at beginWork (node_modules/react-test-renderer/cjs/react-test-renderer.development.js:7595:13)
      at runWithFiberInDEV (node_modules/react-test-renderer/cjs/react-test-renderer.development.js:1574:13)
      at performUnitOfWork (node_modules/react-test-renderer/cjs/react-test-renderer.development.js:10972:22)
      at workLoopSync (node_modules/react-test-renderer/cjs/react-test-renderer.development.js:10816:41)
      at renderRootSync (node_modules/react-test-renderer/cjs/react-test-renderer.development.js:10797:11)
      at performWorkOnRoot (node_modules/react-test-renderer/cjs/react-test-renderer.development.js:10349:13)
      at performWorkOnRootViaSchedulerTask (node_modules/react-test-renderer/cjs/react-test-renderer.development.js:2094:7)
      at flushActQueue (node_modules/react/cjs/react.development.js:566:34)
      at Object.<anonymous>.process.env.NODE_ENV.exports.act (node_modules/react/cjs/react.development.js:859:10)
      at actImplementation (node_modules/@testing-library/react-native/src/act.ts:30:25)
      at fireEvent (node_modules/@testing-library/react-native/src/fire-event.ts:122:11)
      at fireEvent [as press] (node_modules/@testing-library/react-native/src/fire-event.ts:130:3)
      at Object.press (__tests__/debt-breakdown.acceptance.test.tsx:23:15)

  console.error
    Encountered two children with the same key, `exp-1778632082762`. Keys should be unique so that components maintain their identity across updates. Non-unique keys may cause children to be duplicated and/or omitted ÔÇö the behavior is unsupported and could change in a future version.

    [0m [90m 21 |[39m     fireEvent[33m.[39mchangeText(getByPlaceholderText([32m"0.00"[39m)[33m,[39m [32m"18"[39m)[33m;[39m
     [90m 22 |[39m     fireEvent[33m.[39mpress(getByTestId([32m"payer-option-Person 2"[39m))[33m;[39m
    [31m[1m>[22m[39m[90m 23 |[39m     fireEvent[33m.[39mpress(getByTestId([32m"save-expense-button"[39m))[33m;[39m
     [90m    |[39m               [31m[1m^[22m[39m
     [90m 24 |[39m
     [90m 25 |[39m     [90m// Then the breakdown adds the amount the current user owes that payer[39m
     [90m 26 |[39m   expect(getAllByText([32m"For Taxi"[39m)[33m.[39mlength)[33m.[39mtoBeGreaterThan([35m0[39m)[33m;[39m[0m

      at node_modules/react-test-renderer/cjs/react-test-renderer.development.js:4741:23
      at runWithFiberInDEV (node_modules/react-test-renderer/cjs/react-test-renderer.development.js:1574:13)
      at warnOnInvalidKey (node_modules/react-test-renderer/cjs/react-test-renderer.development.js:4740:13)
      at reconcileChildrenArray (node_modules/react-test-renderer/cjs/react-test-renderer.development.js:4837:29)
      at reconcileChildFibersImpl (node_modules/react-test-renderer/cjs/react-test-renderer.development.js:5122:30)
      at node_modules/react-test-renderer/cjs/react-test-renderer.development.js:5227:33
      at reconcileChildren (node_modules/react-test-renderer/cjs/react-test-renderer.development.js:5736:13)
      at beginWork (node_modules/react-test-renderer/cjs/react-test-renderer.development.js:7551:13)
      at runWithFiberInDEV (node_modules/react-test-renderer/cjs/react-test-renderer.development.js:1574:13)
      at performUnitOfWork (node_modules/react-test-renderer/cjs/react-test-renderer.development.js:10972:22)
      at workLoopSync (node_modules/react-test-renderer/cjs/react-test-renderer.development.js:10816:41)
      at renderRootSync (node_modules/react-test-renderer/cjs/react-test-renderer.development.js:10797:11)
      at performWorkOnRoot (node_modules/react-test-renderer/cjs/react-test-renderer.development.js:10349:13)
      at performWorkOnRootViaSchedulerTask (node_modules/react-test-renderer/cjs/react-test-renderer.development.js:2094:7)
      at flushActQueue (node_modules/react/cjs/react.development.js:566:34)
      at Object.<anonymous>.process.env.NODE_ENV.exports.act (node_modules/react/cjs/react.development.js:859:10)
      at actImplementation (node_modules/@testing-library/react-native/src/act.ts:30:25)
      at fireEvent (node_modules/@testing-library/react-native/src/fire-event.ts:122:11)
      at fireEvent [as press] (node_modules/@testing-library/react-native/src/fire-event.ts:130:3)
      at Object.press (__tests__/debt-breakdown.acceptance.test.tsx:23:15)

  console.error
    An update to Index inside a test was not wrapped in act(...).
    
    When testing, code that causes React state updates should be wrapped into act(...):
    
    act(() => {
      /* fire events that update state */
    });
    /* assert on the output */
    
    This ensures that you're testing the behavior the user would see in the browser. Learn more at https://react.dev/link/wrap-tests-with-act

    [0m [90m 144 |[39m       }
     [90m 145 |[39m
    [31m[1m>[22m[39m[90m 146 |[39m       setGroups(remoteGroups)[33m;[39m
     [90m     |[39m       [31m[1m^[22m[39m
     [90m 147 |[39m
     [90m 148 |[39m       [36mconst[39m nextActiveGroup [33m=[39m
     [90m 149 |[39m         remoteGroups[33m.[39mfind((group) [33m=>[39m group[33m.[39mid [33m===[39m preferredGroupId) [33m||[39m[0m

      at node_modules/react-test-renderer/cjs/react-test-renderer.development.js:11801:19
      at runWithFiberInDEV (node_modules/react-test-renderer/cjs/react-test-renderer.development.js:1574:13)
      at warnIfUpdatesNotWrappedWithActDEV (node_modules/react-test-renderer/cjs/react-test-renderer.development.js:11800:9)
      at scheduleUpdateOnFiber (node_modules/react-test-renderer/cjs/react-test-renderer.development.js:10326:9)
      at dispatchSetStateInternal (node_modules/react-test-renderer/cjs/react-test-renderer.development.js:4148:13)
      at dispatchSetState (node_modules/react-test-renderer/cjs/react-test-renderer.development.js:4107:7)
      at setGroups (app/index.tsx:146:7)
      at asyncGeneratorStep (node_modules/@babel/runtime/helpers/asyncToGenerator.js:3:17)
      at _next (node_modules/@babel/runtime/helpers/asyncToGenerator.js:17:9)

  console.error
    An update to Index inside a test was not wrapped in act(...).
    
    When testing, code that causes React state updates should be wrapped into act(...):
    
    act(() => {
      /* fire events that update state */
    });
    /* assert on the output */
    
    This ensures that you're testing the behavior the user would see in the browser. Learn more at https://react.dev/link/wrap-tests-with-act

    [0m [90m 152 |[39m         [36mnull[39m[33m;[39m
     [90m 153 |[39m
    [31m[1m>[22m[39m[90m 154 |[39m       setActiveGroupId(nextActiveGroup [33m?[39m nextActiveGroup[33m.[39mid [33m:[39m [36mnull[39m)[33m;[39m
     [90m     |[39m       [31m[1m^[22m[39m
     [90m 155 |[39m       setExpenses(nextActiveGroup[33m?[39m[33m.[39mexpenses [33m||[39m [])[33m;[39m
     [90m 156 |[39m       setParticipants(buildDefaultParticipants(nextActiveGroup[33m?[39m[33m.[39mmembers[33m.[39mmap((member) [33m=>[39m member[33m.[39mname) [33m||[39m []))[33m;[39m
     [90m 157 |[39m     }[0m

      at node_modules/react-test-renderer/cjs/react-test-renderer.development.js:11801:19
      at runWithFiberInDEV (node_modules/react-test-renderer/cjs/react-test-renderer.development.js:1574:13)
      at warnIfUpdatesNotWrappedWithActDEV (node_modules/react-test-renderer/cjs/react-test-renderer.development.js:11800:9)
      at scheduleUpdateOnFiber (node_modules/react-test-renderer/cjs/react-test-renderer.development.js:10326:9)
      at dispatchSetStateInternal (node_modules/react-test-renderer/cjs/react-test-renderer.development.js:4148:13)
      at dispatchSetState (node_modules/react-test-renderer/cjs/react-test-renderer.development.js:4107:7)
      at setActiveGroupId (app/index.tsx:154:7)
      at asyncGeneratorStep (node_modules/@babel/runtime/helpers/asyncToGenerator.js:3:17)
      at _next (node_modules/@babel/runtime/helpers/asyncToGenerator.js:17:9)

  console.error
    An update to Index inside a test was not wrapped in act(...).
    
    When testing, code that causes React state updates should be wrapped into act(...):
    
    act(() => {
      /* fire events that update state */
    });
    /* assert on the output */
    
    This ensures that you're testing the behavior the user would see in the browser. Learn more at https://react.dev/link/wrap-tests-with-act

    [0m [90m 153 |[39m
     [90m 154 |[39m       setActiveGroupId(nextActiveGroup [33m?[39m nextActiveGroup[33m.[39mid [33m:[39m [36mnull[39m)[33m;[39m
    [31m[1m>[22m[39m[90m 155 |[39m       setExpenses(nextActiveGroup[33m?[39m[33m.[39mexpenses [33m||[39m [])[33m;[39m
     [90m     |[39m       [31m[1m^[22m[39m
     [90m 156 |[39m       setParticipants(buildDefaultParticipants(nextActiveGroup[33m?[39m[33m.[39mmembers[33m.[39mmap((member) [33m=>[39m member[33m.[39mname) [33m||[39m []))[33m;[39m
     [90m 157 |[39m     }
     [90m 158 |[39m[0m

      at node_modules/react-test-renderer/cjs/react-test-renderer.development.js:11801:19
      at runWithFiberInDEV (node_modules/react-test-renderer/cjs/react-test-renderer.development.js:1574:13)
      at warnIfUpdatesNotWrappedWithActDEV (node_modules/react-test-renderer/cjs/react-test-renderer.development.js:11800:9)
      at scheduleUpdateOnFiber (node_modules/react-test-renderer/cjs/react-test-renderer.development.js:10326:9)
      at dispatchSetStateInternal (node_modules/react-test-renderer/cjs/react-test-renderer.development.js:4148:13)
      at dispatchSetState (node_modules/react-test-renderer/cjs/react-test-renderer.development.js:4107:7)
      at setExpenses (app/index.tsx:155:7)
      at asyncGeneratorStep (node_modules/@babel/runtime/helpers/asyncToGenerator.js:3:17)
      at _next (node_modules/@babel/runtime/helpers/asyncToGenerator.js:17:9)

  console.error
    An update to Index inside a test was not wrapped in act(...).
    
    When testing, code that causes React state updates should be wrapped into act(...):
    
    act(() => {
      /* fire events that update state */
    });
    /* assert on the output */
    
    This ensures that you're testing the behavior the user would see in the browser. Learn more at https://react.dev/link/wrap-tests-with-act

    [0m [90m 154 |[39m       setActiveGroupId(nextActiveGroup [33m?[39m nextActiveGroup[33m.[39mid [33m:[39m [36mnull[39m)[33m;[39m
     [90m 155 |[39m       setExpenses(nextActiveGroup[33m?[39m[33m.[39mexpenses [33m||[39m [])[33m;[39m
    [31m[1m>[22m[39m[90m 156 |[39m       setParticipants(buildDefaultParticipants(nextActiveGroup[33m?[39m[33m.[39mmembers[33m.[39mmap((member) [33m=>[39m member[33m.[39mname) [33m||[39m []))[33m;[39m
     [90m     |[39m       [31m[1m^[22m[39m
     [90m 157 |[39m     }
     [90m 158 |[39m
     [90m 159 |[39m     [36mvoid[39m refreshGroups()[33m;[39m[0m

      at node_modules/react-test-renderer/cjs/react-test-renderer.development.js:11801:19
      at runWithFiberInDEV (node_modules/react-test-renderer/cjs/react-test-renderer.development.js:1574:13)
      at warnIfUpdatesNotWrappedWithActDEV (node_modules/react-test-renderer/cjs/react-test-renderer.development.js:11800:9)
      at scheduleUpdateOnFiber (node_modules/react-test-renderer/cjs/react-test-renderer.development.js:10326:9)
      at dispatchSetStateInternal (node_modules/react-test-renderer/cjs/react-test-renderer.development.js:4148:13)
      at dispatchSetState (node_modules/react-test-renderer/cjs/react-test-renderer.development.js:4107:7)
      at setParticipants (app/index.tsx:156:7)
      at asyncGeneratorStep (node_modules/@babel/runtime/helpers/asyncToGenerator.js:3:17)
      at _next (node_modules/@babel/runtime/helpers/asyncToGenerator.js:17:9)

  console.error
    An update to Index inside a test was not wrapped in act(...).
    
    When testing, code that causes React state updates should be wrapped into act(...):
    
    act(() => {
      /* fire events that update state */
    });
    /* assert on the output */
    
    This ensures that you're testing the behavior the user would see in the browser. Learn more at https://react.dev/link/wrap-tests-with-act

    [0m [90m 343 |[39m
     [90m 344 |[39m     [36mconst[39m refreshedGroups [33m=[39m [36mawait[39m loadAccessibleGroups(currentUser[33m.[39muid)[33m;[39m
    [31m[1m>[22m[39m[90m 345 |[39m     setGroups(refreshedGroups)[33m;[39m
     [90m     |[39m     [31m[1m^[22m[39m
     [90m 346 |[39m
     [90m 347 |[39m     [36mconst[39m nextActiveGroup [33m=[39m
     [90m 348 |[39m       refreshedGroups[33m.[39mfind((group) [33m=>[39m group[33m.[39mid [33m===[39m preferredGroupId) [33m||[39m[0m

      at node_modules/react-test-renderer/cjs/react-test-renderer.development.js:11801:19
      at runWithFiberInDEV (node_modules/react-test-renderer/cjs/react-test-renderer.development.js:1574:13)
      at warnIfUpdatesNotWrappedWithActDEV (node_modules/react-test-renderer/cjs/react-test-renderer.development.js:11800:9)
      at scheduleUpdateOnFiber (node_modules/react-test-renderer/cjs/react-test-renderer.development.js:10326:9)
      at dispatchSetStateInternal (node_modules/react-test-renderer/cjs/react-test-renderer.development.js:4148:13)
      at dispatchSetState (node_modules/react-test-renderer/cjs/react-test-renderer.development.js:4107:7)
      at setGroups (app/index.tsx:345:5)
      at asyncGeneratorStep (node_modules/@babel/runtime/helpers/asyncToGenerator.js:3:17)
      at _next (node_modules/@babel/runtime/helpers/asyncToGenerator.js:17:9)

  console.error
    An update to Index inside a test was not wrapped in act(...).
    
    When testing, code that causes React state updates should be wrapped into act(...):
    
    act(() => {
      /* fire events that update state */
    });
    /* assert on the output */
    
    This ensures that you're testing the behavior the user would see in the browser. Learn more at https://react.dev/link/wrap-tests-with-act

    [0m [90m 351 |[39m       [36mnull[39m[33m;[39m
     [90m 352 |[39m
    [31m[1m>[22m[39m[90m 353 |[39m     setActiveGroupId(nextActiveGroup [33m?[39m nextActiveGroup[33m.[39mid [33m:[39m [36mnull[39m)[33m;[39m
     [90m     |[39m     [31m[1m^[22m[39m
     [90m 354 |[39m     setExpenses(nextActiveGroup[33m?[39m[33m.[39mexpenses [33m||[39m [])[33m;[39m
     [90m 355 |[39m     setParticipants(buildDefaultParticipants(nextActiveGroup[33m?[39m[33m.[39mmembers[33m.[39mmap((member) [33m=>[39m member[33m.[39mname) [33m||[39m []))[33m;[39m
     [90m 356 |[39m   }[0m

      at node_modules/react-test-renderer/cjs/react-test-renderer.development.js:11801:19
      at runWithFiberInDEV (node_modules/react-test-renderer/cjs/react-test-renderer.development.js:1574:13)
      at warnIfUpdatesNotWrappedWithActDEV (node_modules/react-test-renderer/cjs/react-test-renderer.development.js:11800:9)
      at scheduleUpdateOnFiber (node_modules/react-test-renderer/cjs/react-test-renderer.development.js:10326:9)
      at dispatchSetStateInternal (node_modules/react-test-renderer/cjs/react-test-renderer.development.js:4148:13)
      at dispatchSetState (node_modules/react-test-renderer/cjs/react-test-renderer.development.js:4107:7)
      at setActiveGroupId (app/index.tsx:353:5)
      at asyncGeneratorStep (node_modules/@babel/runtime/helpers/asyncToGenerator.js:3:17)
      at _next (node_modules/@babel/runtime/helpers/asyncToGenerator.js:17:9)

  console.error
    An update to Index inside a test was not wrapped in act(...).
    
    When testing, code that causes React state updates should be wrapped into act(...):
    
    act(() => {
      /* fire events that update state */
    });
    /* assert on the output */
    
    This ensures that you're testing the behavior the user would see in the browser. Learn more at https://react.dev/link/wrap-tests-with-act

    [0m [90m 352 |[39m
     [90m 353 |[39m     setActiveGroupId(nextActiveGroup [33m?[39m nextActiveGroup[33m.[39mid [33m:[39m [36mnull[39m)[33m;[39m
    [31m[1m>[22m[39m[90m 354 |[39m     setExpenses(nextActiveGroup[33m?[39m[33m.[39mexpenses [33m||[39m [])[33m;[39m
     [90m     |[39m     [31m[1m^[22m[39m
     [90m 355 |[39m     setParticipants(buildDefaultParticipants(nextActiveGroup[33m?[39m[33m.[39mmembers[33m.[39mmap((member) [33m=>[39m member[33m.[39mname) [33m||[39m []))[33m;[39m
     [90m 356 |[39m   }
     [90m 357 |[39m[0m

      at node_modules/react-test-renderer/cjs/react-test-renderer.development.js:11801:19
      at runWithFiberInDEV (node_modules/react-test-renderer/cjs/react-test-renderer.development.js:1574:13)
      at warnIfUpdatesNotWrappedWithActDEV (node_modules/react-test-renderer/cjs/react-test-renderer.development.js:11800:9)
      at scheduleUpdateOnFiber (node_modules/react-test-renderer/cjs/react-test-renderer.development.js:10326:9)
      at dispatchSetStateInternal (node_modules/react-test-renderer/cjs/react-test-renderer.development.js:4148:13)
      at dispatchSetState (node_modules/react-test-renderer/cjs/react-test-renderer.development.js:4107:7)
      at setExpenses (app/index.tsx:354:5)
      at asyncGeneratorStep (node_modules/@babel/runtime/helpers/asyncToGenerator.js:3:17)
      at _next (node_modules/@babel/runtime/helpers/asyncToGenerator.js:17:9)

  console.error
    An update to Index inside a test was not wrapped in act(...).
    
    When testing, code that causes React state updates should be wrapped into act(...):
    
    act(() => {
      /* fire events that update state */
    });
    /* assert on the output */
    
    This ensures that you're testing the behavior the user would see in the browser. Learn more at https://react.dev/link/wrap-tests-with-act

    [0m [90m 353 |[39m     setActiveGroupId(nextActiveGroup [33m?[39m nextActiveGroup[33m.[39mid [33m:[39m [36mnull[39m)[33m;[39m
     [90m 354 |[39m     setExpenses(nextActiveGroup[33m?[39m[33m.[39mexpenses [33m||[39m [])[33m;[39m
    [31m[1m>[22m[39m[90m 355 |[39m     setParticipants(buildDefaultParticipants(nextActiveGroup[33m?[39m[33m.[39mmembers[33m.[39mmap((member) [33m=>[39m member[33m.[39mname) [33m||[39m []))[33m;[39m
     [90m     |[39m     [31m[1m^[22m[39m
     [90m 356 |[39m   }
     [90m 357 |[39m
     [90m 358 |[39m   [36masync[39m [36mfunction[39m handleCreateGroup() {[0m

      at node_modules/react-test-renderer/cjs/react-test-renderer.development.js:11801:19
      at runWithFiberInDEV (node_modules/react-test-renderer/cjs/react-test-renderer.development.js:1574:13)
      at warnIfUpdatesNotWrappedWithActDEV (node_modules/react-test-renderer/cjs/react-test-renderer.development.js:11800:9)
      at scheduleUpdateOnFiber (node_modules/react-test-renderer/cjs/react-test-renderer.development.js:10326:9)
      at dispatchSetStateInternal (node_modules/react-test-renderer/cjs/react-test-renderer.development.js:4148:13)
      at dispatchSetState (node_modules/react-test-renderer/cjs/react-test-renderer.development.js:4107:7)
      at setParticipants (app/index.tsx:355:5)
      at asyncGeneratorStep (node_modules/@babel/runtime/helpers/asyncToGenerator.js:3:17)
      at _next (node_modules/@babel/runtime/helpers/asyncToGenerator.js:17:9)

node.exe : FAIL __tests__/debt-breakdown.acceptance.test.tsx (5.442 s)
At line:1 char:1
+ & "C:\nvm4w\nodejs/node.exe" "C:\nvm4w\nodejs/node_modules/npm/bin/np ...
+ ~~~~~~~~~~~~~~~~~~~~~~~~~~~~~~~~~~~~~~~~~~~~~~~~~~~~~~~~~~~~~~~~~~~~~
    + CategoryInfo          : NotSpecified: (FAIL __tests__/...t.tsx (5.442 s):String) [], RemoteException
    + FullyQualifiedErrorId : NativeCommandError
 
  Feature: View debt breakdown
    ├ù Scenario: Given the current user is part of shared expenses, When the dashboard is viewed and a new expense paid by someone else 
is added, Then the breakdown separates money the user covered from money the user owes (582 ms)

  ÔùÅ Feature: View debt breakdown ÔÇ║ Scenario: Given the current user is part of shared expenses, When the dashboard is viewed and a 
new expense paid by someone else is added, Then the breakdown separates money the user covered from money the user owes

    Unable to find an element with text: - EUR 9.00

    [36m<RCTSafeAreaView>[39m
      [36m<RCTScrollView>[39m
        [36m<View>[39m
          [36m<View>[39m
            [36m<Text>[39m
              [0mSmartSplit[0m
            [36m</Text>[39m
            [36m<Text>[39m
              [0mShared expenses, in one place[0m
            [36m</Text>[39m
            [36m<Text>[39m
              [0mCreate or join a household group, record shared expenses, and see balances.[0m
            [36m</Text>[39m
            [36m<View[39m
              [33maccessibilityLabel[39m=[32m"Sign out"[39m
              [33maccessible[39m=[32m{true}[39m
            [36m>[39m
              [36m<Text>[39m
                [0mSign out[0m
              [36m</Text>[39m
            [36m</View>[39m
            [36m<View>[39m
              [36m<View>[39m
                [36m<Text>[39m
                  [0mGroup total[0m
                [36m</Text>[39m
                [36m<Text>[39m
                  [0mEUR [0m
                  [0m60.50[0m
                [36m</Text>[39m
              [36m</View>[39m
              [36m<View>[39m
                [36m<Text>[39m
                  [0mRecorded[0m
                [36m</Text>[39m
                [36m<Text>[39m
                  [0m3[0m
                [36m</Text>[39m
              [36m</View>[39m
            [36m</View>[39m
          [36m</View>[39m
          [36m<View>[39m
            [36m<View>[39m
              [36m<View>[39m
                [36m<Text>[39m
                  [0mHousehold[0m
                [36m</Text>[39m
                [36m<Text>[39m
                  [0mInvite code: HOME123[0m
                [36m</Text>[39m
              [36m</View>[39m
            [36m</View>[39m
            [36m<View>[39m
              [36m<View[39m
                [33maccessibilityLabel[39m=[32m"Create group"[39m
                [33maccessible[39m=[32m{true}[39m
                [33mtestID[39m=[32m"open-create-group-button"[39m
              [36m>[39m
                [36m<Text>[39m
                  [0mCreate group[0m
                [36m</Text>[39m
              [36m</View>[39m
              [36m<View[39m
                [33maccessibilityLabel[39m=[32m"Join group"[39m
                [33maccessible[39m=[32m{true}[39m
                [33mtestID[39m=[32m"open-join-group-button"[39m
              [36m>[39m
                [36m<Text>[39m
                  [0mJoin group[0m
                [36m</Text>[39m
              [36m</View>[39m
              [36m<View[39m
                [33maccessibilityLabel[39m=[32m"Leave group"[39m
                [33maccessible[39m=[32m{true}[39m
                [33mtestID[39m=[32m"leave-group-button"[39m
              [36m>[39m
                [36m<Text>[39m
                  [0mLeave group[0m
                [36m</Text>[39m
              [36m</View>[39m
            [36m</View>[39m
          [36m</View>[39m
          [36m<View>[39m
            [36m<View>[39m
              [36m<View>[39m
                [36m<Text>[39m
                  [0mBalance breakdown[0m
                [36m</Text>[39m
                [36m<Text>[39m
                  [0m+ EUR 0.25.[0m
                [36m</Text>[39m
              [36m</View>[39m
            [36m</View>[39m
            [36m<View[39m
              [33mtestID[39m=[32m"balance-breakdown"[39m
            [36m>[39m
              [36m<View[39m
                [33mtestID[39m=[32m"debt-breakdown-list"[39m
              [36m>[39m
                [36m<Text>[39m
                  [0mYour debt breakdown[0m
                [36m</Text>[39m
                [36m<View>[39m
                  [36m<View>[39m
                    [36m<Text>[39m
                      [0mFor [0m
                      [0mTaxi[0m
                    [36m</Text>[39m
                    [36m<Text>[39m
                      [0mCovered by Person 2[0m
                    [36m</Text>[39m
                  [36m</View>[39m
                  [36m<Text>[39m
                    [0m- EUR 6.12[0m
                  [36m</Text>[39m
                [36m</View>[39m
                [36m<View>[39m
                  [36m<View>[39m
                    [36m<Text>[39m
                      [0mFor [0m
                      [0mTaxi[0m
                    [36m</Text>[39m
                    [36m<Text>[39m
                      [0mCovered by Person 2[0m
                    [36m</Text>[39m
                  [36m</View>[39m
                  [36m<Text>[39m
                    [0m- EUR 6.12[0m
                  [36m</Text>[39m
                [36m</View>[39m
                [36m<View>[39m
                  [36m<View>[39m
                    [36m<Text>[39m
                      [0mFor [0m
                      [0mGroceries[0m
                    [36m</Text>[39m
                    [36m<Text>[39m
                      [0mPaid by you[0m
                    [36m</Text>[39m
                  [36m</View>[39m
                  [36m<Text>[39m
                    [0m+ EUR 12.25[0m
                  [36m</Text>[39m
                [36m</View>[39m
              [36m</View>[39m
              [36m<View>[39m
                [36m<Text>[39m
                  [0mYou[0m
                [36m</Text>[39m
                [36m<Text>[39m
                  [0m+ EUR 0.25[0m
                [36m</Text>[39m
              [36m</View>[39m
              [36m<View>[39m
                [36m<Text>[39m
                  [0mPerson 2[0m
                [36m</Text>[39m
                [36m<Text>[39m
                  [0m+ EUR 11.75[0m
                [36m</Text>[39m
              [36m</View>[39m
              [36m<View>[39m
                [36m<Text>[39m
                  [0mPerson 3[0m
                [36m</Text>[39m
                [36m<Text>[39m
                  [0m- EUR 12.00[0m
                [36m</Text>[39m
              [36m</View>[39m
            [36m</View>[39m
            [36m<View>[39m
              [36m<Text>[39m
                [0mSuggested payments[0m
              [36m</Text>[39m
              [36m<Text>[39m
                [0mPerson 3[0m
                [0m pays [0m
                [0mPerson 1[0m
                [0m EUR [0m
                [0m0.25[0m
              [36m</Text>[39m
              [36m<Text>[39m
                [0mPerson 3[0m
                [0m pays [0m
                [0mPerson 2[0m
                [0m EUR [0m
                [0m11.75[0m
              [36m</Text>[39m
            [36m</View>[39m
          [36m</View>[39m
          [36m<View>[39m
            [36m<View>[39m
              [36m<View>[39m
                [36m<Text>[39m
                  [0mGroup expenses[0m
                [36m</Text>[39m
                [36m<Text>[39m
                  [0mLatest entries from the house.[0m
                [36m</Text>[39m
              [36m</View>[39m
              [36m<View[39m
                [33maccessibilityLabel[39m=[32m"Add expense"[39m
                [33maccessible[39m=[32m{true}[39m
                [33mtestID[39m=[32m"open-add-expense-button"[39m
              [36m>[39m
                [36m<Text>[39m
                  [0mAdd expense[0m
                [36m</Text>[39m
              [36m</View>[39m
            [36m</View>[39m
            [36m<View[39m
              [33mtestID[39m=[32m"expense-list"[39m
            [36m>[39m
              [36m<View>[39m
                [36m<View>[39m
                  [36m<Text>[39m
                    [0mTaxi[0m
                  [36m</Text>[39m
                  [36m<Text>[39m
                    [0mDate: [0m
                    [0m13/05/2026[0m
                  [36m</Text>[39m
                  [36m<Text>[39m
                    [0mPaid by [0m
                    [0mPerson 2[0m
                  [36m</Text>[39m
                  [36m<Text>[39m
                    [0mSplit: [0m
                    [0mPerson 1 34%, Person 2 33%, Person 3 33%[0m
                  [36m</Text>[39m
                [36m</View>[39m
                [36m<View>[39m
                  [36m<Text>[39m
                    [0mEUR [0m
                    [0m18.00[0m
                  [36m</Text>[39m
                  [36m<View[39m
                    [33maccessibilityLabel[39m=[32m"Edit Taxi"[39m
                    [33maccessible[39m=[32m{true}[39m
                    [33mtestID[39m=[32m"edit-expense-exp-1778632082762"[39m
                  [36m>[39m
                    [36m<Text>[39m
                      [0mEdit[0m
                    [36m</Text>[39m
                  [36m</View>[39m
                [36m</View>[39m
              [36m</View>[39m
              [36m<View>[39m
                [36m<View>[39m
                  [36m<Text>[39m
                    [0mTaxi[0m
                  [36m</Text>[39m
                  [36m<Text>[39m
                    [0mDate: [0m
                    [0m13/05/2026[0m
                  [36m</Text>[39m
                  [36m<Text>[39m
                    [0mPaid by [0m
                    [0mPerson 2[0m
                  [36m</Text>[39m
                  [36m<Text>[39m
                    [0mSplit: [0m
                    [0mPerson 1 34%, Person 2 33%, Person 3 33%[0m
                  [36m</Text>[39m
                [36m</View>[39m
                [36m<View>[39m
                  [36m<Text>[39m
                    [0mEUR [0m
                    [0m18.00[0m
                  [36m</Text>[39m
                  [36m<View[39m
                    [33maccessibilityLabel[39m=[32m"Edit Taxi"[39m
                    [33maccessible[39m=[32m{true}[39m
                    [33mtestID[39m=[32m"edit-expense-exp-1778632082762"[39m
                  [36m>[39m
                    [36m<Text>[39m
                      [0mEdit[0m
                    [36m</Text>[39m
                  [36m</View>[39m
                [36m</View>[39m
              [36m</View>[39m
              [36m<View>[39m
                [36m<View>[39m
                  [36m<Text>[39m
                    [0mGroceries[0m
                  [36m</Text>[39m
                  [36m<Text>[39m
                    [0mDate: [0m
                    [0m12/05/2026[0m
                  [36m</Text>[39m
                  [36m<Text>[39m
                    [0mPaid by [0m
                    [0mPerson 1[0m
                  [36m</Text>[39m
                  [36m<Text>[39m
                    [0mSplit: [0m
                    [0mPerson 1 50%, Person 2 50%[0m
                  [36m</Text>[39m
                [36m</View>[39m
                [36m<View>[39m
                  [36m<Text>[39m
                    [0mEUR [0m
                    [0m24.50[0m
                  [36m</Text>[39m
                  [36m<View[39m
                    [33maccessibilityLabel[39m=[32m"Edit Groceries"[39m
                    [33maccessible[39m=[32m{true}[39m
                    [33mtestID[39m=[32m"edit-expense-expense-1"[39m
                  [36m>[39m
                    [36m<Text>[39m
                      [0mEdit[0m
                    [36m</Text>[39m
                  [36m</View>[39m
                [36m</View>[39m
              [36m</View>[39m
            [36m</View>[39m
          [36m</View>[39m
          [36m<View>[39m
            [36m<View>[39m
              [36m<View>[39m
                [36m<Text>[39m
                  [0mGroup members[0m
                [36m</Text>[39m
                [36m<Text>[39m
                  [0mManage group members.[0m
                [36m</Text>[39m
              [36m</View>[39m
              [36m<View[39m
                [33maccessibilityLabel[39m=[32m"Manage members"[39m
                [33maccessible[39m=[32m{true}[39m
                [33mtestID[39m=[32m"toggle-members-button"[39m
              [36m>[39m
                [36m<Text>[39m
                  [0mShow members[0m
                [36m</Text>[39m
              [36m</View>[39m
            [36m</View>[39m
          [36m</View>[39m
        [36m</View>[39m
      [36m</RCTScrollView>[39m
    [36m</RCTSafeAreaView>[39m

    [0m [90m 26 |[39m   expect(getAllByText([32m"For Taxi"[39m)[33m.[39mlength)[33m.[39mtoBeGreaterThan([35m0[39m)[33m;[39m
     [90m 27 |[39m   expect(getAllByText([32m"Covered by Person 
2"[39m)[33m.[39mlength)[33m.[39mtoBeGreaterThan([35m0[39m)[33m;[39m
    [31m[1m>[22m[39m[90m 28 |[39m   expect(getAllByText([32m"- EUR 
9.00"[39m)[33m.[39mlength)[33m.[39mtoBeGreaterThan([35m0[39m)[33m;[39m
     [90m    |[39m          [31m[1m^[22m[39m
     [90m 29 |[39m   })[33m;[39m
     [90m 30 |[39m })[33m;[39m
     [90m 31 |[39m[0m

      at Object.getAllByText (__tests__/debt-breakdown.acceptance.test.tsx:28:10)

  console.warn
    SafeAreaView has been deprecated and will be removed in a future release. Please use 'react-native-safe-area-context' instead. See https://github.com/th3rdwave/react-native-safe-area-context

    [0m [90m 585 |[39m
     [90m 586 |[39m   [36mreturn[39m (
    [31m[1m>[22m[39m[90m 587 |[39m     [33m<[39m[33mSafeAreaView[39m style[33m=[39m{styles[33m.[39msafeArea}[33m>[39m
     [90m     |[39m      [31m[1m^[22m[39m
     [90m 588 |[39m       [33m<[39m[33mScrollView[39m contentContainerStyle[33m=[39m{styles[33m.[39mcontainer}[33m>[39m
     [90m 589 |[39m         [33m<[39m[33mView[39m style[33m=[39m{styles[33m.[39mheaderCard}[33m>[39m
     [90m 590 |[39m           [33m<[39m[33mText[39m style[33m=[39m{styles[33m.[39mkicker}[33m>[39m[33mSmartSplit[39m[33m<[39m[33m/[39m[33mText[39m[33m>[39m[0m

      at warn (node_modules/react-native/Libraries/Utilities/warnOnce.js:27:11)
      at Object.warnOnce [as SafeAreaView] (node_modules/react-native/index.js:92:5)
      at SafeAreaView (app/index.tsx:587:6)
      at Object.react-stack-bottom-frame (node_modules/react-test-renderer/cjs/react-test-renderer.development.js:13976:20)
      at renderWithHooks (node_modules/react-test-renderer/cjs/react-test-renderer.development.js:2866:22)
      at updateFunctionComponent (node_modules/react-test-renderer/cjs/react-test-renderer.development.js:6006:19)
      at beginWork (node_modules/react-test-renderer/cjs/react-test-renderer.development.js:7474:18)
      at runWithFiberInDEV (node_modules/react-test-renderer/cjs/react-test-renderer.development.js:1574:13)
      at performUnitOfWork (node_modules/react-test-renderer/cjs/react-test-renderer.development.js:10972:22)
      at workLoopSync (node_modules/react-test-renderer/cjs/react-test-renderer.development.js:10816:41)
      at renderRootSync (node_modules/react-test-renderer/cjs/react-test-renderer.development.js:10797:11)
      at performWorkOnRoot (node_modules/react-test-renderer/cjs/react-test-renderer.development.js:10349:13)
      at performWorkOnRootViaSchedulerTask (node_modules/react-test-renderer/cjs/react-test-renderer.development.js:2094:7)
      at flushActQueue (node_modules/react/cjs/react.development.js:566:34)
      at Object.<anonymous>.process.env.NODE_ENV.exports.act (node_modules/react/cjs/react.development.js:859:10)
      at actImplementation (node_modules/@testing-library/react-native/src/act.ts:30:25)
      at renderWithAct (node_modules/@testing-library/react-native/src/render-act.ts:13:11)
      at renderInternal (node_modules/@testing-library/react-native/src/render.tsx:69:33)
      at renderInternal (node_modules/@testing-library/react-native/src/render.tsx:44:10)
      at Object.<anonymous> (__tests__/expense-participants.acceptance.test.tsx:7:81)

  console.error
    Encountered two children with the same key, `exp-1778632083820`. Keys should be unique so that components maintain their identity across updates. Non-unique keys may cause children to be duplicated and/or omitted ÔÇö the behavior is unsupported and could change in a future version.

    [0m [90m 17 |[39m     fireEvent[33m.[39mchangeText(getByTestId([32m"participant-weight-Person 1"[39m)[33m,[39m [32m"75"[39m)[33m;[39m
     [90m 18 |[39m     fireEvent[33m.[39mchangeText(getByTestId([32m"participant-weight-Person 3"[39m)[33m,[39m [32m"25"[39m)[33m;[39m
    [31m[1m>[22m[39m[90m 19 |[39m     fireEvent[33m.[39mpress(getByTestId([32m"save-expense-button"[39m))[33m;[39m
     [90m    |[39m               [31m[1m^[22m[39m
     [90m 20 |[39m
     [90m 21 |[39m     [90m// Then the saved split names the selected participants and omits the removed one[39m
     [90m 22 |[39m     expect(getByText([32m"Museum tickets"[39m))[33m.[39mtoBeTruthy()[33m;[39m[0m

      at node_modules/react-test-renderer/cjs/react-test-renderer.development.js:4741:23
      at runWithFiberInDEV (node_modules/react-test-renderer/cjs/react-test-renderer.development.js:1574:13)
      at warnOnInvalidKey (node_modules/react-test-renderer/cjs/react-test-renderer.development.js:4740:13)
      at reconcileChildrenArray (node_modules/react-test-renderer/cjs/react-test-renderer.development.js:4837:29)
      at reconcileChildFibersImpl (node_modules/react-test-renderer/cjs/react-test-renderer.development.js:5122:30)
      at node_modules/react-test-renderer/cjs/react-test-renderer.development.js:5227:33
      at reconcileChildren (node_modules/react-test-renderer/cjs/react-test-renderer.development.js:5736:13)
      at beginWork (node_modules/react-test-renderer/cjs/react-test-renderer.development.js:7595:13)
      at runWithFiberInDEV (node_modules/react-test-renderer/cjs/react-test-renderer.development.js:1574:13)
      at performUnitOfWork (node_modules/react-test-renderer/cjs/react-test-renderer.development.js:10972:22)
      at workLoopSync (node_modules/react-test-renderer/cjs/react-test-renderer.development.js:10816:41)
      at renderRootSync (node_modules/react-test-renderer/cjs/react-test-renderer.development.js:10797:11)
      at performWorkOnRoot (node_modules/react-test-renderer/cjs/react-test-renderer.development.js:10349:13)
      at performWorkOnRootViaSchedulerTask (node_modules/react-test-renderer/cjs/react-test-renderer.development.js:2094:7)
      at flushActQueue (node_modules/react/cjs/react.development.js:566:34)
      at Object.<anonymous>.process.env.NODE_ENV.exports.act (node_modules/react/cjs/react.development.js:859:10)
      at actImplementation (node_modules/@testing-library/react-native/src/act.ts:30:25)
      at fireEvent (node_modules/@testing-library/react-native/src/fire-event.ts:122:11)
      at fireEvent [as press] (node_modules/@testing-library/react-native/src/fire-event.ts:130:3)
      at Object.press (__tests__/expense-participants.acceptance.test.tsx:19:15)

  console.error
    Encountered two children with the same key, `exp-1778632083820`. Keys should be unique so that components maintain their identity across updates. Non-unique keys may cause children to be duplicated and/or omitted ÔÇö the behavior is unsupported and could change in a future version.

    [0m [90m 17 |[39m     fireEvent[33m.[39mchangeText(getByTestId([32m"participant-weight-Person 1"[39m)[33m,[39m [32m"75"[39m)[33m;[39m
     [90m 18 |[39m     fireEvent[33m.[39mchangeText(getByTestId([32m"participant-weight-Person 3"[39m)[33m,[39m [32m"25"[39m)[33m;[39m
    [31m[1m>[22m[39m[90m 19 |[39m     fireEvent[33m.[39mpress(getByTestId([32m"save-expense-button"[39m))[33m;[39m
     [90m    |[39m               [31m[1m^[22m[39m
     [90m 20 |[39m
     [90m 21 |[39m     [90m// Then the saved split names the selected participants and omits the removed one[39m
     [90m 22 |[39m     expect(getByText([32m"Museum tickets"[39m))[33m.[39mtoBeTruthy()[33m;[39m[0m

      at node_modules/react-test-renderer/cjs/react-test-renderer.development.js:4741:23
      at runWithFiberInDEV (node_modules/react-test-renderer/cjs/react-test-renderer.development.js:1574:13)
      at warnOnInvalidKey (node_modules/react-test-renderer/cjs/react-test-renderer.development.js:4740:13)
      at reconcileChildrenArray (node_modules/react-test-renderer/cjs/react-test-renderer.development.js:4837:29)
      at reconcileChildFibersImpl (node_modules/react-test-renderer/cjs/react-test-renderer.development.js:5122:30)
      at node_modules/react-test-renderer/cjs/react-test-renderer.development.js:5227:33
      at reconcileChildren (node_modules/react-test-renderer/cjs/react-test-renderer.development.js:5736:13)
      at beginWork (node_modules/react-test-renderer/cjs/react-test-renderer.development.js:7551:13)
      at runWithFiberInDEV (node_modules/react-test-renderer/cjs/react-test-renderer.development.js:1574:13)
      at performUnitOfWork (node_modules/react-test-renderer/cjs/react-test-renderer.development.js:10972:22)
      at workLoopSync (node_modules/react-test-renderer/cjs/react-test-renderer.development.js:10816:41)
      at renderRootSync (node_modules/react-test-renderer/cjs/react-test-renderer.development.js:10797:11)
      at performWorkOnRoot (node_modules/react-test-renderer/cjs/react-test-renderer.development.js:10349:13)
      at performWorkOnRootViaSchedulerTask (node_modules/react-test-renderer/cjs/react-test-renderer.development.js:2094:7)
      at flushActQueue (node_modules/react/cjs/react.development.js:566:34)
      at Object.<anonymous>.process.env.NODE_ENV.exports.act (node_modules/react/cjs/react.development.js:859:10)
      at actImplementation (node_modules/@testing-library/react-native/src/act.ts:30:25)
      at fireEvent (node_modules/@testing-library/react-native/src/fire-event.ts:122:11)
      at fireEvent [as press] (node_modules/@testing-library/react-native/src/fire-event.ts:130:3)
      at Object.press (__tests__/expense-participants.acceptance.test.tsx:19:15)

  console.error
    An update to Index inside a test was not wrapped in act(...).
    
    When testing, code that causes React state updates should be wrapped into act(...):
    
    act(() => {
      /* fire events that update state */
    });
    /* assert on the output */
    
    This ensures that you're testing the behavior the user would see in the browser. Learn more at https://react.dev/link/wrap-tests-with-act

    [0m [90m 144 |[39m       }
     [90m 145 |[39m
    [31m[1m>[22m[39m[90m 146 |[39m       setGroups(remoteGroups)[33m;[39m
     [90m     |[39m       [31m[1m^[22m[39m
     [90m 147 |[39m
     [90m 148 |[39m       [36mconst[39m nextActiveGroup [33m=[39m
     [90m 149 |[39m         remoteGroups[33m.[39mfind((group) [33m=>[39m group[33m.[39mid [33m===[39m preferredGroupId) [33m||[39m[0m

      at node_modules/react-test-renderer/cjs/react-test-renderer.development.js:11801:19
      at runWithFiberInDEV (node_modules/react-test-renderer/cjs/react-test-renderer.development.js:1574:13)
      at warnIfUpdatesNotWrappedWithActDEV (node_modules/react-test-renderer/cjs/react-test-renderer.development.js:11800:9)
      at scheduleUpdateOnFiber (node_modules/react-test-renderer/cjs/react-test-renderer.development.js:10326:9)
      at dispatchSetStateInternal (node_modules/react-test-renderer/cjs/react-test-renderer.development.js:4148:13)
      at dispatchSetState (node_modules/react-test-renderer/cjs/react-test-renderer.development.js:4107:7)
      at setGroups (app/index.tsx:146:7)
      at asyncGeneratorStep (node_modules/@babel/runtime/helpers/asyncToGenerator.js:3:17)
      at _next (node_modules/@babel/runtime/helpers/asyncToGenerator.js:17:9)

  console.error
    An update to Index inside a test was not wrapped in act(...).
    
    When testing, code that causes React state updates should be wrapped into act(...):
    
    act(() => {
      /* fire events that update state */
    });
    /* assert on the output */
    
    This ensures that you're testing the behavior the user would see in the browser. Learn more at https://react.dev/link/wrap-tests-with-act

    [0m [90m 152 |[39m         [36mnull[39m[33m;[39m
     [90m 153 |[39m
    [31m[1m>[22m[39m[90m 154 |[39m       setActiveGroupId(nextActiveGroup [33m?[39m nextActiveGroup[33m.[39mid [33m:[39m [36mnull[39m)[33m;[39m
     [90m     |[39m       [31m[1m^[22m[39m
     [90m 155 |[39m       setExpenses(nextActiveGroup[33m?[39m[33m.[39mexpenses [33m||[39m [])[33m;[39m
     [90m 156 |[39m       setParticipants(buildDefaultParticipants(nextActiveGroup[33m?[39m[33m.[39mmembers[33m.[39mmap((member) [33m=>[39m member[33m.[39mname) [33m||[39m []))[33m;[39m
     [90m 157 |[39m     }[0m

      at node_modules/react-test-renderer/cjs/react-test-renderer.development.js:11801:19
      at runWithFiberInDEV (node_modules/react-test-renderer/cjs/react-test-renderer.development.js:1574:13)
      at warnIfUpdatesNotWrappedWithActDEV (node_modules/react-test-renderer/cjs/react-test-renderer.development.js:11800:9)
      at scheduleUpdateOnFiber (node_modules/react-test-renderer/cjs/react-test-renderer.development.js:10326:9)
      at dispatchSetStateInternal (node_modules/react-test-renderer/cjs/react-test-renderer.development.js:4148:13)
      at dispatchSetState (node_modules/react-test-renderer/cjs/react-test-renderer.development.js:4107:7)
      at setActiveGroupId (app/index.tsx:154:7)
      at asyncGeneratorStep (node_modules/@babel/runtime/helpers/asyncToGenerator.js:3:17)
      at _next (node_modules/@babel/runtime/helpers/asyncToGenerator.js:17:9)

  console.error
    An update to Index inside a test was not wrapped in act(...).
    
    When testing, code that causes React state updates should be wrapped into act(...):
    
    act(() => {
      /* fire events that update state */
    });
    /* assert on the output */
    
    This ensures that you're testing the behavior the user would see in the browser. Learn more at https://react.dev/link/wrap-tests-with-act

    [0m [90m 153 |[39m
     [90m 154 |[39m       setActiveGroupId(nextActiveGroup [33m?[39m nextActiveGroup[33m.[39mid [33m:[39m [36mnull[39m)[33m;[39m
    [31m[1m>[22m[39m[90m 155 |[39m       setExpenses(nextActiveGroup[33m?[39m[33m.[39mexpenses [33m||[39m [])[33m;[39m
     [90m     |[39m       [31m[1m^[22m[39m
     [90m 156 |[39m       setParticipants(buildDefaultParticipants(nextActiveGroup[33m?[39m[33m.[39mmembers[33m.[39mmap((member) [33m=>[39m member[33m.[39mname) [33m||[39m []))[33m;[39m
     [90m 157 |[39m     }
     [90m 158 |[39m[0m

      at node_modules/react-test-renderer/cjs/react-test-renderer.development.js:11801:19
      at runWithFiberInDEV (node_modules/react-test-renderer/cjs/react-test-renderer.development.js:1574:13)
      at warnIfUpdatesNotWrappedWithActDEV (node_modules/react-test-renderer/cjs/react-test-renderer.development.js:11800:9)
      at scheduleUpdateOnFiber (node_modules/react-test-renderer/cjs/react-test-renderer.development.js:10326:9)
      at dispatchSetStateInternal (node_modules/react-test-renderer/cjs/react-test-renderer.development.js:4148:13)
      at dispatchSetState (node_modules/react-test-renderer/cjs/react-test-renderer.development.js:4107:7)
      at setExpenses (app/index.tsx:155:7)
      at asyncGeneratorStep (node_modules/@babel/runtime/helpers/asyncToGenerator.js:3:17)
      at _next (node_modules/@babel/runtime/helpers/asyncToGenerator.js:17:9)

  console.error
    An update to Index inside a test was not wrapped in act(...).
    
    When testing, code that causes React state updates should be wrapped into act(...):
    
    act(() => {
      /* fire events that update state */
    });
    /* assert on the output */
    
    This ensures that you're testing the behavior the user would see in the browser. Learn more at https://react.dev/link/wrap-tests-with-act

    [0m [90m 154 |[39m       setActiveGroupId(nextActiveGroup [33m?[39m nextActiveGroup[33m.[39mid [33m:[39m [36mnull[39m)[33m;[39m
     [90m 155 |[39m       setExpenses(nextActiveGroup[33m?[39m[33m.[39mexpenses [33m||[39m [])[33m;[39m
    [31m[1m>[22m[39m[90m 156 |[39m       setParticipants(buildDefaultParticipants(nextActiveGroup[33m?[39m[33m.[39mmembers[33m.[39mmap((member) [33m=>[39m member[33m.[39mname) [33m||[39m []))[33m;[39m
     [90m     |[39m       [31m[1m^[22m[39m
     [90m 157 |[39m     }
     [90m 158 |[39m
     [90m 159 |[39m     [36mvoid[39m refreshGroups()[33m;[39m[0m

      at node_modules/react-test-renderer/cjs/react-test-renderer.development.js:11801:19
      at runWithFiberInDEV (node_modules/react-test-renderer/cjs/react-test-renderer.development.js:1574:13)
      at warnIfUpdatesNotWrappedWithActDEV (node_modules/react-test-renderer/cjs/react-test-renderer.development.js:11800:9)
      at scheduleUpdateOnFiber (node_modules/react-test-renderer/cjs/react-test-renderer.development.js:10326:9)
      at dispatchSetStateInternal (node_modules/react-test-renderer/cjs/react-test-renderer.development.js:4148:13)
      at dispatchSetState (node_modules/react-test-renderer/cjs/react-test-renderer.development.js:4107:7)
      at setParticipants (app/index.tsx:156:7)
      at asyncGeneratorStep (node_modules/@babel/runtime/helpers/asyncToGenerator.js:3:17)
      at _next (node_modules/@babel/runtime/helpers/asyncToGenerator.js:17:9)

  console.error
    An update to Index inside a test was not wrapped in act(...).
    
    When testing, code that causes React state updates should be wrapped into act(...):
    
    act(() => {
      /* fire events that update state */
    });
    /* assert on the output */
    
    This ensures that you're testing the behavior the user would see in the browser. Learn more at https://react.dev/link/wrap-tests-with-act

    [0m [90m 343 |[39m
     [90m 344 |[39m     [36mconst[39m refreshedGroups [33m=[39m [36mawait[39m loadAccessibleGroups(currentUser[33m.[39muid)[33m;[39m
    [31m[1m>[22m[39m[90m 345 |[39m     setGroups(refreshedGroups)[33m;[39m
     [90m     |[39m     [31m[1m^[22m[39m
     [90m 346 |[39m
     [90m 347 |[39m     [36mconst[39m nextActiveGroup [33m=[39m
     [90m 348 |[39m       refreshedGroups[33m.[39mfind((group) [33m=>[39m group[33m.[39mid [33m===[39m preferredGroupId) [33m||[39m[0m

      at node_modules/react-test-renderer/cjs/react-test-renderer.development.js:11801:19
      at runWithFiberInDEV (node_modules/react-test-renderer/cjs/react-test-renderer.development.js:1574:13)
      at warnIfUpdatesNotWrappedWithActDEV (node_modules/react-test-renderer/cjs/react-test-renderer.development.js:11800:9)
      at scheduleUpdateOnFiber (node_modules/react-test-renderer/cjs/react-test-renderer.development.js:10326:9)
      at dispatchSetStateInternal (node_modules/react-test-renderer/cjs/react-test-renderer.development.js:4148:13)
      at dispatchSetState (node_modules/react-test-renderer/cjs/react-test-renderer.development.js:4107:7)
      at setGroups (app/index.tsx:345:5)
      at asyncGeneratorStep (node_modules/@babel/runtime/helpers/asyncToGenerator.js:3:17)
      at _next (node_modules/@babel/runtime/helpers/asyncToGenerator.js:17:9)

  console.error
    An update to Index inside a test was not wrapped in act(...).
    
    When testing, code that causes React state updates should be wrapped into act(...):
    
    act(() => {
      /* fire events that update state */
    });
    /* assert on the output */
    
    This ensures that you're testing the behavior the user would see in the browser. Learn more at https://react.dev/link/wrap-tests-with-act

    [0m [90m 351 |[39m       [36mnull[39m[33m;[39m
     [90m 352 |[39m
    [31m[1m>[22m[39m[90m 353 |[39m     setActiveGroupId(nextActiveGroup [33m?[39m nextActiveGroup[33m.[39mid [33m:[39m [36mnull[39m)[33m;[39m
     [90m     |[39m     [31m[1m^[22m[39m
     [90m 354 |[39m     setExpenses(nextActiveGroup[33m?[39m[33m.[39mexpenses [33m||[39m [])[33m;[39m
     [90m 355 |[39m     setParticipants(buildDefaultParticipants(nextActiveGroup[33m?[39m[33m.[39mmembers[33m.[39mmap((member) [33m=>[39m member[33m.[39mname) [33m||[39m []))[33m;[39m
     [90m 356 |[39m   }[0m

      at node_modules/react-test-renderer/cjs/react-test-renderer.development.js:11801:19
      at runWithFiberInDEV (node_modules/react-test-renderer/cjs/react-test-renderer.development.js:1574:13)
      at warnIfUpdatesNotWrappedWithActDEV (node_modules/react-test-renderer/cjs/react-test-renderer.development.js:11800:9)
      at scheduleUpdateOnFiber (node_modules/react-test-renderer/cjs/react-test-renderer.development.js:10326:9)
      at dispatchSetStateInternal (node_modules/react-test-renderer/cjs/react-test-renderer.development.js:4148:13)
      at dispatchSetState (node_modules/react-test-renderer/cjs/react-test-renderer.development.js:4107:7)
      at setActiveGroupId (app/index.tsx:353:5)
      at asyncGeneratorStep (node_modules/@babel/runtime/helpers/asyncToGenerator.js:3:17)
      at _next (node_modules/@babel/runtime/helpers/asyncToGenerator.js:17:9)

  console.error
    An update to Index inside a test was not wrapped in act(...).
    
    When testing, code that causes React state updates should be wrapped into act(...):
    
    act(() => {
      /* fire events that update state */
    });
    /* assert on the output */
    
    This ensures that you're testing the behavior the user would see in the browser. Learn more at https://react.dev/link/wrap-tests-with-act

    [0m [90m 352 |[39m
     [90m 353 |[39m     setActiveGroupId(nextActiveGroup [33m?[39m nextActiveGroup[33m.[39mid [33m:[39m [36mnull[39m)[33m;[39m
    [31m[1m>[22m[39m[90m 354 |[39m     setExpenses(nextActiveGroup[33m?[39m[33m.[39mexpenses [33m||[39m [])[33m;[39m
     [90m     |[39m     [31m[1m^[22m[39m
     [90m 355 |[39m     setParticipants(buildDefaultParticipants(nextActiveGroup[33m?[39m[33m.[39mmembers[33m.[39mmap((member) [33m=>[39m member[33m.[39mname) [33m||[39m []))[33m;[39m
     [90m 356 |[39m   }
     [90m 357 |[39m[0m

      at node_modules/react-test-renderer/cjs/react-test-renderer.development.js:11801:19
      at runWithFiberInDEV (node_modules/react-test-renderer/cjs/react-test-renderer.development.js:1574:13)
      at warnIfUpdatesNotWrappedWithActDEV (node_modules/react-test-renderer/cjs/react-test-renderer.development.js:11800:9)
      at scheduleUpdateOnFiber (node_modules/react-test-renderer/cjs/react-test-renderer.development.js:10326:9)
      at dispatchSetStateInternal (node_modules/react-test-renderer/cjs/react-test-renderer.development.js:4148:13)
      at dispatchSetState (node_modules/react-test-renderer/cjs/react-test-renderer.development.js:4107:7)
      at setExpenses (app/index.tsx:354:5)
      at asyncGeneratorStep (node_modules/@babel/runtime/helpers/asyncToGenerator.js:3:17)
      at _next (node_modules/@babel/runtime/helpers/asyncToGenerator.js:17:9)

  console.error
    An update to Index inside a test was not wrapped in act(...).
    
    When testing, code that causes React state updates should be wrapped into act(...):
    
    act(() => {
      /* fire events that update state */
    });
    /* assert on the output */
    
    This ensures that you're testing the behavior the user would see in the browser. Learn more at https://react.dev/link/wrap-tests-with-act

    [0m [90m 353 |[39m     setActiveGroupId(nextActiveGroup [33m?[39m nextActiveGroup[33m.[39mid [33m:[39m [36mnull[39m)[33m;[39m
     [90m 354 |[39m     setExpenses(nextActiveGroup[33m?[39m[33m.[39mexpenses [33m||[39m [])[33m;[39m
    [31m[1m>[22m[39m[90m 355 |[39m     setParticipants(buildDefaultParticipants(nextActiveGroup[33m?[39m[33m.[39mmembers[33m.[39mmap((member) [33m=>[39m member[33m.[39mname) [33m||[39m []))[33m;[39m
     [90m     |[39m     [31m[1m^[22m[39m
     [90m 356 |[39m   }
     [90m 357 |[39m
     [90m 358 |[39m   [36masync[39m [36mfunction[39m handleCreateGroup() {[0m

      at node_modules/react-test-renderer/cjs/react-test-renderer.development.js:11801:19
      at runWithFiberInDEV (node_modules/react-test-renderer/cjs/react-test-renderer.development.js:1574:13)
      at warnIfUpdatesNotWrappedWithActDEV (node_modules/react-test-renderer/cjs/react-test-renderer.development.js:11800:9)
      at scheduleUpdateOnFiber (node_modules/react-test-renderer/cjs/react-test-renderer.development.js:10326:9)
      at dispatchSetStateInternal (node_modules/react-test-renderer/cjs/react-test-renderer.development.js:4148:13)
      at dispatchSetState (node_modules/react-test-renderer/cjs/react-test-renderer.development.js:4107:7)
      at setParticipants (app/index.tsx:355:5)
      at asyncGeneratorStep (node_modules/@babel/runtime/helpers/asyncToGenerator.js:3:17)
      at _next (node_modules/@babel/runtime/helpers/asyncToGenerator.js:17:9)

  console.error
    An update to Index inside a test was not wrapped in act(...).
    
    When testing, code that causes React state updates should be wrapped into act(...):
    
    act(() => {
      /* fire events that update state */
    });
    /* assert on the output */
    
    This ensures that you're testing the behavior the user would see in the browser. Learn more at https://react.dev/link/wrap-tests-with-act

    [0m [90m 144 |[39m       }
     [90m 145 |[39m
    [31m[1m>[22m[39m[90m 146 |[39m       setGroups(remoteGroups)[33m;[39m
     [90m     |[39m       [31m[1m^[22m[39m
     [90m 147 |[39m
     [90m 148 |[39m       [36mconst[39m nextActiveGroup [33m=[39m
     [90m 149 |[39m         remoteGroups[33m.[39mfind((group) [33m=>[39m group[33m.[39mid [33m===[39m preferredGroupId) [33m||[39m[0m

      at node_modules/react-test-renderer/cjs/react-test-renderer.development.js:11801:19
      at runWithFiberInDEV (node_modules/react-test-renderer/cjs/react-test-renderer.development.js:1574:13)
      at warnIfUpdatesNotWrappedWithActDEV (node_modules/react-test-renderer/cjs/react-test-renderer.development.js:11800:9)
      at scheduleUpdateOnFiber (node_modules/react-test-renderer/cjs/react-test-renderer.development.js:10326:9)
      at dispatchSetStateInternal (node_modules/react-test-renderer/cjs/react-test-renderer.development.js:4148:13)
      at dispatchSetState (node_modules/react-test-renderer/cjs/react-test-renderer.development.js:4107:7)
      at setGroups (app/index.tsx:146:7)
      at asyncGeneratorStep (node_modules/@babel/runtime/helpers/asyncToGenerator.js:3:17)
      at _next (node_modules/@babel/runtime/helpers/asyncToGenerator.js:17:9)

  console.error
    An update to Index inside a test was not wrapped in act(...).
    
    When testing, code that causes React state updates should be wrapped into act(...):
    
    act(() => {
      /* fire events that update state */
    });
    /* assert on the output */
    
    This ensures that you're testing the behavior the user would see in the browser. Learn more at https://react.dev/link/wrap-tests-with-act

    [0m [90m 152 |[39m         [36mnull[39m[33m;[39m
     [90m 153 |[39m
    [31m[1m>[22m[39m[90m 154 |[39m       setActiveGroupId(nextActiveGroup [33m?[39m nextActiveGroup[33m.[39mid [33m:[39m [36mnull[39m)[33m;[39m
     [90m     |[39m       [31m[1m^[22m[39m
     [90m 155 |[39m       setExpenses(nextActiveGroup[33m?[39m[33m.[39mexpenses [33m||[39m [])[33m;[39m
     [90m 156 |[39m       setParticipants(buildDefaultParticipants(nextActiveGroup[33m?[39m[33m.[39mmembers[33m.[39mmap((member) [33m=>[39m member[33m.[39mname) [33m||[39m []))[33m;[39m
     [90m 157 |[39m     }[0m

      at node_modules/react-test-renderer/cjs/react-test-renderer.development.js:11801:19
      at runWithFiberInDEV (node_modules/react-test-renderer/cjs/react-test-renderer.development.js:1574:13)
      at warnIfUpdatesNotWrappedWithActDEV (node_modules/react-test-renderer/cjs/react-test-renderer.development.js:11800:9)
      at scheduleUpdateOnFiber (node_modules/react-test-renderer/cjs/react-test-renderer.development.js:10326:9)
      at dispatchSetStateInternal (node_modules/react-test-renderer/cjs/react-test-renderer.development.js:4148:13)
      at dispatchSetState (node_modules/react-test-renderer/cjs/react-test-renderer.development.js:4107:7)
      at setActiveGroupId (app/index.tsx:154:7)
      at asyncGeneratorStep (node_modules/@babel/runtime/helpers/asyncToGenerator.js:3:17)
      at _next (node_modules/@babel/runtime/helpers/asyncToGenerator.js:17:9)

  console.error
    An update to Index inside a test was not wrapped in act(...).
    
    When testing, code that causes React state updates should be wrapped into act(...):
    
    act(() => {
      /* fire events that update state */
    });
    /* assert on the output */
    
    This ensures that you're testing the behavior the user would see in the browser. Learn more at https://react.dev/link/wrap-tests-with-act

    [0m [90m 153 |[39m
     [90m 154 |[39m       setActiveGroupId(nextActiveGroup [33m?[39m nextActiveGroup[33m.[39mid [33m:[39m [36mnull[39m)[33m;[39m
    [31m[1m>[22m[39m[90m 155 |[39m       setExpenses(nextActiveGroup[33m?[39m[33m.[39mexpenses [33m||[39m [])[33m;[39m
     [90m     |[39m       [31m[1m^[22m[39m
     [90m 156 |[39m       setParticipants(buildDefaultParticipants(nextActiveGroup[33m?[39m[33m.[39mmembers[33m.[39mmap((member) [33m=>[39m member[33m.[39mname) [33m||[39m []))[33m;[39m
     [90m 157 |[39m     }
     [90m 158 |[39m[0m

      at node_modules/react-test-renderer/cjs/react-test-renderer.development.js:11801:19
      at runWithFiberInDEV (node_modules/react-test-renderer/cjs/react-test-renderer.development.js:1574:13)
      at warnIfUpdatesNotWrappedWithActDEV (node_modules/react-test-renderer/cjs/react-test-renderer.development.js:11800:9)
      at scheduleUpdateOnFiber (node_modules/react-test-renderer/cjs/react-test-renderer.development.js:10326:9)
      at dispatchSetStateInternal (node_modules/react-test-renderer/cjs/react-test-renderer.development.js:4148:13)
      at dispatchSetState (node_modules/react-test-renderer/cjs/react-test-renderer.development.js:4107:7)
      at setExpenses (app/index.tsx:155:7)
      at asyncGeneratorStep (node_modules/@babel/runtime/helpers/asyncToGenerator.js:3:17)
      at _next (node_modules/@babel/runtime/helpers/asyncToGenerator.js:17:9)

  console.error
    An update to Index inside a test was not wrapped in act(...).
    
    When testing, code that causes React state updates should be wrapped into act(...):
    
    act(() => {
      /* fire events that update state */
    });
    /* assert on the output */
    
    This ensures that you're testing the behavior the user would see in the browser. Learn more at https://react.dev/link/wrap-tests-with-act

    [0m [90m 154 |[39m       setActiveGroupId(nextActiveGroup [33m?[39m nextActiveGroup[33m.[39mid [33m:[39m [36mnull[39m)[33m;[39m
     [90m 155 |[39m       setExpenses(nextActiveGroup[33m?[39m[33m.[39mexpenses [33m||[39m [])[33m;[39m
    [31m[1m>[22m[39m[90m 156 |[39m       setParticipants(buildDefaultParticipants(nextActiveGroup[33m?[39m[33m.[39mmembers[33m.[39mmap((member) [33m=>[39m member[33m.[39mname) [33m||[39m []))[33m;[39m
     [90m     |[39m       [31m[1m^[22m[39m
     [90m 157 |[39m     }
     [90m 158 |[39m
     [90m 159 |[39m     [36mvoid[39m refreshGroups()[33m;[39m[0m

      at node_modules/react-test-renderer/cjs/react-test-renderer.development.js:11801:19
      at runWithFiberInDEV (node_modules/react-test-renderer/cjs/react-test-renderer.development.js:1574:13)
      at warnIfUpdatesNotWrappedWithActDEV (node_modules/react-test-renderer/cjs/react-test-renderer.development.js:11800:9)
      at scheduleUpdateOnFiber (node_modules/react-test-renderer/cjs/react-test-renderer.development.js:10326:9)
      at dispatchSetStateInternal (node_modules/react-test-renderer/cjs/react-test-renderer.development.js:4148:13)
      at dispatchSetState (node_modules/react-test-renderer/cjs/react-test-renderer.development.js:4107:7)
      at setParticipants (app/index.tsx:156:7)
      at asyncGeneratorStep (node_modules/@babel/runtime/helpers/asyncToGenerator.js:3:17)
      at _next (node_modules/@babel/runtime/helpers/asyncToGenerator.js:17:9)

FAIL __tests__/expense-participants.acceptance.test.tsx
  Feature: Choose expense participants
    ├ù Scenario: Given the user is adding an expense, When they choose participants and split percentages, Then the saved expense shows 
only the selected participants and their final percentage split (362 ms)
    ├ù Scenario: Given the user is adding an expense, When selected participant percentages do not total 100, Then the form reports the 
invalid total and keeps the user in the participant split flow (210 ms)

  ÔùÅ Feature: Choose expense participants ÔÇ║ Scenario: Given the user is adding an expense, When they choose participants and split 
percentages, Then the saved expense shows only the selected participants and their final percentage split

    Found multiple elements with text: Museum tickets

    [0m [90m 20 |[39m
     [90m 21 |[39m     [90m// Then the saved split names the selected participants and omits the removed one[39m
    [31m[1m>[22m[39m[90m 22 |[39m     expect(getByText([32m"Museum tickets"[39m))[33m.[39mtoBeTruthy()[33m;[39m
     [90m    |[39m            [31m[1m^[22m[39m
     [90m 23 |[39m     expect(getByText([32m"Split: Person 1 75%, Person 3 25%"[39m))[33m.[39mtoBeTruthy()[33m;[39m
     [90m 24 |[39m     expect(queryByText([32m"Split: Person 1 75%, Person 2 50%"[39m))[33m.[39mtoBeNull()[33m;[39m
     [90m 25 |[39m   })[33m;[39m[0m

      at Object.getByText (__tests__/expense-participants.acceptance.test.tsx:22:12)

  ÔùÅ Feature: Choose expense participants ÔÇ║ Scenario: Given the user is adding an expense, When selected participant percentages do 
not total 100, Then the form reports the invalid total and keeps the user in the participant split flow

    expect(received).toContain(expected) // indexOf

    Expected substring: "90"
    Received string:    "123,%"

    [0m [90m 40 |[39m     [90m// Then the user sees why the split cannot be saved yet[39m
     [90m 41 |[39m     expect(getByText([32m"Participant percentages must total 100%."[39m))[33m.[39mtoBeTruthy()[33m;[39m
    [31m[1m>[22m[39m[90m 42 |[39m     expect([33mString[39m(getByTestId([32m"participants-total"[39m)[33m.[39mprops[33m.[39m
children))[33m.[39mtoContain([32m"90"[39m)[33m;[39m
     [90m    |[39m                                                                      [31m[1m^[22m[39m
     [90m 43 |[39m   })[33m;[39m
     [90m 44 |[39m })[33m;[39m
     [90m 45 |[39m[0m

      at Object.toContain (__tests__/expense-participants.acceptance.test.tsx:42:70)

  console.warn
    SafeAreaView has been deprecated and will be removed in a future release. Please use 'react-native-safe-area-context' instead. See https://github.com/th3rdwave/react-native-safe-area-context

    [0m [90m 585 |[39m
     [90m 586 |[39m   [36mreturn[39m (
    [31m[1m>[22m[39m[90m 587 |[39m     [33m<[39m[33mSafeAreaView[39m style[33m=[39m{styles[33m.[39msafeArea}[33m>[39m
     [90m     |[39m      [31m[1m^[22m[39m
     [90m 588 |[39m       [33m<[39m[33mScrollView[39m contentContainerStyle[33m=[39m{styles[33m.[39mcontainer}[33m>[39m
     [90m 589 |[39m         [33m<[39m[33mView[39m style[33m=[39m{styles[33m.[39mheaderCard}[33m>[39m
     [90m 590 |[39m           [33m<[39m[33mText[39m style[33m=[39m{styles[33m.[39mkicker}[33m>[39m[33mSmartSplit[39m[33m<[39m[33m/[39m[33mText[39m[33m>[39m[0m

      at warn (node_modules/react-native/Libraries/Utilities/warnOnce.js:27:11)
      at Object.warnOnce [as SafeAreaView] (node_modules/react-native/index.js:92:5)
      at SafeAreaView (app/index.tsx:587:6)
      at Object.react-stack-bottom-frame (node_modules/react-test-renderer/cjs/react-test-renderer.development.js:13976:20)
      at renderWithHooks (node_modules/react-test-renderer/cjs/react-test-renderer.development.js:2866:22)
      at updateFunctionComponent (node_modules/react-test-renderer/cjs/react-test-renderer.development.js:6006:19)
      at beginWork (node_modules/react-test-renderer/cjs/react-test-renderer.development.js:7474:18)
      at runWithFiberInDEV (node_modules/react-test-renderer/cjs/react-test-renderer.development.js:1574:13)
      at performUnitOfWork (node_modules/react-test-renderer/cjs/react-test-renderer.development.js:10972:22)
      at workLoopSync (node_modules/react-test-renderer/cjs/react-test-renderer.development.js:10816:41)
      at renderRootSync (node_modules/react-test-renderer/cjs/react-test-renderer.development.js:10797:11)
      at performWorkOnRoot (node_modules/react-test-renderer/cjs/react-test-renderer.development.js:10349:13)
      at performWorkOnRootViaSchedulerTask (node_modules/react-test-renderer/cjs/react-test-renderer.development.js:2094:7)
      at flushActQueue (node_modules/react/cjs/react.development.js:566:34)
      at Object.<anonymous>.process.env.NODE_ENV.exports.act (node_modules/react/cjs/react.development.js:859:10)
      at actImplementation (node_modules/@testing-library/react-native/src/act.ts:30:25)
      at renderWithAct (node_modules/@testing-library/react-native/src/render-act.ts:13:11)
      at renderInternal (node_modules/@testing-library/react-native/src/render.tsx:69:33)
      at renderInternal (node_modules/@testing-library/react-native/src/render.tsx:44:10)
      at Object.<anonymous> (__tests__/remove-member-ui.test.tsx:245:13)
      at asyncGeneratorStep (node_modules/@babel/runtime/helpers/asyncToGenerator.js:3:17)
      at _next (node_modules/@babel/runtime/helpers/asyncToGenerator.js:17:9)
      at node_modules/@babel/runtime/helpers/asyncToGenerator.js:22:7
      at Object.<anonymous> (node_modules/@babel/runtime/helpers/asyncToGenerator.js:14:12)

  console.error
    An update to Index inside a test was not wrapped in act(...).
    
    When testing, code that causes React state updates should be wrapped into act(...):
    
    act(() => {
      /* fire events that update state */
    });
    /* assert on the output */
    
    This ensures that you're testing the behavior the user would see in the browser. Learn more at https://react.dev/link/wrap-tests-with-act

    [0m [90m 221 |[39m     }
     [90m 222 |[39m
    [31m[1m>[22m[39m[90m 223 |[39m     setExpenses(activeGroup[33m.[39mexpenses)[33m;[39m
     [90m     |[39m     [31m[1m^[22m[39m
     [90m 224 |[39m     setParticipants(buildDefaultParticipants(activeGroup[33m.[39mmembers[33m.[39mmap((member) [33m=>[39m member[33m.[39mname)))[33m;[39m
     [90m 225 |[39m     setPayer(activeGroup[33m.[39mmembers[[35m0[39m][33m?[39m[33m.[39mname [33m||[39m currentUserName)[33m;[39m
     [90m 226 |[39m   }[33m,[39m [activeGroup])[33m;[39m[0m

      at node_modules/react-test-renderer/cjs/react-test-renderer.development.js:11801:19
      at runWithFiberInDEV (node_modules/react-test-renderer/cjs/react-test-renderer.development.js:1574:13)
      at warnIfUpdatesNotWrappedWithActDEV (node_modules/react-test-renderer/cjs/react-test-renderer.development.js:11800:9)
      at scheduleUpdateOnFiber (node_modules/react-test-renderer/cjs/react-test-renderer.development.js:10326:9)
      at dispatchSetStateInternal (node_modules/react-test-renderer/cjs/react-test-renderer.development.js:4148:13)
      at dispatchSetState (node_modules/react-test-renderer/cjs/react-test-renderer.development.js:4107:7)
      at setExpenses (app/index.tsx:223:5)
      at Object.react-stack-bottom-frame (node_modules/react-test-renderer/cjs/react-test-renderer.development.js:14062:20)
      at runWithFiberInDEV (node_modules/react-test-renderer/cjs/react-test-renderer.development.js:1574:13)
      at commitHookEffectListMount (node_modules/react-test-renderer/cjs/react-test-renderer.development.js:8376:29)
      at commitHookPassiveMountEffects (node_modules/react-test-renderer/cjs/react-test-renderer.development.js:8463:11)
      at commitPassiveMountOnFiber (node_modules/react-test-renderer/cjs/react-test-renderer.development.js:9782:13)
      at recursivelyTraversePassiveMountEffects (node_modules/react-test-renderer/cjs/react-test-renderer.development.js:9756:11)
      at commitPassiveMountOnFiber (node_modules/react-test-renderer/cjs/react-test-renderer.development.js:9794:11)
      at flushPendingEffects (node_modules/react-test-renderer/cjs/react-test-renderer.development.js:11528:11)
      at performWorkOnRootViaSchedulerTask (node_modules/react-test-renderer/cjs/react-test-renderer.development.js:2082:11)
      at Immediate.performWorkUntilDeadline [as _onImmediate] (node_modules/scheduler/cjs/scheduler.native.development.js:45:48)

  console.error
    An update to Index inside a test was not wrapped in act(...).
    
    When testing, code that causes React state updates should be wrapped into act(...):
    
    act(() => {
      /* fire events that update state */
    });
    /* assert on the output */
    
    This ensures that you're testing the behavior the user would see in the browser. Learn more at https://react.dev/link/wrap-tests-with-act

    [0m [90m 222 |[39m
     [90m 223 |[39m     setExpenses(activeGroup[33m.[39mexpenses)[33m;[39m
    [31m[1m>[22m[39m[90m 224 |[39m     setParticipants(buildDefaultParticipants(activeGroup[33m.[39mmembers[33m.[39mmap((member) [33m=>[39m member[33m.[39mname)))[33m;[39m
     [90m     |[39m     [31m[1m^[22m[39m
     [90m 225 |[39m     setPayer(activeGroup[33m.[39mmembers[[35m0[39m][33m?[39m[33m.[39mname [33m||[39m currentUserName)[33m;[39m
     [90m 226 |[39m   }[33m,[39m [activeGroup])[33m;[39m
     [90m 227 |[39m[0m

      at node_modules/react-test-renderer/cjs/react-test-renderer.development.js:11801:19
      at runWithFiberInDEV (node_modules/react-test-renderer/cjs/react-test-renderer.development.js:1574:13)
      at warnIfUpdatesNotWrappedWithActDEV (node_modules/react-test-renderer/cjs/react-test-renderer.development.js:11800:9)
      at scheduleUpdateOnFiber (node_modules/react-test-renderer/cjs/react-test-renderer.development.js:10326:9)
      at dispatchSetStateInternal (node_modules/react-test-renderer/cjs/react-test-renderer.development.js:4148:13)
      at dispatchSetState (node_modules/react-test-renderer/cjs/react-test-renderer.development.js:4107:7)
      at setParticipants (app/index.tsx:224:5)
      at Object.react-stack-bottom-frame (node_modules/react-test-renderer/cjs/react-test-renderer.development.js:14062:20)
      at runWithFiberInDEV (node_modules/react-test-renderer/cjs/react-test-renderer.development.js:1574:13)
      at commitHookEffectListMount (node_modules/react-test-renderer/cjs/react-test-renderer.development.js:8376:29)
      at commitHookPassiveMountEffects (node_modules/react-test-renderer/cjs/react-test-renderer.development.js:8463:11)
      at commitPassiveMountOnFiber (node_modules/react-test-renderer/cjs/react-test-renderer.development.js:9782:13)
      at recursivelyTraversePassiveMountEffects (node_modules/react-test-renderer/cjs/react-test-renderer.development.js:9756:11)
      at commitPassiveMountOnFiber (node_modules/react-test-renderer/cjs/react-test-renderer.development.js:9794:11)
      at flushPendingEffects (node_modules/react-test-renderer/cjs/react-test-renderer.development.js:11528:11)
      at performWorkOnRootViaSchedulerTask (node_modules/react-test-renderer/cjs/react-test-renderer.development.js:2082:11)
      at Immediate.performWorkUntilDeadline [as _onImmediate] (node_modules/scheduler/cjs/scheduler.native.development.js:45:48)

  console.error
    An update to Index inside a test was not wrapped in act(...).
    
    When testing, code that causes React state updates should be wrapped into act(...):
    
    act(() => {
      /* fire events that update state */
    });
    /* assert on the output */
    
    This ensures that you're testing the behavior the user would see in the browser. Learn more at https://react.dev/link/wrap-tests-with-act

    [0m [90m 223 |[39m     setExpenses(activeGroup[33m.[39mexpenses)[33m;[39m
     [90m 224 |[39m     setParticipants(buildDefaultParticipants(activeGroup[33m.[39mmembers[33m.[39mmap((member) [33m=>[39m member[33m.[39mname)))[33m;[39m
    [31m[1m>[22m[39m[90m 225 |[39m     setPayer(activeGroup[33m.[39mmembers[[35m0[39m][33m?[39m[33m.[39mname [33m||[39m currentUserName)[33m;[39m
     [90m     |[39m     [31m[1m^[22m[39m
     [90m 226 |[39m   }[33m,[39m [activeGroup])[33m;[39m
     [90m 227 |[39m
     [90m 228 |[39m   [36mif[39m (loading) {[0m

      at node_modules/react-test-renderer/cjs/react-test-renderer.development.js:11801:19
      at runWithFiberInDEV (node_modules/react-test-renderer/cjs/react-test-renderer.development.js:1574:13)
      at warnIfUpdatesNotWrappedWithActDEV (node_modules/react-test-renderer/cjs/react-test-renderer.development.js:11800:9)
      at scheduleUpdateOnFiber (node_modules/react-test-renderer/cjs/react-test-renderer.development.js:10326:9)
      at dispatchSetStateInternal (node_modules/react-test-renderer/cjs/react-test-renderer.development.js:4148:13)
      at dispatchSetState (node_modules/react-test-renderer/cjs/react-test-renderer.development.js:4107:7)
      at setPayer (app/index.tsx:225:5)
      at Object.react-stack-bottom-frame (node_modules/react-test-renderer/cjs/react-test-renderer.development.js:14062:20)
      at runWithFiberInDEV (node_modules/react-test-renderer/cjs/react-test-renderer.development.js:1574:13)
      at commitHookEffectListMount (node_modules/react-test-renderer/cjs/react-test-renderer.development.js:8376:29)
      at commitHookPassiveMountEffects (node_modules/react-test-renderer/cjs/react-test-renderer.development.js:8463:11)
      at commitPassiveMountOnFiber (node_modules/react-test-renderer/cjs/react-test-renderer.development.js:9782:13)
      at recursivelyTraversePassiveMountEffects (node_modules/react-test-renderer/cjs/react-test-renderer.development.js:9756:11)
      at commitPassiveMountOnFiber (node_modules/react-test-renderer/cjs/react-test-renderer.development.js:9794:11)
      at flushPendingEffects (node_modules/react-test-renderer/cjs/react-test-renderer.development.js:11528:11)
      at performWorkOnRootViaSchedulerTask (node_modules/react-test-renderer/cjs/react-test-renderer.development.js:2082:11)
      at Immediate.performWorkUntilDeadline [as _onImmediate] (node_modules/scheduler/cjs/scheduler.native.development.js:45:48)

  console.error
    An update to Index inside a test was not wrapped in act(...).
    
    When testing, code that causes React state updates should be wrapped into act(...):
    
    act(() => {
      /* fire events that update state */
    });
    /* assert on the output */
    
    This ensures that you're testing the behavior the user would see in the browser. Learn more at https://react.dev/link/wrap-tests-with-act

    [0m [90m 221 |[39m     }
     [90m 222 |[39m
    [31m[1m>[22m[39m[90m 223 |[39m     setExpenses(activeGroup[33m.[39mexpenses)[33m;[39m
     [90m     |[39m     [31m[1m^[22m[39m
     [90m 224 |[39m     setParticipants(buildDefaultParticipants(activeGroup[33m.[39mmembers[33m.[39mmap((member) [33m=>[39m member[33m.[39mname)))[33m;[39m
     [90m 225 |[39m     setPayer(activeGroup[33m.[39mmembers[[35m0[39m][33m?[39m[33m.[39mname [33m||[39m currentUserName)[33m;[39m
     [90m 226 |[39m   }[33m,[39m [activeGroup])[33m;[39m[0m

      at node_modules/react-test-renderer/cjs/react-test-renderer.development.js:11801:19
      at runWithFiberInDEV (node_modules/react-test-renderer/cjs/react-test-renderer.development.js:1574:13)
      at warnIfUpdatesNotWrappedWithActDEV (node_modules/react-test-renderer/cjs/react-test-renderer.development.js:11800:9)
      at scheduleUpdateOnFiber (node_modules/react-test-renderer/cjs/react-test-renderer.development.js:10326:9)
      at dispatchSetStateInternal (node_modules/react-test-renderer/cjs/react-test-renderer.development.js:4148:13)
      at dispatchSetState (node_modules/react-test-renderer/cjs/react-test-renderer.development.js:4107:7)
      at setExpenses (app/index.tsx:223:5)
      at Object.react-stack-bottom-frame (node_modules/react-test-renderer/cjs/react-test-renderer.development.js:14062:20)
      at runWithFiberInDEV (node_modules/react-test-renderer/cjs/react-test-renderer.development.js:1574:13)
      at commitHookEffectListMount (node_modules/react-test-renderer/cjs/react-test-renderer.development.js:8376:29)
      at commitHookPassiveMountEffects (node_modules/react-test-renderer/cjs/react-test-renderer.development.js:8463:11)
      at commitPassiveMountOnFiber (node_modules/react-test-renderer/cjs/react-test-renderer.development.js:9782:13)
      at recursivelyTraversePassiveMountEffects (node_modules/react-test-renderer/cjs/react-test-renderer.development.js:9756:11)
      at commitPassiveMountOnFiber (node_modules/react-test-renderer/cjs/react-test-renderer.development.js:9794:11)
      at flushPendingEffects (node_modules/react-test-renderer/cjs/react-test-renderer.development.js:11528:11)
      at performWorkOnRootViaSchedulerTask (node_modules/react-test-renderer/cjs/react-test-renderer.development.js:2082:11)
      at Immediate.performWorkUntilDeadline [as _onImmediate] (node_modules/scheduler/cjs/scheduler.native.development.js:45:48)

  console.error
    An update to Index inside a test was not wrapped in act(...).
    
    When testing, code that causes React state updates should be wrapped into act(...):
    
    act(() => {
      /* fire events that update state */
    });
    /* assert on the output */
    
    This ensures that you're testing the behavior the user would see in the browser. Learn more at https://react.dev/link/wrap-tests-with-act

    [0m [90m 222 |[39m
     [90m 223 |[39m     setExpenses(activeGroup[33m.[39mexpenses)[33m;[39m
    [31m[1m>[22m[39m[90m 224 |[39m     setParticipants(buildDefaultParticipants(activeGroup[33m.[39mmembers[33m.[39mmap((member) [33m=>[39m member[33m.[39mname)))[33m;[39m
     [90m     |[39m     [31m[1m^[22m[39m
     [90m 225 |[39m     setPayer(activeGroup[33m.[39mmembers[[35m0[39m][33m?[39m[33m.[39mname [33m||[39m currentUserName)[33m;[39m
     [90m 226 |[39m   }[33m,[39m [activeGroup])[33m;[39m
     [90m 227 |[39m[0m

      at node_modules/react-test-renderer/cjs/react-test-renderer.development.js:11801:19
      at runWithFiberInDEV (node_modules/react-test-renderer/cjs/react-test-renderer.development.js:1574:13)
      at warnIfUpdatesNotWrappedWithActDEV (node_modules/react-test-renderer/cjs/react-test-renderer.development.js:11800:9)
      at scheduleUpdateOnFiber (node_modules/react-test-renderer/cjs/react-test-renderer.development.js:10326:9)
      at dispatchSetStateInternal (node_modules/react-test-renderer/cjs/react-test-renderer.development.js:4148:13)
      at dispatchSetState (node_modules/react-test-renderer/cjs/react-test-renderer.development.js:4107:7)
      at setParticipants (app/index.tsx:224:5)
      at Object.react-stack-bottom-frame (node_modules/react-test-renderer/cjs/react-test-renderer.development.js:14062:20)
      at runWithFiberInDEV (node_modules/react-test-renderer/cjs/react-test-renderer.development.js:1574:13)
      at commitHookEffectListMount (node_modules/react-test-renderer/cjs/react-test-renderer.development.js:8376:29)
      at commitHookPassiveMountEffects (node_modules/react-test-renderer/cjs/react-test-renderer.development.js:8463:11)
      at commitPassiveMountOnFiber (node_modules/react-test-renderer/cjs/react-test-renderer.development.js:9782:13)
      at recursivelyTraversePassiveMountEffects (node_modules/react-test-renderer/cjs/react-test-renderer.development.js:9756:11)
      at commitPassiveMountOnFiber (node_modules/react-test-renderer/cjs/react-test-renderer.development.js:9794:11)
      at flushPendingEffects (node_modules/react-test-renderer/cjs/react-test-renderer.development.js:11528:11)
      at performWorkOnRootViaSchedulerTask (node_modules/react-test-renderer/cjs/react-test-renderer.development.js:2082:11)
      at Immediate.performWorkUntilDeadline [as _onImmediate] (node_modules/scheduler/cjs/scheduler.native.development.js:45:48)

  console.error
    An update to Index inside a test was not wrapped in act(...).
    
    When testing, code that causes React state updates should be wrapped into act(...):
    
    act(() => {
      /* fire events that update state */
    });
    /* assert on the output */
    
    This ensures that you're testing the behavior the user would see in the browser. Learn more at https://react.dev/link/wrap-tests-with-act

    [0m [90m 223 |[39m     setExpenses(activeGroup[33m.[39mexpenses)[33m;[39m
     [90m 224 |[39m     setParticipants(buildDefaultParticipants(activeGroup[33m.[39mmembers[33m.[39mmap((member) [33m=>[39m member[33m.[39mname)))[33m;[39m
    [31m[1m>[22m[39m[90m 225 |[39m     setPayer(activeGroup[33m.[39mmembers[[35m0[39m][33m?[39m[33m.[39mname [33m||[39m currentUserName)[33m;[39m
     [90m     |[39m     [31m[1m^[22m[39m
     [90m 226 |[39m   }[33m,[39m [activeGroup])[33m;[39m
     [90m 227 |[39m
     [90m 228 |[39m   [36mif[39m (loading) {[0m

      at node_modules/react-test-renderer/cjs/react-test-renderer.development.js:11801:19
      at runWithFiberInDEV (node_modules/react-test-renderer/cjs/react-test-renderer.development.js:1574:13)
      at warnIfUpdatesNotWrappedWithActDEV (node_modules/react-test-renderer/cjs/react-test-renderer.development.js:11800:9)
      at scheduleUpdateOnFiber (node_modules/react-test-renderer/cjs/react-test-renderer.development.js:10326:9)
      at dispatchSetStateInternal (node_modules/react-test-renderer/cjs/react-test-renderer.development.js:4148:13)
      at dispatchSetState (node_modules/react-test-renderer/cjs/react-test-renderer.development.js:4107:7)
      at setPayer (app/index.tsx:225:5)
      at Object.react-stack-bottom-frame (node_modules/react-test-renderer/cjs/react-test-renderer.development.js:14062:20)
      at runWithFiberInDEV (node_modules/react-test-renderer/cjs/react-test-renderer.development.js:1574:13)
      at commitHookEffectListMount (node_modules/react-test-renderer/cjs/react-test-renderer.development.js:8376:29)
      at commitHookPassiveMountEffects (node_modules/react-test-renderer/cjs/react-test-renderer.development.js:8463:11)
      at commitPassiveMountOnFiber (node_modules/react-test-renderer/cjs/react-test-renderer.development.js:9782:13)
      at recursivelyTraversePassiveMountEffects (node_modules/react-test-renderer/cjs/react-test-renderer.development.js:9756:11)
      at commitPassiveMountOnFiber (node_modules/react-test-renderer/cjs/react-test-renderer.development.js:9794:11)
      at flushPendingEffects (node_modules/react-test-renderer/cjs/react-test-renderer.development.js:11528:11)
      at performWorkOnRootViaSchedulerTask (node_modules/react-test-renderer/cjs/react-test-renderer.development.js:2082:11)
      at Immediate.performWorkUntilDeadline [as _onImmediate] (node_modules/scheduler/cjs/scheduler.native.development.js:45:48)

  console.error
    An update to Index inside a test was not wrapped in act(...).
    
    When testing, code that causes React state updates should be wrapped into act(...):
    
    act(() => {
      /* fire events that update state */
    });
    /* assert on the output */
    
    This ensures that you're testing the behavior the user would see in the browser. Learn more at https://react.dev/link/wrap-tests-with-act

    [0m [90m 221 |[39m     }
     [90m 222 |[39m
    [31m[1m>[22m[39m[90m 223 |[39m     setExpenses(activeGroup[33m.[39mexpenses)[33m;[39m
     [90m     |[39m     [31m[1m^[22m[39m
     [90m 224 |[39m     setParticipants(buildDefaultParticipants(activeGroup[33m.[39mmembers[33m.[39mmap((member) [33m=>[39m member[33m.[39mname)))[33m;[39m
     [90m 225 |[39m     setPayer(activeGroup[33m.[39mmembers[[35m0[39m][33m?[39m[33m.[39mname [33m||[39m currentUserName)[33m;[39m
     [90m 226 |[39m   }[33m,[39m [activeGroup])[33m;[39m[0m

      at node_modules/react-test-renderer/cjs/react-test-renderer.development.js:11801:19
      at runWithFiberInDEV (node_modules/react-test-renderer/cjs/react-test-renderer.development.js:1574:13)
      at warnIfUpdatesNotWrappedWithActDEV (node_modules/react-test-renderer/cjs/react-test-renderer.development.js:11800:9)
      at scheduleUpdateOnFiber (node_modules/react-test-renderer/cjs/react-test-renderer.development.js:10326:9)
      at dispatchSetStateInternal (node_modules/react-test-renderer/cjs/react-test-renderer.development.js:4148:13)
      at dispatchSetState (node_modules/react-test-renderer/cjs/react-test-renderer.development.js:4107:7)
      at setExpenses (app/index.tsx:223:5)
      at Object.react-stack-bottom-frame (node_modules/react-test-renderer/cjs/react-test-renderer.development.js:14062:20)
      at runWithFiberInDEV (node_modules/react-test-renderer/cjs/react-test-renderer.development.js:1574:13)
      at commitHookEffectListMount (node_modules/react-test-renderer/cjs/react-test-renderer.development.js:8376:29)
      at commitHookPassiveMountEffects (node_modules/react-test-renderer/cjs/react-test-renderer.development.js:8463:11)
      at commitPassiveMountOnFiber (node_modules/react-test-renderer/cjs/react-test-renderer.development.js:9782:13)
      at recursivelyTraversePassiveMountEffects (node_modules/react-test-renderer/cjs/react-test-renderer.development.js:9756:11)
      at commitPassiveMountOnFiber (node_modules/react-test-renderer/cjs/react-test-renderer.development.js:9794:11)
      at flushPendingEffects (node_modules/react-test-renderer/cjs/react-test-renderer.development.js:11528:11)
      at performWorkOnRootViaSchedulerTask (node_modules/react-test-renderer/cjs/react-test-renderer.development.js:2082:11)
      at Immediate.performWorkUntilDeadline [as _onImmediate] (node_modules/scheduler/cjs/scheduler.native.development.js:45:48)

  console.error
    An update to Index inside a test was not wrapped in act(...).
    
    When testing, code that causes React state updates should be wrapped into act(...):
    
    act(() => {
      /* fire events that update state */
    });
    /* assert on the output */
    
    This ensures that you're testing the behavior the user would see in the browser. Learn more at https://react.dev/link/wrap-tests-with-act

    [0m [90m 222 |[39m
     [90m 223 |[39m     setExpenses(activeGroup[33m.[39mexpenses)[33m;[39m
    [31m[1m>[22m[39m[90m 224 |[39m     setParticipants(buildDefaultParticipants(activeGroup[33m.[39mmembers[33m.[39mmap((member) [33m=>[39m member[33m.[39mname)))[33m;[39m
     [90m     |[39m     [31m[1m^[22m[39m
     [90m 225 |[39m     setPayer(activeGroup[33m.[39mmembers[[35m0[39m][33m?[39m[33m.[39mname [33m||[39m currentUserName)[33m;[39m
     [90m 226 |[39m   }[33m,[39m [activeGroup])[33m;[39m
     [90m 227 |[39m[0m

      at node_modules/react-test-renderer/cjs/react-test-renderer.development.js:11801:19
      at runWithFiberInDEV (node_modules/react-test-renderer/cjs/react-test-renderer.development.js:1574:13)
      at warnIfUpdatesNotWrappedWithActDEV (node_modules/react-test-renderer/cjs/react-test-renderer.development.js:11800:9)
      at scheduleUpdateOnFiber (node_modules/react-test-renderer/cjs/react-test-renderer.development.js:10326:9)
      at dispatchSetStateInternal (node_modules/react-test-renderer/cjs/react-test-renderer.development.js:4148:13)
      at dispatchSetState (node_modules/react-test-renderer/cjs/react-test-renderer.development.js:4107:7)
      at setParticipants (app/index.tsx:224:5)
      at Object.react-stack-bottom-frame (node_modules/react-test-renderer/cjs/react-test-renderer.development.js:14062:20)
      at runWithFiberInDEV (node_modules/react-test-renderer/cjs/react-test-renderer.development.js:1574:13)
      at commitHookEffectListMount (node_modules/react-test-renderer/cjs/react-test-renderer.development.js:8376:29)
      at commitHookPassiveMountEffects (node_modules/react-test-renderer/cjs/react-test-renderer.development.js:8463:11)
      at commitPassiveMountOnFiber (node_modules/react-test-renderer/cjs/react-test-renderer.development.js:9782:13)
      at recursivelyTraversePassiveMountEffects (node_modules/react-test-renderer/cjs/react-test-renderer.development.js:9756:11)
      at commitPassiveMountOnFiber (node_modules/react-test-renderer/cjs/react-test-renderer.development.js:9794:11)
      at flushPendingEffects (node_modules/react-test-renderer/cjs/react-test-renderer.development.js:11528:11)
      at performWorkOnRootViaSchedulerTask (node_modules/react-test-renderer/cjs/react-test-renderer.development.js:2082:11)
      at Immediate.performWorkUntilDeadline [as _onImmediate] (node_modules/scheduler/cjs/scheduler.native.development.js:45:48)

  console.error
    An update to Index inside a test was not wrapped in act(...).
    
    When testing, code that causes React state updates should be wrapped into act(...):
    
    act(() => {
      /* fire events that update state */
    });
    /* assert on the output */
    
    This ensures that you're testing the behavior the user would see in the browser. Learn more at https://react.dev/link/wrap-tests-with-act

    [0m [90m 223 |[39m     setExpenses(activeGroup[33m.[39mexpenses)[33m;[39m
     [90m 224 |[39m     setParticipants(buildDefaultParticipants(activeGroup[33m.[39mmembers[33m.[39mmap((member) [33m=>[39m member[33m.[39mname)))[33m;[39m
    [31m[1m>[22m[39m[90m 225 |[39m     setPayer(activeGroup[33m.[39mmembers[[35m0[39m][33m?[39m[33m.[39mname [33m||[39m currentUserName)[33m;[39m
     [90m     |[39m     [31m[1m^[22m[39m
     [90m 226 |[39m   }[33m,[39m [activeGroup])[33m;[39m
     [90m 227 |[39m
     [90m 228 |[39m   [36mif[39m (loading) {[0m

      at node_modules/react-test-renderer/cjs/react-test-renderer.development.js:11801:19
      at runWithFiberInDEV (node_modules/react-test-renderer/cjs/react-test-renderer.development.js:1574:13)
      at warnIfUpdatesNotWrappedWithActDEV (node_modules/react-test-renderer/cjs/react-test-renderer.development.js:11800:9)
      at scheduleUpdateOnFiber (node_modules/react-test-renderer/cjs/react-test-renderer.development.js:10326:9)
      at dispatchSetStateInternal (node_modules/react-test-renderer/cjs/react-test-renderer.development.js:4148:13)
      at dispatchSetState (node_modules/react-test-renderer/cjs/react-test-renderer.development.js:4107:7)
      at setPayer (app/index.tsx:225:5)
      at Object.react-stack-bottom-frame (node_modules/react-test-renderer/cjs/react-test-renderer.development.js:14062:20)
      at runWithFiberInDEV (node_modules/react-test-renderer/cjs/react-test-renderer.development.js:1574:13)
      at commitHookEffectListMount (node_modules/react-test-renderer/cjs/react-test-renderer.development.js:8376:29)
      at commitHookPassiveMountEffects (node_modules/react-test-renderer/cjs/react-test-renderer.development.js:8463:11)
      at commitPassiveMountOnFiber (node_modules/react-test-renderer/cjs/react-test-renderer.development.js:9782:13)
      at recursivelyTraversePassiveMountEffects (node_modules/react-test-renderer/cjs/react-test-renderer.development.js:9756:11)
      at commitPassiveMountOnFiber (node_modules/react-test-renderer/cjs/react-test-renderer.development.js:9794:11)
      at flushPendingEffects (node_modules/react-test-renderer/cjs/react-test-renderer.development.js:11528:11)
      at performWorkOnRootViaSchedulerTask (node_modules/react-test-renderer/cjs/react-test-renderer.development.js:2082:11)
      at Immediate.performWorkUntilDeadline [as _onImmediate] (node_modules/scheduler/cjs/scheduler.native.development.js:45:48)

  console.error
    An update to Index inside a test was not wrapped in act(...).
    
    When testing, code that causes React state updates should be wrapped into act(...):
    
    act(() => {
      /* fire events that update state */
    });
    /* assert on the output */
    
    This ensures that you're testing the behavior the user would see in the browser. Learn more at https://react.dev/link/wrap-tests-with-act

    [0m [90m 221 |[39m     }
     [90m 222 |[39m
    [31m[1m>[22m[39m[90m 223 |[39m     setExpenses(activeGroup[33m.[39mexpenses)[33m;[39m
     [90m     |[39m     [31m[1m^[22m[39m
     [90m 224 |[39m     setParticipants(buildDefaultParticipants(activeGroup[33m.[39mmembers[33m.[39mmap((member) [33m=>[39m member[33m.[39mname)))[33m;[39m
     [90m 225 |[39m     setPayer(activeGroup[33m.[39mmembers[[35m0[39m][33m?[39m[33m.[39mname [33m||[39m currentUserName)[33m;[39m
     [90m 226 |[39m   }[33m,[39m [activeGroup])[33m;[39m[0m

      at node_modules/react-test-renderer/cjs/react-test-renderer.development.js:11801:19
      at runWithFiberInDEV (node_modules/react-test-renderer/cjs/react-test-renderer.development.js:1574:13)
      at warnIfUpdatesNotWrappedWithActDEV (node_modules/react-test-renderer/cjs/react-test-renderer.development.js:11800:9)
      at scheduleUpdateOnFiber (node_modules/react-test-renderer/cjs/react-test-renderer.development.js:10326:9)
      at dispatchSetStateInternal (node_modules/react-test-renderer/cjs/react-test-renderer.development.js:4148:13)
      at dispatchSetState (node_modules/react-test-renderer/cjs/react-test-renderer.development.js:4107:7)
      at setExpenses (app/index.tsx:223:5)
      at Object.react-stack-bottom-frame (node_modules/react-test-renderer/cjs/react-test-renderer.development.js:14062:20)
      at runWithFiberInDEV (node_modules/react-test-renderer/cjs/react-test-renderer.development.js:1574:13)
      at commitHookEffectListMount (node_modules/react-test-renderer/cjs/react-test-renderer.development.js:8376:29)
      at commitHookPassiveMountEffects (node_modules/react-test-renderer/cjs/react-test-renderer.development.js:8463:11)
      at commitPassiveMountOnFiber (node_modules/react-test-renderer/cjs/react-test-renderer.development.js:9782:13)
      at recursivelyTraversePassiveMountEffects (node_modules/react-test-renderer/cjs/react-test-renderer.development.js:9756:11)
      at commitPassiveMountOnFiber (node_modules/react-test-renderer/cjs/react-test-renderer.development.js:9794:11)
      at flushPendingEffects (node_modules/react-test-renderer/cjs/react-test-renderer.development.js:11528:11)
      at performWorkOnRootViaSchedulerTask (node_modules/react-test-renderer/cjs/react-test-renderer.development.js:2082:11)
      at Immediate.performWorkUntilDeadline [as _onImmediate] (node_modules/scheduler/cjs/scheduler.native.development.js:45:48)

  console.error
    An update to Index inside a test was not wrapped in act(...).
    
    When testing, code that causes React state updates should be wrapped into act(...):
    
    act(() => {
      /* fire events that update state */
    });
    /* assert on the output */
    
    This ensures that you're testing the behavior the user would see in the browser. Learn more at https://react.dev/link/wrap-tests-with-act

    [0m [90m 222 |[39m
     [90m 223 |[39m     setExpenses(activeGroup[33m.[39mexpenses)[33m;[39m
    [31m[1m>[22m[39m[90m 224 |[39m     setParticipants(buildDefaultParticipants(activeGroup[33m.[39mmembers[33m.[39mmap((member) [33m=>[39m member[33m.[39mname)))[33m;[39m
     [90m     |[39m     [31m[1m^[22m[39m
     [90m 225 |[39m     setPayer(activeGroup[33m.[39mmembers[[35m0[39m][33m?[39m[33m.[39mname [33m||[39m currentUserName)[33m;[39m
     [90m 226 |[39m   }[33m,[39m [activeGroup])[33m;[39m
     [90m 227 |[39m[0m

      at node_modules/react-test-renderer/cjs/react-test-renderer.development.js:11801:19
      at runWithFiberInDEV (node_modules/react-test-renderer/cjs/react-test-renderer.development.js:1574:13)
      at warnIfUpdatesNotWrappedWithActDEV (node_modules/react-test-renderer/cjs/react-test-renderer.development.js:11800:9)
      at scheduleUpdateOnFiber (node_modules/react-test-renderer/cjs/react-test-renderer.development.js:10326:9)
      at dispatchSetStateInternal (node_modules/react-test-renderer/cjs/react-test-renderer.development.js:4148:13)
      at dispatchSetState (node_modules/react-test-renderer/cjs/react-test-renderer.development.js:4107:7)
      at setParticipants (app/index.tsx:224:5)
      at Object.react-stack-bottom-frame (node_modules/react-test-renderer/cjs/react-test-renderer.development.js:14062:20)
      at runWithFiberInDEV (node_modules/react-test-renderer/cjs/react-test-renderer.development.js:1574:13)
      at commitHookEffectListMount (node_modules/react-test-renderer/cjs/react-test-renderer.development.js:8376:29)
      at commitHookPassiveMountEffects (node_modules/react-test-renderer/cjs/react-test-renderer.development.js:8463:11)
      at commitPassiveMountOnFiber (node_modules/react-test-renderer/cjs/react-test-renderer.development.js:9782:13)
      at recursivelyTraversePassiveMountEffects (node_modules/react-test-renderer/cjs/react-test-renderer.development.js:9756:11)
      at commitPassiveMountOnFiber (node_modules/react-test-renderer/cjs/react-test-renderer.development.js:9794:11)
      at flushPendingEffects (node_modules/react-test-renderer/cjs/react-test-renderer.development.js:11528:11)
      at performWorkOnRootViaSchedulerTask (node_modules/react-test-renderer/cjs/react-test-renderer.development.js:2082:11)
      at Immediate.performWorkUntilDeadline [as _onImmediate] (node_modules/scheduler/cjs/scheduler.native.development.js:45:48)

  console.error
    An update to Index inside a test was not wrapped in act(...).
    
    When testing, code that causes React state updates should be wrapped into act(...):
    
    act(() => {
      /* fire events that update state */
    });
    /* assert on the output */
    
    This ensures that you're testing the behavior the user would see in the browser. Learn more at https://react.dev/link/wrap-tests-with-act

    [0m [90m 223 |[39m     setExpenses(activeGroup[33m.[39mexpenses)[33m;[39m
     [90m 224 |[39m     setParticipants(buildDefaultParticipants(activeGroup[33m.[39mmembers[33m.[39mmap((member) [33m=>[39m member[33m.[39mname)))[33m;[39m
    [31m[1m>[22m[39m[90m 225 |[39m     setPayer(activeGroup[33m.[39mmembers[[35m0[39m][33m?[39m[33m.[39mname [33m||[39m currentUserName)[33m;[39m
     [90m     |[39m     [31m[1m^[22m[39m
     [90m 226 |[39m   }[33m,[39m [activeGroup])[33m;[39m
     [90m 227 |[39m
     [90m 228 |[39m   [36mif[39m (loading) {[0m

      at node_modules/react-test-renderer/cjs/react-test-renderer.development.js:11801:19
      at runWithFiberInDEV (node_modules/react-test-renderer/cjs/react-test-renderer.development.js:1574:13)
      at warnIfUpdatesNotWrappedWithActDEV (node_modules/react-test-renderer/cjs/react-test-renderer.development.js:11800:9)
      at scheduleUpdateOnFiber (node_modules/react-test-renderer/cjs/react-test-renderer.development.js:10326:9)
      at dispatchSetStateInternal (node_modules/react-test-renderer/cjs/react-test-renderer.development.js:4148:13)
      at dispatchSetState (node_modules/react-test-renderer/cjs/react-test-renderer.development.js:4107:7)
      at setPayer (app/index.tsx:225:5)
      at Object.react-stack-bottom-frame (node_modules/react-test-renderer/cjs/react-test-renderer.development.js:14062:20)
      at runWithFiberInDEV (node_modules/react-test-renderer/cjs/react-test-renderer.development.js:1574:13)
      at commitHookEffectListMount (node_modules/react-test-renderer/cjs/react-test-renderer.development.js:8376:29)
      at commitHookPassiveMountEffects (node_modules/react-test-renderer/cjs/react-test-renderer.development.js:8463:11)
      at commitPassiveMountOnFiber (node_modules/react-test-renderer/cjs/react-test-renderer.development.js:9782:13)
      at recursivelyTraversePassiveMountEffects (node_modules/react-test-renderer/cjs/react-test-renderer.development.js:9756:11)
      at commitPassiveMountOnFiber (node_modules/react-test-renderer/cjs/react-test-renderer.development.js:9794:11)
      at flushPendingEffects (node_modules/react-test-renderer/cjs/react-test-renderer.development.js:11528:11)
      at performWorkOnRootViaSchedulerTask (node_modules/react-test-renderer/cjs/react-test-renderer.development.js:2082:11)
      at Immediate.performWorkUntilDeadline [as _onImmediate] (node_modules/scheduler/cjs/scheduler.native.development.js:45:48)

PASS __tests__/remove-member-ui.test.tsx
  Group flows with Firebase-backed data
    Remove member flow
      ÔêÜ shows the members list and the removable member (162 ms)
      ÔêÜ removes Person 3 from the group (107 ms)
      ÔêÜ prevents removing the current user (96 ms)
      ÔêÜ prevents removing a member with unsettled balance (87 ms)
    Leave group flow
      ÔêÜ allows a member with settled balances to leave (58 ms)
      ÔêÜ prevents leaving when balances are unsettled (113 ms)
    Delete group flow
      ÔêÜ allows the owner to delete a settled group (102 ms)
      ÔêÜ prevents deleting a group with unsettled balances (163 ms)

  console.warn
    SafeAreaView has been deprecated and will be removed in a future release. Please use 'react-native-safe-area-context' instead. See https://github.com/th3rdwave/react-native-safe-area-context

    [0m [90m 585 |[39m
     [90m 586 |[39m   [36mreturn[39m (
    [31m[1m>[22m[39m[90m 587 |[39m     [33m<[39m[33mSafeAreaView[39m style[33m=[39m{styles[33m.[39msafeArea}[33m>[39m
     [90m     |[39m      [31m[1m^[22m[39m
     [90m 588 |[39m       [33m<[39m[33mScrollView[39m contentContainerStyle[33m=[39m{styles[33m.[39mcontainer}[33m>[39m
     [90m 589 |[39m         [33m<[39m[33mView[39m style[33m=[39m{styles[33m.[39mheaderCard}[33m>[39m
     [90m 590 |[39m           [33m<[39m[33mText[39m style[33m=[39m{styles[33m.[39mkicker}[33m>[39m[33mSmartSplit[39m[33m<[39m[33m/[39m[33mText[39m[33m>[39m[0m

      at warn (node_modules/react-native/Libraries/Utilities/warnOnce.js:27:11)
      at Object.warnOnce [as SafeAreaView] (node_modules/react-native/index.js:92:5)
      at SafeAreaView (app/index.tsx:587:6)
      at Object.react-stack-bottom-frame (node_modules/react-test-renderer/cjs/react-test-renderer.development.js:13976:20)
      at renderWithHooks (node_modules/react-test-renderer/cjs/react-test-renderer.development.js:2866:22)
      at updateFunctionComponent (node_modules/react-test-renderer/cjs/react-test-renderer.development.js:6006:19)
      at beginWork (node_modules/react-test-renderer/cjs/react-test-renderer.development.js:7474:18)
      at runWithFiberInDEV (node_modules/react-test-renderer/cjs/react-test-renderer.development.js:1574:13)
      at performUnitOfWork (node_modules/react-test-renderer/cjs/react-test-renderer.development.js:10972:22)
      at workLoopSync (node_modules/react-test-renderer/cjs/react-test-renderer.development.js:10816:41)
      at renderRootSync (node_modules/react-test-renderer/cjs/react-test-renderer.development.js:10797:11)
      at performWorkOnRoot (node_modules/react-test-renderer/cjs/react-test-renderer.development.js:10349:13)
      at performWorkOnRootViaSchedulerTask (node_modules/react-test-renderer/cjs/react-test-renderer.development.js:2094:7)
      at flushActQueue (node_modules/react/cjs/react.development.js:566:34)
      at Object.<anonymous>.process.env.NODE_ENV.exports.act (node_modules/react/cjs/react.development.js:859:10)
      at actImplementation (node_modules/@testing-library/react-native/src/act.ts:30:25)
      at renderWithAct (node_modules/@testing-library/react-native/src/render-act.ts:13:11)
      at renderInternal (node_modules/@testing-library/react-native/src/render.tsx:69:33)
      at renderInternal (node_modules/@testing-library/react-native/src/render.tsx:44:10)
      at Object.<anonymous> (__tests__/add-expense.acceptance.test.tsx:7:82)

  console.error
    Encountered two children with the same key, `exp-1778632086488`. Keys should be unique so that components maintain their identity across updates. Non-unique keys may cause children to be duplicated and/or omitted ÔÇö the behavior is unsupported and could change in a future version.

    [0m [90m 15 |[39m     fireEvent[33m.[39mchangeText(getByPlaceholderText([32m"0.00"[39m)[33m,[39m [32m"29.99"[39m)[33m;[39m
     [90m 16 |[39m     fireEvent[33m.[39mchangeText(getByPlaceholderText([32m"08/03/2026"[39m)[33m,[39m [32m"08/04/2026"[39m)[33m;[39m
    [31m[1m>[22m[39m[90m 17 |[39m     fireEvent[33m.[39mpress(getByText([32m"Add"[39m))[33m;[39m
     [90m    |[39m               [31m[1m^[22m[39m
     [90m 18 |[39m
     [90m 19 |[39m     [90m// Then the new expense is visible with no amount validation error[39m
     [90m 20 |[39m     expect(queryByText([32m"Please enter a valid expense amount."[39m))[33m.[39mtoBeNull()[33m;[39m[0m

      at node_modules/react-test-renderer/cjs/react-test-renderer.development.js:4741:23
      at runWithFiberInDEV (node_modules/react-test-renderer/cjs/react-test-renderer.development.js:1574:13)
      at warnOnInvalidKey (node_modules/react-test-renderer/cjs/react-test-renderer.development.js:4740:13)
      at reconcileChildrenArray (node_modules/react-test-renderer/cjs/react-test-renderer.development.js:4837:29)
      at reconcileChildFibersImpl (node_modules/react-test-renderer/cjs/react-test-renderer.development.js:5122:30)
      at node_modules/react-test-renderer/cjs/react-test-renderer.development.js:5227:33
      at reconcileChildren (node_modules/react-test-renderer/cjs/react-test-renderer.development.js:5736:13)
      at beginWork (node_modules/react-test-renderer/cjs/react-test-renderer.development.js:7595:13)
      at runWithFiberInDEV (node_modules/react-test-renderer/cjs/react-test-renderer.development.js:1574:13)
      at performUnitOfWork (node_modules/react-test-renderer/cjs/react-test-renderer.development.js:10972:22)
      at workLoopSync (node_modules/react-test-renderer/cjs/react-test-renderer.development.js:10816:41)
      at renderRootSync (node_modules/react-test-renderer/cjs/react-test-renderer.development.js:10797:11)
      at performWorkOnRoot (node_modules/react-test-renderer/cjs/react-test-renderer.development.js:10349:13)
      at performWorkOnRootViaSchedulerTask (node_modules/react-test-renderer/cjs/react-test-renderer.development.js:2094:7)
      at flushActQueue (node_modules/react/cjs/react.development.js:566:34)
      at Object.<anonymous>.process.env.NODE_ENV.exports.act (node_modules/react/cjs/react.development.js:859:10)
      at actImplementation (node_modules/@testing-library/react-native/src/act.ts:30:25)
      at fireEvent (node_modules/@testing-library/react-native/src/fire-event.ts:122:11)
      at fireEvent [as press] (node_modules/@testing-library/react-native/src/fire-event.ts:130:3)
      at Object.press (__tests__/add-expense.acceptance.test.tsx:17:15)

  console.error
    Encountered two children with the same key, `exp-1778632086488`. Keys should be unique so that components maintain their identity across updates. Non-unique keys may cause children to be duplicated and/or omitted ÔÇö the behavior is unsupported and could change in a future version.

    [0m [90m 15 |[39m     fireEvent[33m.[39mchangeText(getByPlaceholderText([32m"0.00"[39m)[33m,[39m [32m"29.99"[39m)[33m;[39m
     [90m 16 |[39m     fireEvent[33m.[39mchangeText(getByPlaceholderText([32m"08/03/2026"[39m)[33m,[39m [32m"08/04/2026"[39m)[33m;[39m
    [31m[1m>[22m[39m[90m 17 |[39m     fireEvent[33m.[39mpress(getByText([32m"Add"[39m))[33m;[39m
     [90m    |[39m               [31m[1m^[22m[39m
     [90m 18 |[39m
     [90m 19 |[39m     [90m// Then the new expense is visible with no amount validation error[39m
     [90m 20 |[39m     expect(queryByText([32m"Please enter a valid expense amount."[39m))[33m.[39mtoBeNull()[33m;[39m[0m

      at node_modules/react-test-renderer/cjs/react-test-renderer.development.js:4741:23
      at runWithFiberInDEV (node_modules/react-test-renderer/cjs/react-test-renderer.development.js:1574:13)
      at warnOnInvalidKey (node_modules/react-test-renderer/cjs/react-test-renderer.development.js:4740:13)
      at reconcileChildrenArray (node_modules/react-test-renderer/cjs/react-test-renderer.development.js:4837:29)
      at reconcileChildFibersImpl (node_modules/react-test-renderer/cjs/react-test-renderer.development.js:5122:30)
      at node_modules/react-test-renderer/cjs/react-test-renderer.development.js:5227:33
      at reconcileChildren (node_modules/react-test-renderer/cjs/react-test-renderer.development.js:5736:13)
      at beginWork (node_modules/react-test-renderer/cjs/react-test-renderer.development.js:7551:13)
      at runWithFiberInDEV (node_modules/react-test-renderer/cjs/react-test-renderer.development.js:1574:13)
      at performUnitOfWork (node_modules/react-test-renderer/cjs/react-test-renderer.development.js:10972:22)
      at workLoopSync (node_modules/react-test-renderer/cjs/react-test-renderer.development.js:10816:41)
      at renderRootSync (node_modules/react-test-renderer/cjs/react-test-renderer.development.js:10797:11)
      at performWorkOnRoot (node_modules/react-test-renderer/cjs/react-test-renderer.development.js:10349:13)
      at performWorkOnRootViaSchedulerTask (node_modules/react-test-renderer/cjs/react-test-renderer.development.js:2094:7)
      at flushActQueue (node_modules/react/cjs/react.development.js:566:34)
      at Object.<anonymous>.process.env.NODE_ENV.exports.act (node_modules/react/cjs/react.development.js:859:10)
      at actImplementation (node_modules/@testing-library/react-native/src/act.ts:30:25)
      at fireEvent (node_modules/@testing-library/react-native/src/fire-event.ts:122:11)
      at fireEvent [as press] (node_modules/@testing-library/react-native/src/fire-event.ts:130:3)
      at Object.press (__tests__/add-expense.acceptance.test.tsx:17:15)

  console.error
    An update to Index inside a test was not wrapped in act(...).
    
    When testing, code that causes React state updates should be wrapped into act(...):
    
    act(() => {
      /* fire events that update state */
    });
    /* assert on the output */
    
    This ensures that you're testing the behavior the user would see in the browser. Learn more at https://react.dev/link/wrap-tests-with-act

    [0m [90m 144 |[39m       }
     [90m 145 |[39m
    [31m[1m>[22m[39m[90m 146 |[39m       setGroups(remoteGroups)[33m;[39m
     [90m     |[39m       [31m[1m^[22m[39m
     [90m 147 |[39m
     [90m 148 |[39m       [36mconst[39m nextActiveGroup [33m=[39m
     [90m 149 |[39m         remoteGroups[33m.[39mfind((group) [33m=>[39m group[33m.[39mid [33m===[39m preferredGroupId) [33m||[39m[0m

      at node_modules/react-test-renderer/cjs/react-test-renderer.development.js:11801:19
      at runWithFiberInDEV (node_modules/react-test-renderer/cjs/react-test-renderer.development.js:1574:13)
      at warnIfUpdatesNotWrappedWithActDEV (node_modules/react-test-renderer/cjs/react-test-renderer.development.js:11800:9)
      at scheduleUpdateOnFiber (node_modules/react-test-renderer/cjs/react-test-renderer.development.js:10326:9)
      at dispatchSetStateInternal (node_modules/react-test-renderer/cjs/react-test-renderer.development.js:4148:13)
      at dispatchSetState (node_modules/react-test-renderer/cjs/react-test-renderer.development.js:4107:7)
      at setGroups (app/index.tsx:146:7)
      at asyncGeneratorStep (node_modules/@babel/runtime/helpers/asyncToGenerator.js:3:17)
      at _next (node_modules/@babel/runtime/helpers/asyncToGenerator.js:17:9)

  console.error
    An update to Index inside a test was not wrapped in act(...).
    
    When testing, code that causes React state updates should be wrapped into act(...):
    
    act(() => {
      /* fire events that update state */
    });
    /* assert on the output */
    
    This ensures that you're testing the behavior the user would see in the browser. Learn more at https://react.dev/link/wrap-tests-with-act

    [0m [90m 152 |[39m         [36mnull[39m[33m;[39m
     [90m 153 |[39m
    [31m[1m>[22m[39m[90m 154 |[39m       setActiveGroupId(nextActiveGroup [33m?[39m nextActiveGroup[33m.[39mid [33m:[39m [36mnull[39m)[33m;[39m
     [90m     |[39m       [31m[1m^[22m[39m
     [90m 155 |[39m       setExpenses(nextActiveGroup[33m?[39m[33m.[39mexpenses [33m||[39m [])[33m;[39m
     [90m 156 |[39m       setParticipants(buildDefaultParticipants(nextActiveGroup[33m?[39m[33m.[39mmembers[33m.[39mmap((member) [33m=>[39m member[33m.[39mname) [33m||[39m []))[33m;[39m
     [90m 157 |[39m     }[0m

      at node_modules/react-test-renderer/cjs/react-test-renderer.development.js:11801:19
      at runWithFiberInDEV (node_modules/react-test-renderer/cjs/react-test-renderer.development.js:1574:13)
      at warnIfUpdatesNotWrappedWithActDEV (node_modules/react-test-renderer/cjs/react-test-renderer.development.js:11800:9)
      at scheduleUpdateOnFiber (node_modules/react-test-renderer/cjs/react-test-renderer.development.js:10326:9)
      at dispatchSetStateInternal (node_modules/react-test-renderer/cjs/react-test-renderer.development.js:4148:13)
      at dispatchSetState (node_modules/react-test-renderer/cjs/react-test-renderer.development.js:4107:7)
      at setActiveGroupId (app/index.tsx:154:7)
      at asyncGeneratorStep (node_modules/@babel/runtime/helpers/asyncToGenerator.js:3:17)
      at _next (node_modules/@babel/runtime/helpers/asyncToGenerator.js:17:9)

  console.error
    An update to Index inside a test was not wrapped in act(...).
    
    When testing, code that causes React state updates should be wrapped into act(...):
    
    act(() => {
      /* fire events that update state */
    });
    /* assert on the output */
    
    This ensures that you're testing the behavior the user would see in the browser. Learn more at https://react.dev/link/wrap-tests-with-act

    [0m [90m 153 |[39m
     [90m 154 |[39m       setActiveGroupId(nextActiveGroup [33m?[39m nextActiveGroup[33m.[39mid [33m:[39m [36mnull[39m)[33m;[39m
    [31m[1m>[22m[39m[90m 155 |[39m       setExpenses(nextActiveGroup[33m?[39m[33m.[39mexpenses [33m||[39m [])[33m;[39m
     [90m     |[39m       [31m[1m^[22m[39m
     [90m 156 |[39m       setParticipants(buildDefaultParticipants(nextActiveGroup[33m?[39m[33m.[39mmembers[33m.[39mmap((member) [33m=>[39m member[33m.[39mname) [33m||[39m []))[33m;[39m
     [90m 157 |[39m     }
     [90m 158 |[39m[0m

      at node_modules/react-test-renderer/cjs/react-test-renderer.development.js:11801:19
      at runWithFiberInDEV (node_modules/react-test-renderer/cjs/react-test-renderer.development.js:1574:13)
      at warnIfUpdatesNotWrappedWithActDEV (node_modules/react-test-renderer/cjs/react-test-renderer.development.js:11800:9)
      at scheduleUpdateOnFiber (node_modules/react-test-renderer/cjs/react-test-renderer.development.js:10326:9)
      at dispatchSetStateInternal (node_modules/react-test-renderer/cjs/react-test-renderer.development.js:4148:13)
      at dispatchSetState (node_modules/react-test-renderer/cjs/react-test-renderer.development.js:4107:7)
      at setExpenses (app/index.tsx:155:7)
      at asyncGeneratorStep (node_modules/@babel/runtime/helpers/asyncToGenerator.js:3:17)
      at _next (node_modules/@babel/runtime/helpers/asyncToGenerator.js:17:9)

  console.error
    An update to Index inside a test was not wrapped in act(...).
    
    When testing, code that causes React state updates should be wrapped into act(...):
    
    act(() => {
      /* fire events that update state */
    });
    /* assert on the output */
    
    This ensures that you're testing the behavior the user would see in the browser. Learn more at https://react.dev/link/wrap-tests-with-act

    [0m [90m 154 |[39m       setActiveGroupId(nextActiveGroup [33m?[39m nextActiveGroup[33m.[39mid [33m:[39m [36mnull[39m)[33m;[39m
     [90m 155 |[39m       setExpenses(nextActiveGroup[33m?[39m[33m.[39mexpenses [33m||[39m [])[33m;[39m
    [31m[1m>[22m[39m[90m 156 |[39m       setParticipants(buildDefaultParticipants(nextActiveGroup[33m?[39m[33m.[39mmembers[33m.[39mmap((member) [33m=>[39m member[33m.[39mname) [33m||[39m []))[33m;[39m
     [90m     |[39m       [31m[1m^[22m[39m
     [90m 157 |[39m     }
     [90m 158 |[39m
     [90m 159 |[39m     [36mvoid[39m refreshGroups()[33m;[39m[0m

      at node_modules/react-test-renderer/cjs/react-test-renderer.development.js:11801:19
      at runWithFiberInDEV (node_modules/react-test-renderer/cjs/react-test-renderer.development.js:1574:13)
      at warnIfUpdatesNotWrappedWithActDEV (node_modules/react-test-renderer/cjs/react-test-renderer.development.js:11800:9)
      at scheduleUpdateOnFiber (node_modules/react-test-renderer/cjs/react-test-renderer.development.js:10326:9)
      at dispatchSetStateInternal (node_modules/react-test-renderer/cjs/react-test-renderer.development.js:4148:13)
      at dispatchSetState (node_modules/react-test-renderer/cjs/react-test-renderer.development.js:4107:7)
      at setParticipants (app/index.tsx:156:7)
      at asyncGeneratorStep (node_modules/@babel/runtime/helpers/asyncToGenerator.js:3:17)
      at _next (node_modules/@babel/runtime/helpers/asyncToGenerator.js:17:9)

  console.error
    An update to Index inside a test was not wrapped in act(...).
    
    When testing, code that causes React state updates should be wrapped into act(...):
    
    act(() => {
      /* fire events that update state */
    });
    /* assert on the output */
    
    This ensures that you're testing the behavior the user would see in the browser. Learn more at https://react.dev/link/wrap-tests-with-act

    [0m [90m 343 |[39m
     [90m 344 |[39m     [36mconst[39m refreshedGroups [33m=[39m [36mawait[39m loadAccessibleGroups(currentUser[33m.[39muid)[33m;[39m
    [31m[1m>[22m[39m[90m 345 |[39m     setGroups(refreshedGroups)[33m;[39m
     [90m     |[39m     [31m[1m^[22m[39m
     [90m 346 |[39m
     [90m 347 |[39m     [36mconst[39m nextActiveGroup [33m=[39m
     [90m 348 |[39m       refreshedGroups[33m.[39mfind((group) [33m=>[39m group[33m.[39mid [33m===[39m preferredGroupId) [33m||[39m[0m

      at node_modules/react-test-renderer/cjs/react-test-renderer.development.js:11801:19
      at runWithFiberInDEV (node_modules/react-test-renderer/cjs/react-test-renderer.development.js:1574:13)
      at warnIfUpdatesNotWrappedWithActDEV (node_modules/react-test-renderer/cjs/react-test-renderer.development.js:11800:9)
      at scheduleUpdateOnFiber (node_modules/react-test-renderer/cjs/react-test-renderer.development.js:10326:9)
      at dispatchSetStateInternal (node_modules/react-test-renderer/cjs/react-test-renderer.development.js:4148:13)
      at dispatchSetState (node_modules/react-test-renderer/cjs/react-test-renderer.development.js:4107:7)
      at setGroups (app/index.tsx:345:5)
      at asyncGeneratorStep (node_modules/@babel/runtime/helpers/asyncToGenerator.js:3:17)
      at _next (node_modules/@babel/runtime/helpers/asyncToGenerator.js:17:9)

  console.error
    An update to Index inside a test was not wrapped in act(...).
    
    When testing, code that causes React state updates should be wrapped into act(...):
    
    act(() => {
      /* fire events that update state */
    });
    /* assert on the output */
    
    This ensures that you're testing the behavior the user would see in the browser. Learn more at https://react.dev/link/wrap-tests-with-act

    [0m [90m 351 |[39m       [36mnull[39m[33m;[39m
     [90m 352 |[39m
    [31m[1m>[22m[39m[90m 353 |[39m     setActiveGroupId(nextActiveGroup [33m?[39m nextActiveGroup[33m.[39mid [33m:[39m [36mnull[39m)[33m;[39m
     [90m     |[39m     [31m[1m^[22m[39m
     [90m 354 |[39m     setExpenses(nextActiveGroup[33m?[39m[33m.[39mexpenses [33m||[39m [])[33m;[39m
     [90m 355 |[39m     setParticipants(buildDefaultParticipants(nextActiveGroup[33m?[39m[33m.[39mmembers[33m.[39mmap((member) [33m=>[39m member[33m.[39mname) [33m||[39m []))[33m;[39m
     [90m 356 |[39m   }[0m

      at node_modules/react-test-renderer/cjs/react-test-renderer.development.js:11801:19
      at runWithFiberInDEV (node_modules/react-test-renderer/cjs/react-test-renderer.development.js:1574:13)
      at warnIfUpdatesNotWrappedWithActDEV (node_modules/react-test-renderer/cjs/react-test-renderer.development.js:11800:9)
      at scheduleUpdateOnFiber (node_modules/react-test-renderer/cjs/react-test-renderer.development.js:10326:9)
      at dispatchSetStateInternal (node_modules/react-test-renderer/cjs/react-test-renderer.development.js:4148:13)
      at dispatchSetState (node_modules/react-test-renderer/cjs/react-test-renderer.development.js:4107:7)
      at setActiveGroupId (app/index.tsx:353:5)
      at asyncGeneratorStep (node_modules/@babel/runtime/helpers/asyncToGenerator.js:3:17)
      at _next (node_modules/@babel/runtime/helpers/asyncToGenerator.js:17:9)

  console.error
    An update to Index inside a test was not wrapped in act(...).
    
    When testing, code that causes React state updates should be wrapped into act(...):
    
    act(() => {
      /* fire events that update state */
    });
    /* assert on the output */
    
    This ensures that you're testing the behavior the user would see in the browser. Learn more at https://react.dev/link/wrap-tests-with-act

    [0m [90m 352 |[39m
     [90m 353 |[39m     setActiveGroupId(nextActiveGroup [33m?[39m nextActiveGroup[33m.[39mid [33m:[39m [36mnull[39m)[33m;[39m
    [31m[1m>[22m[39m[90m 354 |[39m     setExpenses(nextActiveGroup[33m?[39m[33m.[39mexpenses [33m||[39m [])[33m;[39m
     [90m     |[39m     [31m[1m^[22m[39m
     [90m 355 |[39m     setParticipants(buildDefaultParticipants(nextActiveGroup[33m?[39m[33m.[39mmembers[33m.[39mmap((member) [33m=>[39m member[33m.[39mname) [33m||[39m []))[33m;[39m
     [90m 356 |[39m   }
     [90m 357 |[39m[0m

      at node_modules/react-test-renderer/cjs/react-test-renderer.development.js:11801:19
      at runWithFiberInDEV (node_modules/react-test-renderer/cjs/react-test-renderer.development.js:1574:13)
      at warnIfUpdatesNotWrappedWithActDEV (node_modules/react-test-renderer/cjs/react-test-renderer.development.js:11800:9)
      at scheduleUpdateOnFiber (node_modules/react-test-renderer/cjs/react-test-renderer.development.js:10326:9)
      at dispatchSetStateInternal (node_modules/react-test-renderer/cjs/react-test-renderer.development.js:4148:13)
      at dispatchSetState (node_modules/react-test-renderer/cjs/react-test-renderer.development.js:4107:7)
      at setExpenses (app/index.tsx:354:5)
      at asyncGeneratorStep (node_modules/@babel/runtime/helpers/asyncToGenerator.js:3:17)
      at _next (node_modules/@babel/runtime/helpers/asyncToGenerator.js:17:9)

  console.error
    An update to Index inside a test was not wrapped in act(...).
    
    When testing, code that causes React state updates should be wrapped into act(...):
    
    act(() => {
      /* fire events that update state */
    });
    /* assert on the output */
    
    This ensures that you're testing the behavior the user would see in the browser. Learn more at https://react.dev/link/wrap-tests-with-act

    [0m [90m 353 |[39m     setActiveGroupId(nextActiveGroup [33m?[39m nextActiveGroup[33m.[39mid [33m:[39m [36mnull[39m)[33m;[39m
     [90m 354 |[39m     setExpenses(nextActiveGroup[33m?[39m[33m.[39mexpenses [33m||[39m [])[33m;[39m
    [31m[1m>[22m[39m[90m 355 |[39m     setParticipants(buildDefaultParticipants(nextActiveGroup[33m?[39m[33m.[39mmembers[33m.[39mmap((member) [33m=>[39m member[33m.[39mname) [33m||[39m []))[33m;[39m
     [90m     |[39m     [31m[1m^[22m[39m
     [90m 356 |[39m   }
     [90m 357 |[39m
     [90m 358 |[39m   [36masync[39m [36mfunction[39m handleCreateGroup() {[0m

      at node_modules/react-test-renderer/cjs/react-test-renderer.development.js:11801:19
      at runWithFiberInDEV (node_modules/react-test-renderer/cjs/react-test-renderer.development.js:1574:13)
      at warnIfUpdatesNotWrappedWithActDEV (node_modules/react-test-renderer/cjs/react-test-renderer.development.js:11800:9)
      at scheduleUpdateOnFiber (node_modules/react-test-renderer/cjs/react-test-renderer.development.js:10326:9)
      at dispatchSetStateInternal (node_modules/react-test-renderer/cjs/react-test-renderer.development.js:4148:13)
      at dispatchSetState (node_modules/react-test-renderer/cjs/react-test-renderer.development.js:4107:7)
      at setParticipants (app/index.tsx:355:5)
      at asyncGeneratorStep (node_modules/@babel/runtime/helpers/asyncToGenerator.js:3:17)
      at _next (node_modules/@babel/runtime/helpers/asyncToGenerator.js:17:9)

  console.error
    An update to Index inside a test was not wrapped in act(...).
    
    When testing, code that causes React state updates should be wrapped into act(...):
    
    act(() => {
      /* fire events that update state */
    });
    /* assert on the output */
    
    This ensures that you're testing the behavior the user would see in the browser. Learn more at https://react.dev/link/wrap-tests-with-act

    [0m [90m 144 |[39m       }
     [90m 145 |[39m
    [31m[1m>[22m[39m[90m 146 |[39m       setGroups(remoteGroups)[33m;[39m
     [90m     |[39m       [31m[1m^[22m[39m
     [90m 147 |[39m
     [90m 148 |[39m       [36mconst[39m nextActiveGroup [33m=[39m
     [90m 149 |[39m         remoteGroups[33m.[39mfind((group) [33m=>[39m group[33m.[39mid [33m===[39m preferredGroupId) [33m||[39m[0m

      at node_modules/react-test-renderer/cjs/react-test-renderer.development.js:11801:19
      at runWithFiberInDEV (node_modules/react-test-renderer/cjs/react-test-renderer.development.js:1574:13)
      at warnIfUpdatesNotWrappedWithActDEV (node_modules/react-test-renderer/cjs/react-test-renderer.development.js:11800:9)
      at scheduleUpdateOnFiber (node_modules/react-test-renderer/cjs/react-test-renderer.development.js:10326:9)
      at dispatchSetStateInternal (node_modules/react-test-renderer/cjs/react-test-renderer.development.js:4148:13)
      at dispatchSetState (node_modules/react-test-renderer/cjs/react-test-renderer.development.js:4107:7)
      at setGroups (app/index.tsx:146:7)
      at asyncGeneratorStep (node_modules/@babel/runtime/helpers/asyncToGenerator.js:3:17)
      at _next (node_modules/@babel/runtime/helpers/asyncToGenerator.js:17:9)

  console.error
    An update to Index inside a test was not wrapped in act(...).
    
    When testing, code that causes React state updates should be wrapped into act(...):
    
    act(() => {
      /* fire events that update state */
    });
    /* assert on the output */
    
    This ensures that you're testing the behavior the user would see in the browser. Learn more at https://react.dev/link/wrap-tests-with-act

    [0m [90m 152 |[39m         [36mnull[39m[33m;[39m
     [90m 153 |[39m
    [31m[1m>[22m[39m[90m 154 |[39m       setActiveGroupId(nextActiveGroup [33m?[39m nextActiveGroup[33m.[39mid [33m:[39m [36mnull[39m)[33m;[39m
     [90m     |[39m       [31m[1m^[22m[39m
     [90m 155 |[39m       setExpenses(nextActiveGroup[33m?[39m[33m.[39mexpenses [33m||[39m [])[33m;[39m
     [90m 156 |[39m       setParticipants(buildDefaultParticipants(nextActiveGroup[33m?[39m[33m.[39mmembers[33m.[39mmap((member) [33m=>[39m member[33m.[39mname) [33m||[39m []))[33m;[39m
     [90m 157 |[39m     }[0m

      at node_modules/react-test-renderer/cjs/react-test-renderer.development.js:11801:19
      at runWithFiberInDEV (node_modules/react-test-renderer/cjs/react-test-renderer.development.js:1574:13)
      at warnIfUpdatesNotWrappedWithActDEV (node_modules/react-test-renderer/cjs/react-test-renderer.development.js:11800:9)
      at scheduleUpdateOnFiber (node_modules/react-test-renderer/cjs/react-test-renderer.development.js:10326:9)
      at dispatchSetStateInternal (node_modules/react-test-renderer/cjs/react-test-renderer.development.js:4148:13)
      at dispatchSetState (node_modules/react-test-renderer/cjs/react-test-renderer.development.js:4107:7)
      at setActiveGroupId (app/index.tsx:154:7)
      at asyncGeneratorStep (node_modules/@babel/runtime/helpers/asyncToGenerator.js:3:17)
      at _next (node_modules/@babel/runtime/helpers/asyncToGenerator.js:17:9)

  console.error
    An update to Index inside a test was not wrapped in act(...).
    
    When testing, code that causes React state updates should be wrapped into act(...):
    
    act(() => {
      /* fire events that update state */
    });
    /* assert on the output */
    
    This ensures that you're testing the behavior the user would see in the browser. Learn more at https://react.dev/link/wrap-tests-with-act

    [0m [90m 153 |[39m
     [90m 154 |[39m       setActiveGroupId(nextActiveGroup [33m?[39m nextActiveGroup[33m.[39mid [33m:[39m [36mnull[39m)[33m;[39m
    [31m[1m>[22m[39m[90m 155 |[39m       setExpenses(nextActiveGroup[33m?[39m[33m.[39mexpenses [33m||[39m [])[33m;[39m
     [90m     |[39m       [31m[1m^[22m[39m
     [90m 156 |[39m       setParticipants(buildDefaultParticipants(nextActiveGroup[33m?[39m[33m.[39mmembers[33m.[39mmap((member) [33m=>[39m member[33m.[39mname) [33m||[39m []))[33m;[39m
     [90m 157 |[39m     }
     [90m 158 |[39m[0m

      at node_modules/react-test-renderer/cjs/react-test-renderer.development.js:11801:19
      at runWithFiberInDEV (node_modules/react-test-renderer/cjs/react-test-renderer.development.js:1574:13)
      at warnIfUpdatesNotWrappedWithActDEV (node_modules/react-test-renderer/cjs/react-test-renderer.development.js:11800:9)
      at scheduleUpdateOnFiber (node_modules/react-test-renderer/cjs/react-test-renderer.development.js:10326:9)
      at dispatchSetStateInternal (node_modules/react-test-renderer/cjs/react-test-renderer.development.js:4148:13)
      at dispatchSetState (node_modules/react-test-renderer/cjs/react-test-renderer.development.js:4107:7)
      at setExpenses (app/index.tsx:155:7)
      at asyncGeneratorStep (node_modules/@babel/runtime/helpers/asyncToGenerator.js:3:17)
      at _next (node_modules/@babel/runtime/helpers/asyncToGenerator.js:17:9)

  console.error
    An update to Index inside a test was not wrapped in act(...).
    
    When testing, code that causes React state updates should be wrapped into act(...):
    
    act(() => {
      /* fire events that update state */
    });
    /* assert on the output */
    
    This ensures that you're testing the behavior the user would see in the browser. Learn more at https://react.dev/link/wrap-tests-with-act

    [0m [90m 154 |[39m       setActiveGroupId(nextActiveGroup [33m?[39m nextActiveGroup[33m.[39mid [33m:[39m [36mnull[39m)[33m;[39m
     [90m 155 |[39m       setExpenses(nextActiveGroup[33m?[39m[33m.[39mexpenses [33m||[39m [])[33m;[39m
    [31m[1m>[22m[39m[90m 156 |[39m       setParticipants(buildDefaultParticipants(nextActiveGroup[33m?[39m[33m.[39mmembers[33m.[39mmap((member) [33m=>[39m member[33m.[39mname) [33m||[39m []))[33m;[39m
     [90m     |[39m       [31m[1m^[22m[39m
     [90m 157 |[39m     }
     [90m 158 |[39m
     [90m 159 |[39m     [36mvoid[39m refreshGroups()[33m;[39m[0m

      at node_modules/react-test-renderer/cjs/react-test-renderer.development.js:11801:19
      at runWithFiberInDEV (node_modules/react-test-renderer/cjs/react-test-renderer.development.js:1574:13)
      at warnIfUpdatesNotWrappedWithActDEV (node_modules/react-test-renderer/cjs/react-test-renderer.development.js:11800:9)
      at scheduleUpdateOnFiber (node_modules/react-test-renderer/cjs/react-test-renderer.development.js:10326:9)
      at dispatchSetStateInternal (node_modules/react-test-renderer/cjs/react-test-renderer.development.js:4148:13)
      at dispatchSetState (node_modules/react-test-renderer/cjs/react-test-renderer.development.js:4107:7)
      at setParticipants (app/index.tsx:156:7)
      at asyncGeneratorStep (node_modules/@babel/runtime/helpers/asyncToGenerator.js:3:17)
      at _next (node_modules/@babel/runtime/helpers/asyncToGenerator.js:17:9)

PASS __tests__/add-expense.acceptance.test.tsx
  Feature: Add an expense to a group
    ÔêÜ Scenario: Given the user is adding an expense, When they submit valid details, Then the group expense list includes the new 
expense with the submitted amount and payer (292 ms)
    ÔêÜ Scenario: Given the user is adding an expense, When they submit an invalid amount, Then the form explains the amount problem and 
prevents the expense from being added (152 ms)

  console.warn
    SafeAreaView has been deprecated and will be removed in a future release. Please use 'react-native-safe-area-context' instead. See https://github.com/th3rdwave/react-native-safe-area-context

    [0m [90m 585 |[39m
     [90m 586 |[39m   [36mreturn[39m (
    [31m[1m>[22m[39m[90m 587 |[39m     [33m<[39m[33mSafeAreaView[39m style[33m=[39m{styles[33m.[39msafeArea}[33m>[39m
     [90m     |[39m      [31m[1m^[22m[39m
     [90m 588 |[39m       [33m<[39m[33mScrollView[39m contentContainerStyle[33m=[39m{styles[33m.[39mcontainer}[33m>[39m
     [90m 589 |[39m         [33m<[39m[33mView[39m style[33m=[39m{styles[33m.[39mheaderCard}[33m>[39m
     [90m 590 |[39m           [33m<[39m[33mText[39m style[33m=[39m{styles[33m.[39mkicker}[33m>[39m[33mSmartSplit[39m[33m<[39m[33m/[39m[33mText[39m[33m>[39m[0m

      at warn (node_modules/react-native/Libraries/Utilities/warnOnce.js:27:11)
      at Object.warnOnce [as SafeAreaView] (node_modules/react-native/index.js:92:5)
      at SafeAreaView (app/index.tsx:587:6)
      at Object.react-stack-bottom-frame (node_modules/react-test-renderer/cjs/react-test-renderer.development.js:13976:20)
      at renderWithHooks (node_modules/react-test-renderer/cjs/react-test-renderer.development.js:2866:22)
      at updateFunctionComponent (node_modules/react-test-renderer/cjs/react-test-renderer.development.js:6006:19)
      at beginWork (node_modules/react-test-renderer/cjs/react-test-renderer.development.js:7474:18)
      at runWithFiberInDEV (node_modules/react-test-renderer/cjs/react-test-renderer.development.js:1574:13)
      at performUnitOfWork (node_modules/react-test-renderer/cjs/react-test-renderer.development.js:10972:22)
      at workLoopSync (node_modules/react-test-renderer/cjs/react-test-renderer.development.js:10816:41)
      at renderRootSync (node_modules/react-test-renderer/cjs/react-test-renderer.development.js:10797:11)
      at performWorkOnRoot (node_modules/react-test-renderer/cjs/react-test-renderer.development.js:10349:13)
      at performWorkOnRootViaSchedulerTask (node_modules/react-test-renderer/cjs/react-test-renderer.development.js:2094:7)
      at flushActQueue (node_modules/react/cjs/react.development.js:566:34)
      at Object.<anonymous>.process.env.NODE_ENV.exports.act (node_modules/react/cjs/react.development.js:859:10)
      at actImplementation (node_modules/@testing-library/react-native/src/act.ts:30:25)
      at renderWithAct (node_modules/@testing-library/react-native/src/render-act.ts:13:11)
      at renderInternal (node_modules/@testing-library/react-native/src/render.tsx:69:33)
      at renderInternal (node_modules/@testing-library/react-native/src/render.tsx:44:10)
      at Object.<anonymous> (__tests__/balance.acceptance.test.tsx:8:60)

  console.error
    An update to Index inside a test was not wrapped in act(...).
    
    When testing, code that causes React state updates should be wrapped into act(...):
    
    act(() => {
      /* fire events that update state */
    });
    /* assert on the output */
    
    This ensures that you're testing the behavior the user would see in the browser. Learn more at https://react.dev/link/wrap-tests-with-act

    [0m [90m 144 |[39m       }
     [90m 145 |[39m
    [31m[1m>[22m[39m[90m 146 |[39m       setGroups(remoteGroups)[33m;[39m
     [90m     |[39m       [31m[1m^[22m[39m
     [90m 147 |[39m
     [90m 148 |[39m       [36mconst[39m nextActiveGroup [33m=[39m
     [90m 149 |[39m         remoteGroups[33m.[39mfind((group) [33m=>[39m group[33m.[39mid [33m===[39m preferredGroupId) [33m||[39m[0m

      at node_modules/react-test-renderer/cjs/react-test-renderer.development.js:11801:19
      at runWithFiberInDEV (node_modules/react-test-renderer/cjs/react-test-renderer.development.js:1574:13)
      at warnIfUpdatesNotWrappedWithActDEV (node_modules/react-test-renderer/cjs/react-test-renderer.development.js:11800:9)
      at scheduleUpdateOnFiber (node_modules/react-test-renderer/cjs/react-test-renderer.development.js:10326:9)
      at dispatchSetStateInternal (node_modules/react-test-renderer/cjs/react-test-renderer.development.js:4148:13)
      at dispatchSetState (node_modules/react-test-renderer/cjs/react-test-renderer.development.js:4107:7)
      at setGroups (app/index.tsx:146:7)
      at asyncGeneratorStep (node_modules/@babel/runtime/helpers/asyncToGenerator.js:3:17)
      at _next (node_modules/@babel/runtime/helpers/asyncToGenerator.js:17:9)

  console.error
    An update to Index inside a test was not wrapped in act(...).
    
    When testing, code that causes React state updates should be wrapped into act(...):
    
    act(() => {
      /* fire events that update state */
    });
    /* assert on the output */
    
    This ensures that you're testing the behavior the user would see in the browser. Learn more at https://react.dev/link/wrap-tests-with-act

    [0m [90m 152 |[39m         [36mnull[39m[33m;[39m
     [90m 153 |[39m
    [31m[1m>[22m[39m[90m 154 |[39m       setActiveGroupId(nextActiveGroup [33m?[39m nextActiveGroup[33m.[39mid [33m:[39m [36mnull[39m)[33m;[39m
     [90m     |[39m       [31m[1m^[22m[39m
     [90m 155 |[39m       setExpenses(nextActiveGroup[33m?[39m[33m.[39mexpenses [33m||[39m [])[33m;[39m
     [90m 156 |[39m       setParticipants(buildDefaultParticipants(nextActiveGroup[33m?[39m[33m.[39mmembers[33m.[39mmap((member) [33m=>[39m member[33m.[39mname) [33m||[39m []))[33m;[39m
     [90m 157 |[39m     }[0m

      at node_modules/react-test-renderer/cjs/react-test-renderer.development.js:11801:19
      at runWithFiberInDEV (node_modules/react-test-renderer/cjs/react-test-renderer.development.js:1574:13)
      at warnIfUpdatesNotWrappedWithActDEV (node_modules/react-test-renderer/cjs/react-test-renderer.development.js:11800:9)
      at scheduleUpdateOnFiber (node_modules/react-test-renderer/cjs/react-test-renderer.development.js:10326:9)
      at dispatchSetStateInternal (node_modules/react-test-renderer/cjs/react-test-renderer.development.js:4148:13)
      at dispatchSetState (node_modules/react-test-renderer/cjs/react-test-renderer.development.js:4107:7)
      at setActiveGroupId (app/index.tsx:154:7)
      at asyncGeneratorStep (node_modules/@babel/runtime/helpers/asyncToGenerator.js:3:17)
      at _next (node_modules/@babel/runtime/helpers/asyncToGenerator.js:17:9)

  console.error
    An update to Index inside a test was not wrapped in act(...).
    
    When testing, code that causes React state updates should be wrapped into act(...):
    
    act(() => {
      /* fire events that update state */
    });
    /* assert on the output */
    
    This ensures that you're testing the behavior the user would see in the browser. Learn more at https://react.dev/link/wrap-tests-with-act

    [0m [90m 153 |[39m
     [90m 154 |[39m       setActiveGroupId(nextActiveGroup [33m?[39m nextActiveGroup[33m.[39mid [33m:[39m [36mnull[39m)[33m;[39m
    [31m[1m>[22m[39m[90m 155 |[39m       setExpenses(nextActiveGroup[33m?[39m[33m.[39mexpenses [33m||[39m [])[33m;[39m
     [90m     |[39m       [31m[1m^[22m[39m
     [90m 156 |[39m       setParticipants(buildDefaultParticipants(nextActiveGroup[33m?[39m[33m.[39mmembers[33m.[39mmap((member) [33m=>[39m member[33m.[39mname) [33m||[39m []))[33m;[39m
     [90m 157 |[39m     }
     [90m 158 |[39m[0m

      at node_modules/react-test-renderer/cjs/react-test-renderer.development.js:11801:19
      at runWithFiberInDEV (node_modules/react-test-renderer/cjs/react-test-renderer.development.js:1574:13)
      at warnIfUpdatesNotWrappedWithActDEV (node_modules/react-test-renderer/cjs/react-test-renderer.development.js:11800:9)
      at scheduleUpdateOnFiber (node_modules/react-test-renderer/cjs/react-test-renderer.development.js:10326:9)
      at dispatchSetStateInternal (node_modules/react-test-renderer/cjs/react-test-renderer.development.js:4148:13)
      at dispatchSetState (node_modules/react-test-renderer/cjs/react-test-renderer.development.js:4107:7)
      at setExpenses (app/index.tsx:155:7)
      at asyncGeneratorStep (node_modules/@babel/runtime/helpers/asyncToGenerator.js:3:17)
      at _next (node_modules/@babel/runtime/helpers/asyncToGenerator.js:17:9)

  console.error
    An update to Index inside a test was not wrapped in act(...).
    
    When testing, code that causes React state updates should be wrapped into act(...):
    
    act(() => {
      /* fire events that update state */
    });
    /* assert on the output */
    
    This ensures that you're testing the behavior the user would see in the browser. Learn more at https://react.dev/link/wrap-tests-with-act

    [0m [90m 154 |[39m       setActiveGroupId(nextActiveGroup [33m?[39m nextActiveGroup[33m.[39mid [33m:[39m [36mnull[39m)[33m;[39m
     [90m 155 |[39m       setExpenses(nextActiveGroup[33m?[39m[33m.[39mexpenses [33m||[39m [])[33m;[39m
    [31m[1m>[22m[39m[90m 156 |[39m       setParticipants(buildDefaultParticipants(nextActiveGroup[33m?[39m[33m.[39mmembers[33m.[39mmap((member) [33m=>[39m member[33m.[39mname) [33m||[39m []))[33m;[39m
     [90m     |[39m       [31m[1m^[22m[39m
     [90m 157 |[39m     }
     [90m 158 |[39m
     [90m 159 |[39m     [36mvoid[39m refreshGroups()[33m;[39m[0m

      at node_modules/react-test-renderer/cjs/react-test-renderer.development.js:11801:19
      at runWithFiberInDEV (node_modules/react-test-renderer/cjs/react-test-renderer.development.js:1574:13)
      at warnIfUpdatesNotWrappedWithActDEV (node_modules/react-test-renderer/cjs/react-test-renderer.development.js:11800:9)
      at scheduleUpdateOnFiber (node_modules/react-test-renderer/cjs/react-test-renderer.development.js:10326:9)
      at dispatchSetStateInternal (node_modules/react-test-renderer/cjs/react-test-renderer.development.js:4148:13)
      at dispatchSetState (node_modules/react-test-renderer/cjs/react-test-renderer.development.js:4107:7)
      at setParticipants (app/index.tsx:156:7)
      at asyncGeneratorStep (node_modules/@babel/runtime/helpers/asyncToGenerator.js:3:17)
      at _next (node_modules/@babel/runtime/helpers/asyncToGenerator.js:17:9)

  console.error
    An update to Index inside a test was not wrapped in act(...).
    
    When testing, code that causes React state updates should be wrapped into act(...):
    
    act(() => {
      /* fire events that update state */
    });
    /* assert on the output */
    
    This ensures that you're testing the behavior the user would see in the browser. Learn more at https://react.dev/link/wrap-tests-with-act

    [0m [90m 144 |[39m       }
     [90m 145 |[39m
    [31m[1m>[22m[39m[90m 146 |[39m       setGroups(remoteGroups)[33m;[39m
     [90m     |[39m       [31m[1m^[22m[39m
     [90m 147 |[39m
     [90m 148 |[39m       [36mconst[39m nextActiveGroup [33m=[39m
     [90m 149 |[39m         remoteGroups[33m.[39mfind((group) [33m=>[39m group[33m.[39mid [33m===[39m preferredGroupId) [33m||[39m[0m

      at node_modules/react-test-renderer/cjs/react-test-renderer.development.js:11801:19
      at runWithFiberInDEV (node_modules/react-test-renderer/cjs/react-test-renderer.development.js:1574:13)
      at warnIfUpdatesNotWrappedWithActDEV (node_modules/react-test-renderer/cjs/react-test-renderer.development.js:11800:9)
      at scheduleUpdateOnFiber (node_modules/react-test-renderer/cjs/react-test-renderer.development.js:10326:9)
      at dispatchSetStateInternal (node_modules/react-test-renderer/cjs/react-test-renderer.development.js:4148:13)
      at dispatchSetState (node_modules/react-test-renderer/cjs/react-test-renderer.development.js:4107:7)
      at setGroups (app/index.tsx:146:7)
      at asyncGeneratorStep (node_modules/@babel/runtime/helpers/asyncToGenerator.js:3:17)
      at _next (node_modules/@babel/runtime/helpers/asyncToGenerator.js:17:9)

  console.error
    An update to Index inside a test was not wrapped in act(...).
    
    When testing, code that causes React state updates should be wrapped into act(...):
    
    act(() => {
      /* fire events that update state */
    });
    /* assert on the output */
    
    This ensures that you're testing the behavior the user would see in the browser. Learn more at https://react.dev/link/wrap-tests-with-act

    [0m [90m 152 |[39m         [36mnull[39m[33m;[39m
     [90m 153 |[39m
    [31m[1m>[22m[39m[90m 154 |[39m       setActiveGroupId(nextActiveGroup [33m?[39m nextActiveGroup[33m.[39mid [33m:[39m [36mnull[39m)[33m;[39m
     [90m     |[39m       [31m[1m^[22m[39m
     [90m 155 |[39m       setExpenses(nextActiveGroup[33m?[39m[33m.[39mexpenses [33m||[39m [])[33m;[39m
     [90m 156 |[39m       setParticipants(buildDefaultParticipants(nextActiveGroup[33m?[39m[33m.[39mmembers[33m.[39mmap((member) [33m=>[39m member[33m.[39mname) [33m||[39m []))[33m;[39m
     [90m 157 |[39m     }[0m

      at node_modules/react-test-renderer/cjs/react-test-renderer.development.js:11801:19
      at runWithFiberInDEV (node_modules/react-test-renderer/cjs/react-test-renderer.development.js:1574:13)
      at warnIfUpdatesNotWrappedWithActDEV (node_modules/react-test-renderer/cjs/react-test-renderer.development.js:11800:9)
      at scheduleUpdateOnFiber (node_modules/react-test-renderer/cjs/react-test-renderer.development.js:10326:9)
      at dispatchSetStateInternal (node_modules/react-test-renderer/cjs/react-test-renderer.development.js:4148:13)
      at dispatchSetState (node_modules/react-test-renderer/cjs/react-test-renderer.development.js:4107:7)
      at setActiveGroupId (app/index.tsx:154:7)
      at asyncGeneratorStep (node_modules/@babel/runtime/helpers/asyncToGenerator.js:3:17)
      at _next (node_modules/@babel/runtime/helpers/asyncToGenerator.js:17:9)

  console.error
    An update to Index inside a test was not wrapped in act(...).
    
    When testing, code that causes React state updates should be wrapped into act(...):
    
    act(() => {
      /* fire events that update state */
    });
    /* assert on the output */
    
    This ensures that you're testing the behavior the user would see in the browser. Learn more at https://react.dev/link/wrap-tests-with-act

    [0m [90m 153 |[39m
     [90m 154 |[39m       setActiveGroupId(nextActiveGroup [33m?[39m nextActiveGroup[33m.[39mid [33m:[39m [36mnull[39m)[33m;[39m
    [31m[1m>[22m[39m[90m 155 |[39m       setExpenses(nextActiveGroup[33m?[39m[33m.[39mexpenses [33m||[39m [])[33m;[39m
     [90m     |[39m       [31m[1m^[22m[39m
     [90m 156 |[39m       setParticipants(buildDefaultParticipants(nextActiveGroup[33m?[39m[33m.[39mmembers[33m.[39mmap((member) [33m=>[39m member[33m.[39mname) [33m||[39m []))[33m;[39m
     [90m 157 |[39m     }
     [90m 158 |[39m[0m

      at node_modules/react-test-renderer/cjs/react-test-renderer.development.js:11801:19
      at runWithFiberInDEV (node_modules/react-test-renderer/cjs/react-test-renderer.development.js:1574:13)
      at warnIfUpdatesNotWrappedWithActDEV (node_modules/react-test-renderer/cjs/react-test-renderer.development.js:11800:9)
      at scheduleUpdateOnFiber (node_modules/react-test-renderer/cjs/react-test-renderer.development.js:10326:9)
      at dispatchSetStateInternal (node_modules/react-test-renderer/cjs/react-test-renderer.development.js:4148:13)
      at dispatchSetState (node_modules/react-test-renderer/cjs/react-test-renderer.development.js:4107:7)
      at setExpenses (app/index.tsx:155:7)
      at asyncGeneratorStep (node_modules/@babel/runtime/helpers/asyncToGenerator.js:3:17)
      at _next (node_modules/@babel/runtime/helpers/asyncToGenerator.js:17:9)

  console.error
    An update to Index inside a test was not wrapped in act(...).
    
    When testing, code that causes React state updates should be wrapped into act(...):
    
    act(() => {
      /* fire events that update state */
    });
    /* assert on the output */
    
    This ensures that you're testing the behavior the user would see in the browser. Learn more at https://react.dev/link/wrap-tests-with-act

    [0m [90m 154 |[39m       setActiveGroupId(nextActiveGroup [33m?[39m nextActiveGroup[33m.[39mid [33m:[39m [36mnull[39m)[33m;[39m
     [90m 155 |[39m       setExpenses(nextActiveGroup[33m?[39m[33m.[39mexpenses [33m||[39m [])[33m;[39m
    [31m[1m>[22m[39m[90m 156 |[39m       setParticipants(buildDefaultParticipants(nextActiveGroup[33m?[39m[33m.[39mmembers[33m.[39mmap((member) [33m=>[39m member[33m.[39mname) [33m||[39m []))[33m;[39m
     [90m     |[39m       [31m[1m^[22m[39m
     [90m 157 |[39m     }
     [90m 158 |[39m
     [90m 159 |[39m     [36mvoid[39m refreshGroups()[33m;[39m[0m

      at node_modules/react-test-renderer/cjs/react-test-renderer.development.js:11801:19
      at runWithFiberInDEV (node_modules/react-test-renderer/cjs/react-test-renderer.development.js:1574:13)
      at warnIfUpdatesNotWrappedWithActDEV (node_modules/react-test-renderer/cjs/react-test-renderer.development.js:11800:9)
      at scheduleUpdateOnFiber (node_modules/react-test-renderer/cjs/react-test-renderer.development.js:10326:9)
      at dispatchSetStateInternal (node_modules/react-test-renderer/cjs/react-test-renderer.development.js:4148:13)
      at dispatchSetState (node_modules/react-test-renderer/cjs/react-test-renderer.development.js:4107:7)
      at setParticipants (app/index.tsx:156:7)
      at asyncGeneratorStep (node_modules/@babel/runtime/helpers/asyncToGenerator.js:3:17)
      at _next (node_modules/@babel/runtime/helpers/asyncToGenerator.js:17:9)

  console.error
    An update to Index inside a test was not wrapped in act(...).
    
    When testing, code that causes React state updates should be wrapped into act(...):
    
    act(() => {
      /* fire events that update state */
    });
    /* assert on the output */
    
    This ensures that you're testing the behavior the user would see in the browser. Learn more at https://react.dev/link/wrap-tests-with-act

    [0m [90m 343 |[39m
     [90m 344 |[39m     [36mconst[39m refreshedGroups [33m=[39m [36mawait[39m loadAccessibleGroups(currentUser[33m.[39muid)[33m;[39m
    [31m[1m>[22m[39m[90m 345 |[39m     setGroups(refreshedGroups)[33m;[39m
     [90m     |[39m     [31m[1m^[22m[39m
     [90m 346 |[39m
     [90m 347 |[39m     [36mconst[39m nextActiveGroup [33m=[39m
     [90m 348 |[39m       refreshedGroups[33m.[39mfind((group) [33m=>[39m group[33m.[39mid [33m===[39m preferredGroupId) [33m||[39m[0m

      at node_modules/react-test-renderer/cjs/react-test-renderer.development.js:11801:19
      at runWithFiberInDEV (node_modules/react-test-renderer/cjs/react-test-renderer.development.js:1574:13)
      at warnIfUpdatesNotWrappedWithActDEV (node_modules/react-test-renderer/cjs/react-test-renderer.development.js:11800:9)
      at scheduleUpdateOnFiber (node_modules/react-test-renderer/cjs/react-test-renderer.development.js:10326:9)
      at dispatchSetStateInternal (node_modules/react-test-renderer/cjs/react-test-renderer.development.js:4148:13)
      at dispatchSetState (node_modules/react-test-renderer/cjs/react-test-renderer.development.js:4107:7)
      at setGroups (app/index.tsx:345:5)
      at asyncGeneratorStep (node_modules/@babel/runtime/helpers/asyncToGenerator.js:3:17)
      at _next (node_modules/@babel/runtime/helpers/asyncToGenerator.js:17:9)

  console.error
    An update to Index inside a test was not wrapped in act(...).
    
    When testing, code that causes React state updates should be wrapped into act(...):
    
    act(() => {
      /* fire events that update state */
    });
    /* assert on the output */
    
    This ensures that you're testing the behavior the user would see in the browser. Learn more at https://react.dev/link/wrap-tests-with-act

    [0m [90m 351 |[39m       [36mnull[39m[33m;[39m
     [90m 352 |[39m
    [31m[1m>[22m[39m[90m 353 |[39m     setActiveGroupId(nextActiveGroup [33m?[39m nextActiveGroup[33m.[39mid [33m:[39m [36mnull[39m)[33m;[39m
     [90m     |[39m     [31m[1m^[22m[39m
     [90m 354 |[39m     setExpenses(nextActiveGroup[33m?[39m[33m.[39mexpenses [33m||[39m [])[33m;[39m
     [90m 355 |[39m     setParticipants(buildDefaultParticipants(nextActiveGroup[33m?[39m[33m.[39mmembers[33m.[39mmap((member) [33m=>[39m member[33m.[39mname) [33m||[39m []))[33m;[39m
     [90m 356 |[39m   }[0m

      at node_modules/react-test-renderer/cjs/react-test-renderer.development.js:11801:19
      at runWithFiberInDEV (node_modules/react-test-renderer/cjs/react-test-renderer.development.js:1574:13)
      at warnIfUpdatesNotWrappedWithActDEV (node_modules/react-test-renderer/cjs/react-test-renderer.development.js:11800:9)
      at scheduleUpdateOnFiber (node_modules/react-test-renderer/cjs/react-test-renderer.development.js:10326:9)
      at dispatchSetStateInternal (node_modules/react-test-renderer/cjs/react-test-renderer.development.js:4148:13)
      at dispatchSetState (node_modules/react-test-renderer/cjs/react-test-renderer.development.js:4107:7)
      at setActiveGroupId (app/index.tsx:353:5)
      at asyncGeneratorStep (node_modules/@babel/runtime/helpers/asyncToGenerator.js:3:17)
      at _next (node_modules/@babel/runtime/helpers/asyncToGenerator.js:17:9)

  console.error
    An update to Index inside a test was not wrapped in act(...).
    
    When testing, code that causes React state updates should be wrapped into act(...):
    
    act(() => {
      /* fire events that update state */
    });
    /* assert on the output */
    
    This ensures that you're testing the behavior the user would see in the browser. Learn more at https://react.dev/link/wrap-tests-with-act

    [0m [90m 352 |[39m
     [90m 353 |[39m     setActiveGroupId(nextActiveGroup [33m?[39m nextActiveGroup[33m.[39mid [33m:[39m [36mnull[39m)[33m;[39m
    [31m[1m>[22m[39m[90m 354 |[39m     setExpenses(nextActiveGroup[33m?[39m[33m.[39mexpenses [33m||[39m [])[33m;[39m
     [90m     |[39m     [31m[1m^[22m[39m
     [90m 355 |[39m     setParticipants(buildDefaultParticipants(nextActiveGroup[33m?[39m[33m.[39mmembers[33m.[39mmap((member) [33m=>[39m member[33m.[39mname) [33m||[39m []))[33m;[39m
     [90m 356 |[39m   }
     [90m 357 |[39m[0m

      at node_modules/react-test-renderer/cjs/react-test-renderer.development.js:11801:19
      at runWithFiberInDEV (node_modules/react-test-renderer/cjs/react-test-renderer.development.js:1574:13)
      at warnIfUpdatesNotWrappedWithActDEV (node_modules/react-test-renderer/cjs/react-test-renderer.development.js:11800:9)
      at scheduleUpdateOnFiber (node_modules/react-test-renderer/cjs/react-test-renderer.development.js:10326:9)
      at dispatchSetStateInternal (node_modules/react-test-renderer/cjs/react-test-renderer.development.js:4148:13)
      at dispatchSetState (node_modules/react-test-renderer/cjs/react-test-renderer.development.js:4107:7)
      at setExpenses (app/index.tsx:354:5)
      at asyncGeneratorStep (node_modules/@babel/runtime/helpers/asyncToGenerator.js:3:17)
      at _next (node_modules/@babel/runtime/helpers/asyncToGenerator.js:17:9)

  console.error
    An update to Index inside a test was not wrapped in act(...).
    
    When testing, code that causes React state updates should be wrapped into act(...):
    
    act(() => {
      /* fire events that update state */
    });
    /* assert on the output */
    
    This ensures that you're testing the behavior the user would see in the browser. Learn more at https://react.dev/link/wrap-tests-with-act

    [0m [90m 353 |[39m     setActiveGroupId(nextActiveGroup [33m?[39m nextActiveGroup[33m.[39mid [33m:[39m [36mnull[39m)[33m;[39m
     [90m 354 |[39m     setExpenses(nextActiveGroup[33m?[39m[33m.[39mexpenses [33m||[39m [])[33m;[39m
    [31m[1m>[22m[39m[90m 355 |[39m     setParticipants(buildDefaultParticipants(nextActiveGroup[33m?[39m[33m.[39mmembers[33m.[39mmap((member) [33m=>[39m member[33m.[39mname) [33m||[39m []))[33m;[39m
     [90m     |[39m     [31m[1m^[22m[39m
     [90m 356 |[39m   }
     [90m 357 |[39m
     [90m 358 |[39m   [36masync[39m [36mfunction[39m handleCreateGroup() {[0m

      at node_modules/react-test-renderer/cjs/react-test-renderer.development.js:11801:19
      at runWithFiberInDEV (node_modules/react-test-renderer/cjs/react-test-renderer.development.js:1574:13)
      at warnIfUpdatesNotWrappedWithActDEV (node_modules/react-test-renderer/cjs/react-test-renderer.development.js:11800:9)
      at scheduleUpdateOnFiber (node_modules/react-test-renderer/cjs/react-test-renderer.development.js:10326:9)
      at dispatchSetStateInternal (node_modules/react-test-renderer/cjs/react-test-renderer.development.js:4148:13)
      at dispatchSetState (node_modules/react-test-renderer/cjs/react-test-renderer.development.js:4107:7)
      at setParticipants (app/index.tsx:355:5)
      at asyncGeneratorStep (node_modules/@babel/runtime/helpers/asyncToGenerator.js:3:17)
      at _next (node_modules/@babel/runtime/helpers/asyncToGenerator.js:17:9)

  console.error
    An update to Index inside a test was not wrapped in act(...).
    
    When testing, code that causes React state updates should be wrapped into act(...):
    
    act(() => {
      /* fire events that update state */
    });
    /* assert on the output */
    
    This ensures that you're testing the behavior the user would see in the browser. Learn more at https://react.dev/link/wrap-tests-with-act

    [0m [90m 144 |[39m       }
     [90m 145 |[39m
    [31m[1m>[22m[39m[90m 146 |[39m       setGroups(remoteGroups)[33m;[39m
     [90m     |[39m       [31m[1m^[22m[39m
     [90m 147 |[39m
     [90m 148 |[39m       [36mconst[39m nextActiveGroup [33m=[39m
     [90m 149 |[39m         remoteGroups[33m.[39mfind((group) [33m=>[39m group[33m.[39mid [33m===[39m preferredGroupId) [33m||[39m[0m

      at node_modules/react-test-renderer/cjs/react-test-renderer.development.js:11801:19
      at runWithFiberInDEV (node_modules/react-test-renderer/cjs/react-test-renderer.development.js:1574:13)
      at warnIfUpdatesNotWrappedWithActDEV (node_modules/react-test-renderer/cjs/react-test-renderer.development.js:11800:9)
      at scheduleUpdateOnFiber (node_modules/react-test-renderer/cjs/react-test-renderer.development.js:10326:9)
      at dispatchSetStateInternal (node_modules/react-test-renderer/cjs/react-test-renderer.development.js:4148:13)
      at dispatchSetState (node_modules/react-test-renderer/cjs/react-test-renderer.development.js:4107:7)
      at setGroups (app/index.tsx:146:7)
      at asyncGeneratorStep (node_modules/@babel/runtime/helpers/asyncToGenerator.js:3:17)
      at _next (node_modules/@babel/runtime/helpers/asyncToGenerator.js:17:9)

  console.error
    An update to Index inside a test was not wrapped in act(...).
    
    When testing, code that causes React state updates should be wrapped into act(...):
    
    act(() => {
      /* fire events that update state */
    });
    /* assert on the output */
    
    This ensures that you're testing the behavior the user would see in the browser. Learn more at https://react.dev/link/wrap-tests-with-act

    [0m [90m 152 |[39m         [36mnull[39m[33m;[39m
     [90m 153 |[39m
    [31m[1m>[22m[39m[90m 154 |[39m       setActiveGroupId(nextActiveGroup [33m?[39m nextActiveGroup[33m.[39mid [33m:[39m [36mnull[39m)[33m;[39m
     [90m     |[39m       [31m[1m^[22m[39m
     [90m 155 |[39m       setExpenses(nextActiveGroup[33m?[39m[33m.[39mexpenses [33m||[39m [])[33m;[39m
     [90m 156 |[39m       setParticipants(buildDefaultParticipants(nextActiveGroup[33m?[39m[33m.[39mmembers[33m.[39mmap((member) [33m=>[39m member[33m.[39mname) [33m||[39m []))[33m;[39m
     [90m 157 |[39m     }[0m

      at node_modules/react-test-renderer/cjs/react-test-renderer.development.js:11801:19
      at runWithFiberInDEV (node_modules/react-test-renderer/cjs/react-test-renderer.development.js:1574:13)
      at warnIfUpdatesNotWrappedWithActDEV (node_modules/react-test-renderer/cjs/react-test-renderer.development.js:11800:9)
      at scheduleUpdateOnFiber (node_modules/react-test-renderer/cjs/react-test-renderer.development.js:10326:9)
      at dispatchSetStateInternal (node_modules/react-test-renderer/cjs/react-test-renderer.development.js:4148:13)
      at dispatchSetState (node_modules/react-test-renderer/cjs/react-test-renderer.development.js:4107:7)
      at setActiveGroupId (app/index.tsx:154:7)
      at asyncGeneratorStep (node_modules/@babel/runtime/helpers/asyncToGenerator.js:3:17)
      at _next (node_modules/@babel/runtime/helpers/asyncToGenerator.js:17:9)

  console.error
    An update to Index inside a test was not wrapped in act(...).
    
    When testing, code that causes React state updates should be wrapped into act(...):
    
    act(() => {
      /* fire events that update state */
    });
    /* assert on the output */
    
    This ensures that you're testing the behavior the user would see in the browser. Learn more at https://react.dev/link/wrap-tests-with-act

    [0m [90m 153 |[39m
     [90m 154 |[39m       setActiveGroupId(nextActiveGroup [33m?[39m nextActiveGroup[33m.[39mid [33m:[39m [36mnull[39m)[33m;[39m
    [31m[1m>[22m[39m[90m 155 |[39m       setExpenses(nextActiveGroup[33m?[39m[33m.[39mexpenses [33m||[39m [])[33m;[39m
     [90m     |[39m       [31m[1m^[22m[39m
     [90m 156 |[39m       setParticipants(buildDefaultParticipants(nextActiveGroup[33m?[39m[33m.[39mmembers[33m.[39mmap((member) [33m=>[39m member[33m.[39mname) [33m||[39m []))[33m;[39m
     [90m 157 |[39m     }
     [90m 158 |[39m[0m

      at node_modules/react-test-renderer/cjs/react-test-renderer.development.js:11801:19
      at runWithFiberInDEV (node_modules/react-test-renderer/cjs/react-test-renderer.development.js:1574:13)
      at warnIfUpdatesNotWrappedWithActDEV (node_modules/react-test-renderer/cjs/react-test-renderer.development.js:11800:9)
      at scheduleUpdateOnFiber (node_modules/react-test-renderer/cjs/react-test-renderer.development.js:10326:9)
      at dispatchSetStateInternal (node_modules/react-test-renderer/cjs/react-test-renderer.development.js:4148:13)
      at dispatchSetState (node_modules/react-test-renderer/cjs/react-test-renderer.development.js:4107:7)
      at setExpenses (app/index.tsx:155:7)
      at asyncGeneratorStep (node_modules/@babel/runtime/helpers/asyncToGenerator.js:3:17)
      at _next (node_modules/@babel/runtime/helpers/asyncToGenerator.js:17:9)

  console.error
    An update to Index inside a test was not wrapped in act(...).
    
    When testing, code that causes React state updates should be wrapped into act(...):
    
    act(() => {
      /* fire events that update state */
    });
    /* assert on the output */
    
    This ensures that you're testing the behavior the user would see in the browser. Learn more at https://react.dev/link/wrap-tests-with-act

    [0m [90m 154 |[39m       setActiveGroupId(nextActiveGroup [33m?[39m nextActiveGroup[33m.[39mid [33m:[39m [36mnull[39m)[33m;[39m
     [90m 155 |[39m       setExpenses(nextActiveGroup[33m?[39m[33m.[39mexpenses [33m||[39m [])[33m;[39m
    [31m[1m>[22m[39m[90m 156 |[39m       setParticipants(buildDefaultParticipants(nextActiveGroup[33m?[39m[33m.[39mmembers[33m.[39mmap((member) [33m=>[39m member[33m.[39mname) [33m||[39m []))[33m;[39m
     [90m     |[39m       [31m[1m^[22m[39m
     [90m 157 |[39m     }
     [90m 158 |[39m
     [90m 159 |[39m     [36mvoid[39m refreshGroups()[33m;[39m[0m

      at node_modules/react-test-renderer/cjs/react-test-renderer.development.js:11801:19
      at runWithFiberInDEV (node_modules/react-test-renderer/cjs/react-test-renderer.development.js:1574:13)
      at warnIfUpdatesNotWrappedWithActDEV (node_modules/react-test-renderer/cjs/react-test-renderer.development.js:11800:9)
      at scheduleUpdateOnFiber (node_modules/react-test-renderer/cjs/react-test-renderer.development.js:10326:9)
      at dispatchSetStateInternal (node_modules/react-test-renderer/cjs/react-test-renderer.development.js:4148:13)
      at dispatchSetState (node_modules/react-test-renderer/cjs/react-test-renderer.development.js:4107:7)
      at setParticipants (app/index.tsx:156:7)
      at asyncGeneratorStep (node_modules/@babel/runtime/helpers/asyncToGenerator.js:3:17)
      at _next (node_modules/@babel/runtime/helpers/asyncToGenerator.js:17:9)

  console.error
    An update to Index inside a test was not wrapped in act(...).
    
    When testing, code that causes React state updates should be wrapped into act(...):
    
    act(() => {
      /* fire events that update state */
    });
    /* assert on the output */
    
    This ensures that you're testing the behavior the user would see in the browser. Learn more at https://react.dev/link/wrap-tests-with-act

    [0m [90m 343 |[39m
     [90m 344 |[39m     [36mconst[39m refreshedGroups [33m=[39m [36mawait[39m loadAccessibleGroups(currentUser[33m.[39muid)[33m;[39m
    [31m[1m>[22m[39m[90m 345 |[39m     setGroups(refreshedGroups)[33m;[39m
     [90m     |[39m     [31m[1m^[22m[39m
     [90m 346 |[39m
     [90m 347 |[39m     [36mconst[39m nextActiveGroup [33m=[39m
     [90m 348 |[39m       refreshedGroups[33m.[39mfind((group) [33m=>[39m group[33m.[39mid [33m===[39m preferredGroupId) [33m||[39m[0m

      at node_modules/react-test-renderer/cjs/react-test-renderer.development.js:11801:19
      at runWithFiberInDEV (node_modules/react-test-renderer/cjs/react-test-renderer.development.js:1574:13)
      at warnIfUpdatesNotWrappedWithActDEV (node_modules/react-test-renderer/cjs/react-test-renderer.development.js:11800:9)
      at scheduleUpdateOnFiber (node_modules/react-test-renderer/cjs/react-test-renderer.development.js:10326:9)
      at dispatchSetStateInternal (node_modules/react-test-renderer/cjs/react-test-renderer.development.js:4148:13)
      at dispatchSetState (node_modules/react-test-renderer/cjs/react-test-renderer.development.js:4107:7)
      at setGroups (app/index.tsx:345:5)
      at asyncGeneratorStep (node_modules/@babel/runtime/helpers/asyncToGenerator.js:3:17)
      at _next (node_modules/@babel/runtime/helpers/asyncToGenerator.js:17:9)

  console.error
    An update to Index inside a test was not wrapped in act(...).
    
    When testing, code that causes React state updates should be wrapped into act(...):
    
    act(() => {
      /* fire events that update state */
    });
    /* assert on the output */
    
    This ensures that you're testing the behavior the user would see in the browser. Learn more at https://react.dev/link/wrap-tests-with-act

    [0m [90m 351 |[39m       [36mnull[39m[33m;[39m
     [90m 352 |[39m
    [31m[1m>[22m[39m[90m 353 |[39m     setActiveGroupId(nextActiveGroup [33m?[39m nextActiveGroup[33m.[39mid [33m:[39m [36mnull[39m)[33m;[39m
     [90m     |[39m     [31m[1m^[22m[39m
     [90m 354 |[39m     setExpenses(nextActiveGroup[33m?[39m[33m.[39mexpenses [33m||[39m [])[33m;[39m
     [90m 355 |[39m     setParticipants(buildDefaultParticipants(nextActiveGroup[33m?[39m[33m.[39mmembers[33m.[39mmap((member) [33m=>[39m member[33m.[39mname) [33m||[39m []))[33m;[39m
     [90m 356 |[39m   }[0m

      at node_modules/react-test-renderer/cjs/react-test-renderer.development.js:11801:19
      at runWithFiberInDEV (node_modules/react-test-renderer/cjs/react-test-renderer.development.js:1574:13)
      at warnIfUpdatesNotWrappedWithActDEV (node_modules/react-test-renderer/cjs/react-test-renderer.development.js:11800:9)
      at scheduleUpdateOnFiber (node_modules/react-test-renderer/cjs/react-test-renderer.development.js:10326:9)
      at dispatchSetStateInternal (node_modules/react-test-renderer/cjs/react-test-renderer.development.js:4148:13)
      at dispatchSetState (node_modules/react-test-renderer/cjs/react-test-renderer.development.js:4107:7)
      at setActiveGroupId (app/index.tsx:353:5)
      at asyncGeneratorStep (node_modules/@babel/runtime/helpers/asyncToGenerator.js:3:17)
      at _next (node_modules/@babel/runtime/helpers/asyncToGenerator.js:17:9)

  console.error
    An update to Index inside a test was not wrapped in act(...).
    
    When testing, code that causes React state updates should be wrapped into act(...):
    
    act(() => {
      /* fire events that update state */
    });
    /* assert on the output */
    
    This ensures that you're testing the behavior the user would see in the browser. Learn more at https://react.dev/link/wrap-tests-with-act

    [0m [90m 352 |[39m
     [90m 353 |[39m     setActiveGroupId(nextActiveGroup [33m?[39m nextActiveGroup[33m.[39mid [33m:[39m [36mnull[39m)[33m;[39m
    [31m[1m>[22m[39m[90m 354 |[39m     setExpenses(nextActiveGroup[33m?[39m[33m.[39mexpenses [33m||[39m [])[33m;[39m
     [90m     |[39m     [31m[1m^[22m[39m
     [90m 355 |[39m     setParticipants(buildDefaultParticipants(nextActiveGroup[33m?[39m[33m.[39mmembers[33m.[39mmap((member) [33m=>[39m member[33m.[39mname) [33m||[39m []))[33m;[39m
     [90m 356 |[39m   }
     [90m 357 |[39m[0m

      at node_modules/react-test-renderer/cjs/react-test-renderer.development.js:11801:19
      at runWithFiberInDEV (node_modules/react-test-renderer/cjs/react-test-renderer.development.js:1574:13)
      at warnIfUpdatesNotWrappedWithActDEV (node_modules/react-test-renderer/cjs/react-test-renderer.development.js:11800:9)
      at scheduleUpdateOnFiber (node_modules/react-test-renderer/cjs/react-test-renderer.development.js:10326:9)
      at dispatchSetStateInternal (node_modules/react-test-renderer/cjs/react-test-renderer.development.js:4148:13)
      at dispatchSetState (node_modules/react-test-renderer/cjs/react-test-renderer.development.js:4107:7)
      at setExpenses (app/index.tsx:354:5)
      at asyncGeneratorStep (node_modules/@babel/runtime/helpers/asyncToGenerator.js:3:17)
      at _next (node_modules/@babel/runtime/helpers/asyncToGenerator.js:17:9)

  console.error
    An update to Index inside a test was not wrapped in act(...).
    
    When testing, code that causes React state updates should be wrapped into act(...):
    
    act(() => {
      /* fire events that update state */
    });
    /* assert on the output */
    
    This ensures that you're testing the behavior the user would see in the browser. Learn more at https://react.dev/link/wrap-tests-with-act

    [0m [90m 353 |[39m     setActiveGroupId(nextActiveGroup [33m?[39m nextActiveGroup[33m.[39mid [33m:[39m [36mnull[39m)[33m;[39m
     [90m 354 |[39m     setExpenses(nextActiveGroup[33m?[39m[33m.[39mexpenses [33m||[39m [])[33m;[39m
    [31m[1m>[22m[39m[90m 355 |[39m     setParticipants(buildDefaultParticipants(nextActiveGroup[33m?[39m[33m.[39mmembers[33m.[39mmap((member) [33m=>[39m member[33m.[39mname) [33m||[39m []))[33m;[39m
     [90m     |[39m     [31m[1m^[22m[39m
     [90m 356 |[39m   }
     [90m 357 |[39m
     [90m 358 |[39m   [36masync[39m [36mfunction[39m handleCreateGroup() {[0m

      at node_modules/react-test-renderer/cjs/react-test-renderer.development.js:11801:19
      at runWithFiberInDEV (node_modules/react-test-renderer/cjs/react-test-renderer.development.js:1574:13)
      at warnIfUpdatesNotWrappedWithActDEV (node_modules/react-test-renderer/cjs/react-test-renderer.development.js:11800:9)
      at scheduleUpdateOnFiber (node_modules/react-test-renderer/cjs/react-test-renderer.development.js:10326:9)
      at dispatchSetStateInternal (node_modules/react-test-renderer/cjs/react-test-renderer.development.js:4148:13)
      at dispatchSetState (node_modules/react-test-renderer/cjs/react-test-renderer.development.js:4107:7)
      at setParticipants (app/index.tsx:355:5)
      at asyncGeneratorStep (node_modules/@babel/runtime/helpers/asyncToGenerator.js:3:17)
      at _next (node_modules/@babel/runtime/helpers/asyncToGenerator.js:17:9)

PASS __tests__/balance.acceptance.test.tsx
  Feature: View group balances
    ÔêÜ Scenario: Given the active group has expenses, When the dashboard is opened, Then the current balance panel shows the user's net 
balance and the settlement needed to square the group (152 ms)
    ÔêÜ Scenario: Given the active group has an expense, When the expense amount is edited, Then the dashboard recalculates the net 
balance and settlement instruction from the updated amount (248 ms)
    ÔêÜ Scenario: Given a newly created group has no expenses, When it becomes active, Then the dashboard hides the balance panel because 
there is no debt to summarize (181 ms)

  console.warn
    SafeAreaView has been deprecated and will be removed in a future release. Please use 'react-native-safe-area-context' instead. See https://github.com/th3rdwave/react-native-safe-area-context

    [0m [90m 585 |[39m
     [90m 586 |[39m   [36mreturn[39m (
    [31m[1m>[22m[39m[90m 587 |[39m     [33m<[39m[33mSafeAreaView[39m style[33m=[39m{styles[33m.[39msafeArea}[33m>[39m
     [90m     |[39m      [31m[1m^[22m[39m
     [90m 588 |[39m       [33m<[39m[33mScrollView[39m contentContainerStyle[33m=[39m{styles[33m.[39mcontainer}[33m>[39m
     [90m 589 |[39m         [33m<[39m[33mView[39m style[33m=[39m{styles[33m.[39mheaderCard}[33m>[39m
     [90m 590 |[39m           [33m<[39m[33mText[39m style[33m=[39m{styles[33m.[39mkicker}[33m>[39m[33mSmartSplit[39m[33m<[39m[33m/[39m[33mText[39m[33m>[39m[0m

      at warn (node_modules/react-native/Libraries/Utilities/warnOnce.js:27:11)
      at Object.warnOnce [as SafeAreaView] (node_modules/react-native/index.js:92:5)
      at SafeAreaView (app/index.tsx:587:6)
      at Object.react-stack-bottom-frame (node_modules/react-test-renderer/cjs/react-test-renderer.development.js:13976:20)
      at renderWithHooks (node_modules/react-test-renderer/cjs/react-test-renderer.development.js:2866:22)
      at updateFunctionComponent (node_modules/react-test-renderer/cjs/react-test-renderer.development.js:6006:19)
      at beginWork (node_modules/react-test-renderer/cjs/react-test-renderer.development.js:7474:18)
      at runWithFiberInDEV (node_modules/react-test-renderer/cjs/react-test-renderer.development.js:1574:13)
      at performUnitOfWork (node_modules/react-test-renderer/cjs/react-test-renderer.development.js:10972:22)
      at workLoopSync (node_modules/react-test-renderer/cjs/react-test-renderer.development.js:10816:41)
      at renderRootSync (node_modules/react-test-renderer/cjs/react-test-renderer.development.js:10797:11)
      at performWorkOnRoot (node_modules/react-test-renderer/cjs/react-test-renderer.development.js:10349:13)
      at performWorkOnRootViaSchedulerTask (node_modules/react-test-renderer/cjs/react-test-renderer.development.js:2094:7)
      at flushActQueue (node_modules/react/cjs/react.development.js:566:34)
      at Object.<anonymous>.process.env.NODE_ENV.exports.act (node_modules/react/cjs/react.development.js:859:10)
      at actImplementation (node_modules/@testing-library/react-native/src/act.ts:30:25)
      at renderWithAct (node_modules/@testing-library/react-native/src/render-act.ts:13:11)
      at renderInternal (node_modules/@testing-library/react-native/src/render.tsx:69:33)
      at renderInternal (node_modules/@testing-library/react-native/src/render.tsx:44:10)
      at Object.<anonymous> (__tests__/expense-payer.acceptance.test.tsx:7:95)

  console.error
    Encountered two children with the same key, `exp-1778632088924`. Keys should be unique so that components maintain their identity across updates. Non-unique keys may cause children to be duplicated and/or omitted ÔÇö the behavior is unsupported and could change in a future version.

    [0m [90m 15 |[39m     fireEvent[33m.[39mchangeText(getByPlaceholderText([32m"08/03/2026"[39m)[33m,[39m [32m"08/04/2026"[39m)[33m;[39m
     [90m 16 |[39m     fireEvent[33m.[39mpress(getByTestId([32m"payer-option-Person 2"[39m))[33m;[39m
    [31m[1m>[22m[39m[90m 17 |[39m     fireEvent[33m.[39mpress(getByTestId([32m"save-expense-button"[39m))[33m;[39m
     [90m    |[39m               [31m[1m^[22m[39m
     [90m 18 |[39m
     [90m 19 |[39m     [90m// Then the saved expense identifies Person 2 as the payer[39m
     [90m 20 |[39m     expect(queryByText([32m"Please enter who paid for the expense."[39m))[33m.[39mtoBeNull()[33m;[39m[0m

      at node_modules/react-test-renderer/cjs/react-test-renderer.development.js:4741:23
      at runWithFiberInDEV (node_modules/react-test-renderer/cjs/react-test-renderer.development.js:1574:13)
      at warnOnInvalidKey (node_modules/react-test-renderer/cjs/react-test-renderer.development.js:4740:13)
      at reconcileChildrenArray (node_modules/react-test-renderer/cjs/react-test-renderer.development.js:4837:29)
      at reconcileChildFibersImpl (node_modules/react-test-renderer/cjs/react-test-renderer.development.js:5122:30)
      at node_modules/react-test-renderer/cjs/react-test-renderer.development.js:5227:33
      at reconcileChildren (node_modules/react-test-renderer/cjs/react-test-renderer.development.js:5736:13)
      at beginWork (node_modules/react-test-renderer/cjs/react-test-renderer.development.js:7595:13)
      at runWithFiberInDEV (node_modules/react-test-renderer/cjs/react-test-renderer.development.js:1574:13)
      at performUnitOfWork (node_modules/react-test-renderer/cjs/react-test-renderer.development.js:10972:22)
      at workLoopSync (node_modules/react-test-renderer/cjs/react-test-renderer.development.js:10816:41)
      at renderRootSync (node_modules/react-test-renderer/cjs/react-test-renderer.development.js:10797:11)
      at performWorkOnRoot (node_modules/react-test-renderer/cjs/react-test-renderer.development.js:10349:13)
      at performWorkOnRootViaSchedulerTask (node_modules/react-test-renderer/cjs/react-test-renderer.development.js:2094:7)
      at flushActQueue (node_modules/react/cjs/react.development.js:566:34)
      at Object.<anonymous>.process.env.NODE_ENV.exports.act (node_modules/react/cjs/react.development.js:859:10)
      at actImplementation (node_modules/@testing-library/react-native/src/act.ts:30:25)
      at fireEvent (node_modules/@testing-library/react-native/src/fire-event.ts:122:11)
      at fireEvent [as press] (node_modules/@testing-library/react-native/src/fire-event.ts:130:3)
      at Object.press (__tests__/expense-payer.acceptance.test.tsx:17:15)

  console.error
    Encountered two children with the same key, `exp-1778632088924`. Keys should be unique so that components maintain their identity across updates. Non-unique keys may cause children to be duplicated and/or omitted ÔÇö the behavior is unsupported and could change in a future version.

    [0m [90m 15 |[39m     fireEvent[33m.[39mchangeText(getByPlaceholderText([32m"08/03/2026"[39m)[33m,[39m [32m"08/04/2026"[39m)[33m;[39m
     [90m 16 |[39m     fireEvent[33m.[39mpress(getByTestId([32m"payer-option-Person 2"[39m))[33m;[39m
    [31m[1m>[22m[39m[90m 17 |[39m     fireEvent[33m.[39mpress(getByTestId([32m"save-expense-button"[39m))[33m;[39m
     [90m    |[39m               [31m[1m^[22m[39m
     [90m 18 |[39m
     [90m 19 |[39m     [90m// Then the saved expense identifies Person 2 as the payer[39m
     [90m 20 |[39m     expect(queryByText([32m"Please enter who paid for the expense."[39m))[33m.[39mtoBeNull()[33m;[39m[0m

      at node_modules/react-test-renderer/cjs/react-test-renderer.development.js:4741:23
      at runWithFiberInDEV (node_modules/react-test-renderer/cjs/react-test-renderer.development.js:1574:13)
      at warnOnInvalidKey (node_modules/react-test-renderer/cjs/react-test-renderer.development.js:4740:13)
      at reconcileChildrenArray (node_modules/react-test-renderer/cjs/react-test-renderer.development.js:4837:29)
      at reconcileChildFibersImpl (node_modules/react-test-renderer/cjs/react-test-renderer.development.js:5122:30)
      at node_modules/react-test-renderer/cjs/react-test-renderer.development.js:5227:33
      at reconcileChildren (node_modules/react-test-renderer/cjs/react-test-renderer.development.js:5736:13)
      at beginWork (node_modules/react-test-renderer/cjs/react-test-renderer.development.js:7551:13)
      at runWithFiberInDEV (node_modules/react-test-renderer/cjs/react-test-renderer.development.js:1574:13)
      at performUnitOfWork (node_modules/react-test-renderer/cjs/react-test-renderer.development.js:10972:22)
      at workLoopSync (node_modules/react-test-renderer/cjs/react-test-renderer.development.js:10816:41)
      at renderRootSync (node_modules/react-test-renderer/cjs/react-test-renderer.development.js:10797:11)
      at performWorkOnRoot (node_modules/react-test-renderer/cjs/react-test-renderer.development.js:10349:13)
      at performWorkOnRootViaSchedulerTask (node_modules/react-test-renderer/cjs/react-test-renderer.development.js:2094:7)
      at flushActQueue (node_modules/react/cjs/react.development.js:566:34)
      at Object.<anonymous>.process.env.NODE_ENV.exports.act (node_modules/react/cjs/react.development.js:859:10)
      at actImplementation (node_modules/@testing-library/react-native/src/act.ts:30:25)
      at fireEvent (node_modules/@testing-library/react-native/src/fire-event.ts:122:11)
      at fireEvent [as press] (node_modules/@testing-library/react-native/src/fire-event.ts:130:3)
      at Object.press (__tests__/expense-payer.acceptance.test.tsx:17:15)

  console.error
    An update to Index inside a test was not wrapped in act(...).
    
    When testing, code that causes React state updates should be wrapped into act(...):
    
    act(() => {
      /* fire events that update state */
    });
    /* assert on the output */
    
    This ensures that you're testing the behavior the user would see in the browser. Learn more at https://react.dev/link/wrap-tests-with-act

    [0m [90m 144 |[39m       }
     [90m 145 |[39m
    [31m[1m>[22m[39m[90m 146 |[39m       setGroups(remoteGroups)[33m;[39m
     [90m     |[39m       [31m[1m^[22m[39m
     [90m 147 |[39m
     [90m 148 |[39m       [36mconst[39m nextActiveGroup [33m=[39m
     [90m 149 |[39m         remoteGroups[33m.[39mfind((group) [33m=>[39m group[33m.[39mid [33m===[39m preferredGroupId) [33m||[39m[0m

      at node_modules/react-test-renderer/cjs/react-test-renderer.development.js:11801:19
      at runWithFiberInDEV (node_modules/react-test-renderer/cjs/react-test-renderer.development.js:1574:13)
      at warnIfUpdatesNotWrappedWithActDEV (node_modules/react-test-renderer/cjs/react-test-renderer.development.js:11800:9)
      at scheduleUpdateOnFiber (node_modules/react-test-renderer/cjs/react-test-renderer.development.js:10326:9)
      at dispatchSetStateInternal (node_modules/react-test-renderer/cjs/react-test-renderer.development.js:4148:13)
      at dispatchSetState (node_modules/react-test-renderer/cjs/react-test-renderer.development.js:4107:7)
      at setGroups (app/index.tsx:146:7)
      at asyncGeneratorStep (node_modules/@babel/runtime/helpers/asyncToGenerator.js:3:17)
      at _next (node_modules/@babel/runtime/helpers/asyncToGenerator.js:17:9)

  console.error
    An update to Index inside a test was not wrapped in act(...).
    
    When testing, code that causes React state updates should be wrapped into act(...):
    
    act(() => {
      /* fire events that update state */
    });
    /* assert on the output */
    
    This ensures that you're testing the behavior the user would see in the browser. Learn more at https://react.dev/link/wrap-tests-with-act

    [0m [90m 152 |[39m         [36mnull[39m[33m;[39m
     [90m 153 |[39m
    [31m[1m>[22m[39m[90m 154 |[39m       setActiveGroupId(nextActiveGroup [33m?[39m nextActiveGroup[33m.[39mid [33m:[39m [36mnull[39m)[33m;[39m
     [90m     |[39m       [31m[1m^[22m[39m
     [90m 155 |[39m       setExpenses(nextActiveGroup[33m?[39m[33m.[39mexpenses [33m||[39m [])[33m;[39m
     [90m 156 |[39m       setParticipants(buildDefaultParticipants(nextActiveGroup[33m?[39m[33m.[39mmembers[33m.[39mmap((member) [33m=>[39m member[33m.[39mname) [33m||[39m []))[33m;[39m
     [90m 157 |[39m     }[0m

      at node_modules/react-test-renderer/cjs/react-test-renderer.development.js:11801:19
      at runWithFiberInDEV (node_modules/react-test-renderer/cjs/react-test-renderer.development.js:1574:13)
      at warnIfUpdatesNotWrappedWithActDEV (node_modules/react-test-renderer/cjs/react-test-renderer.development.js:11800:9)
      at scheduleUpdateOnFiber (node_modules/react-test-renderer/cjs/react-test-renderer.development.js:10326:9)
      at dispatchSetStateInternal (node_modules/react-test-renderer/cjs/react-test-renderer.development.js:4148:13)
      at dispatchSetState (node_modules/react-test-renderer/cjs/react-test-renderer.development.js:4107:7)
      at setActiveGroupId (app/index.tsx:154:7)
      at asyncGeneratorStep (node_modules/@babel/runtime/helpers/asyncToGenerator.js:3:17)
      at _next (node_modules/@babel/runtime/helpers/asyncToGenerator.js:17:9)

  console.error
    An update to Index inside a test was not wrapped in act(...).
    
    When testing, code that causes React state updates should be wrapped into act(...):
    
    act(() => {
      /* fire events that update state */
    });
    /* assert on the output */
    
    This ensures that you're testing the behavior the user would see in the browser. Learn more at https://react.dev/link/wrap-tests-with-act

    [0m [90m 153 |[39m
     [90m 154 |[39m       setActiveGroupId(nextActiveGroup [33m?[39m nextActiveGroup[33m.[39mid [33m:[39m [36mnull[39m)[33m;[39m
    [31m[1m>[22m[39m[90m 155 |[39m       setExpenses(nextActiveGroup[33m?[39m[33m.[39mexpenses [33m||[39m [])[33m;[39m
     [90m     |[39m       [31m[1m^[22m[39m
     [90m 156 |[39m       setParticipants(buildDefaultParticipants(nextActiveGroup[33m?[39m[33m.[39mmembers[33m.[39mmap((member) [33m=>[39m member[33m.[39mname) [33m||[39m []))[33m;[39m
     [90m 157 |[39m     }
     [90m 158 |[39m[0m

      at node_modules/react-test-renderer/cjs/react-test-renderer.development.js:11801:19
      at runWithFiberInDEV (node_modules/react-test-renderer/cjs/react-test-renderer.development.js:1574:13)
      at warnIfUpdatesNotWrappedWithActDEV (node_modules/react-test-renderer/cjs/react-test-renderer.development.js:11800:9)
      at scheduleUpdateOnFiber (node_modules/react-test-renderer/cjs/react-test-renderer.development.js:10326:9)
      at dispatchSetStateInternal (node_modules/react-test-renderer/cjs/react-test-renderer.development.js:4148:13)
      at dispatchSetState (node_modules/react-test-renderer/cjs/react-test-renderer.development.js:4107:7)
      at setExpenses (app/index.tsx:155:7)
      at asyncGeneratorStep (node_modules/@babel/runtime/helpers/asyncToGenerator.js:3:17)
      at _next (node_modules/@babel/runtime/helpers/asyncToGenerator.js:17:9)

  console.error
    An update to Index inside a test was not wrapped in act(...).
    
    When testing, code that causes React state updates should be wrapped into act(...):
    
    act(() => {
      /* fire events that update state */
    });
    /* assert on the output */
    
    This ensures that you're testing the behavior the user would see in the browser. Learn more at https://react.dev/link/wrap-tests-with-act

    [0m [90m 154 |[39m       setActiveGroupId(nextActiveGroup [33m?[39m nextActiveGroup[33m.[39mid [33m:[39m [36mnull[39m)[33m;[39m
     [90m 155 |[39m       setExpenses(nextActiveGroup[33m?[39m[33m.[39mexpenses [33m||[39m [])[33m;[39m
    [31m[1m>[22m[39m[90m 156 |[39m       setParticipants(buildDefaultParticipants(nextActiveGroup[33m?[39m[33m.[39mmembers[33m.[39mmap((member) [33m=>[39m member[33m.[39mname) [33m||[39m []))[33m;[39m
     [90m     |[39m       [31m[1m^[22m[39m
     [90m 157 |[39m     }
     [90m 158 |[39m
     [90m 159 |[39m     [36mvoid[39m refreshGroups()[33m;[39m[0m

      at node_modules/react-test-renderer/cjs/react-test-renderer.development.js:11801:19
      at runWithFiberInDEV (node_modules/react-test-renderer/cjs/react-test-renderer.development.js:1574:13)
      at warnIfUpdatesNotWrappedWithActDEV (node_modules/react-test-renderer/cjs/react-test-renderer.development.js:11800:9)
      at scheduleUpdateOnFiber (node_modules/react-test-renderer/cjs/react-test-renderer.development.js:10326:9)
      at dispatchSetStateInternal (node_modules/react-test-renderer/cjs/react-test-renderer.development.js:4148:13)
      at dispatchSetState (node_modules/react-test-renderer/cjs/react-test-renderer.development.js:4107:7)
      at setParticipants (app/index.tsx:156:7)
      at asyncGeneratorStep (node_modules/@babel/runtime/helpers/asyncToGenerator.js:3:17)
      at _next (node_modules/@babel/runtime/helpers/asyncToGenerator.js:17:9)

  console.error
    An update to Index inside a test was not wrapped in act(...).
    
    When testing, code that causes React state updates should be wrapped into act(...):
    
    act(() => {
      /* fire events that update state */
    });
    /* assert on the output */
    
    This ensures that you're testing the behavior the user would see in the browser. Learn more at https://react.dev/link/wrap-tests-with-act

    [0m [90m 343 |[39m
     [90m 344 |[39m     [36mconst[39m refreshedGroups [33m=[39m [36mawait[39m loadAccessibleGroups(currentUser[33m.[39muid)[33m;[39m
    [31m[1m>[22m[39m[90m 345 |[39m     setGroups(refreshedGroups)[33m;[39m
     [90m     |[39m     [31m[1m^[22m[39m
     [90m 346 |[39m
     [90m 347 |[39m     [36mconst[39m nextActiveGroup [33m=[39m
     [90m 348 |[39m       refreshedGroups[33m.[39mfind((group) [33m=>[39m group[33m.[39mid [33m===[39m preferredGroupId) [33m||[39m[0m

      at node_modules/react-test-renderer/cjs/react-test-renderer.development.js:11801:19
      at runWithFiberInDEV (node_modules/react-test-renderer/cjs/react-test-renderer.development.js:1574:13)
      at warnIfUpdatesNotWrappedWithActDEV (node_modules/react-test-renderer/cjs/react-test-renderer.development.js:11800:9)
      at scheduleUpdateOnFiber (node_modules/react-test-renderer/cjs/react-test-renderer.development.js:10326:9)
      at dispatchSetStateInternal (node_modules/react-test-renderer/cjs/react-test-renderer.development.js:4148:13)
      at dispatchSetState (node_modules/react-test-renderer/cjs/react-test-renderer.development.js:4107:7)
      at setGroups (app/index.tsx:345:5)
      at asyncGeneratorStep (node_modules/@babel/runtime/helpers/asyncToGenerator.js:3:17)
      at _next (node_modules/@babel/runtime/helpers/asyncToGenerator.js:17:9)

  console.error
    An update to Index inside a test was not wrapped in act(...).
    
    When testing, code that causes React state updates should be wrapped into act(...):
    
    act(() => {
      /* fire events that update state */
    });
    /* assert on the output */
    
    This ensures that you're testing the behavior the user would see in the browser. Learn more at https://react.dev/link/wrap-tests-with-act

    [0m [90m 351 |[39m       [36mnull[39m[33m;[39m
     [90m 352 |[39m
    [31m[1m>[22m[39m[90m 353 |[39m     setActiveGroupId(nextActiveGroup [33m?[39m nextActiveGroup[33m.[39mid [33m:[39m [36mnull[39m)[33m;[39m
     [90m     |[39m     [31m[1m^[22m[39m
     [90m 354 |[39m     setExpenses(nextActiveGroup[33m?[39m[33m.[39mexpenses [33m||[39m [])[33m;[39m
     [90m 355 |[39m     setParticipants(buildDefaultParticipants(nextActiveGroup[33m?[39m[33m.[39mmembers[33m.[39mmap((member) [33m=>[39m member[33m.[39mname) [33m||[39m []))[33m;[39m
     [90m 356 |[39m   }[0m

      at node_modules/react-test-renderer/cjs/react-test-renderer.development.js:11801:19
      at runWithFiberInDEV (node_modules/react-test-renderer/cjs/react-test-renderer.development.js:1574:13)
      at warnIfUpdatesNotWrappedWithActDEV (node_modules/react-test-renderer/cjs/react-test-renderer.development.js:11800:9)
      at scheduleUpdateOnFiber (node_modules/react-test-renderer/cjs/react-test-renderer.development.js:10326:9)
      at dispatchSetStateInternal (node_modules/react-test-renderer/cjs/react-test-renderer.development.js:4148:13)
      at dispatchSetState (node_modules/react-test-renderer/cjs/react-test-renderer.development.js:4107:7)
      at setActiveGroupId (app/index.tsx:353:5)
      at asyncGeneratorStep (node_modules/@babel/runtime/helpers/asyncToGenerator.js:3:17)
      at _next (node_modules/@babel/runtime/helpers/asyncToGenerator.js:17:9)

  console.error
    An update to Index inside a test was not wrapped in act(...).
    
    When testing, code that causes React state updates should be wrapped into act(...):
    
    act(() => {
      /* fire events that update state */
    });
    /* assert on the output */
    
    This ensures that you're testing the behavior the user would see in the browser. Learn more at https://react.dev/link/wrap-tests-with-act

    [0m [90m 352 |[39m
     [90m 353 |[39m     setActiveGroupId(nextActiveGroup [33m?[39m nextActiveGroup[33m.[39mid [33m:[39m [36mnull[39m)[33m;[39m
    [31m[1m>[22m[39m[90m 354 |[39m     setExpenses(nextActiveGroup[33m?[39m[33m.[39mexpenses [33m||[39m [])[33m;[39m
     [90m     |[39m     [31m[1m^[22m[39m
     [90m 355 |[39m     setParticipants(buildDefaultParticipants(nextActiveGroup[33m?[39m[33m.[39mmembers[33m.[39mmap((member) [33m=>[39m member[33m.[39mname) [33m||[39m []))[33m;[39m
     [90m 356 |[39m   }
     [90m 357 |[39m[0m

      at node_modules/react-test-renderer/cjs/react-test-renderer.development.js:11801:19
      at runWithFiberInDEV (node_modules/react-test-renderer/cjs/react-test-renderer.development.js:1574:13)
      at warnIfUpdatesNotWrappedWithActDEV (node_modules/react-test-renderer/cjs/react-test-renderer.development.js:11800:9)
      at scheduleUpdateOnFiber (node_modules/react-test-renderer/cjs/react-test-renderer.development.js:10326:9)
      at dispatchSetStateInternal (node_modules/react-test-renderer/cjs/react-test-renderer.development.js:4148:13)
      at dispatchSetState (node_modules/react-test-renderer/cjs/react-test-renderer.development.js:4107:7)
      at setExpenses (app/index.tsx:354:5)
      at asyncGeneratorStep (node_modules/@babel/runtime/helpers/asyncToGenerator.js:3:17)
      at _next (node_modules/@babel/runtime/helpers/asyncToGenerator.js:17:9)

  console.error
    An update to Index inside a test was not wrapped in act(...).
    
    When testing, code that causes React state updates should be wrapped into act(...):
    
    act(() => {
      /* fire events that update state */
    });
    /* assert on the output */
    
    This ensures that you're testing the behavior the user would see in the browser. Learn more at https://react.dev/link/wrap-tests-with-act

    [0m [90m 353 |[39m     setActiveGroupId(nextActiveGroup [33m?[39m nextActiveGroup[33m.[39mid [33m:[39m [36mnull[39m)[33m;[39m
     [90m 354 |[39m     setExpenses(nextActiveGroup[33m?[39m[33m.[39mexpenses [33m||[39m [])[33m;[39m
    [31m[1m>[22m[39m[90m 355 |[39m     setParticipants(buildDefaultParticipants(nextActiveGroup[33m?[39m[33m.[39mmembers[33m.[39mmap((member) [33m=>[39m member[33m.[39mname) [33m||[39m []))[33m;[39m
     [90m     |[39m     [31m[1m^[22m[39m
     [90m 356 |[39m   }
     [90m 357 |[39m
     [90m 358 |[39m   [36masync[39m [36mfunction[39m handleCreateGroup() {[0m

      at node_modules/react-test-renderer/cjs/react-test-renderer.development.js:11801:19
      at runWithFiberInDEV (node_modules/react-test-renderer/cjs/react-test-renderer.development.js:1574:13)
      at warnIfUpdatesNotWrappedWithActDEV (node_modules/react-test-renderer/cjs/react-test-renderer.development.js:11800:9)
      at scheduleUpdateOnFiber (node_modules/react-test-renderer/cjs/react-test-renderer.development.js:10326:9)
      at dispatchSetStateInternal (node_modules/react-test-renderer/cjs/react-test-renderer.development.js:4148:13)
      at dispatchSetState (node_modules/react-test-renderer/cjs/react-test-renderer.development.js:4107:7)
      at setParticipants (app/index.tsx:355:5)
      at asyncGeneratorStep (node_modules/@babel/runtime/helpers/asyncToGenerator.js:3:17)
      at _next (node_modules/@babel/runtime/helpers/asyncToGenerator.js:17:9)

  console.error
    An update to Index inside a test was not wrapped in act(...).
    
    When testing, code that causes React state updates should be wrapped into act(...):
    
    act(() => {
      /* fire events that update state */
    });
    /* assert on the output */
    
    This ensures that you're testing the behavior the user would see in the browser. Learn more at https://react.dev/link/wrap-tests-with-act

    [0m [90m 144 |[39m       }
     [90m 145 |[39m
    [31m[1m>[22m[39m[90m 146 |[39m       setGroups(remoteGroups)[33m;[39m
     [90m     |[39m       [31m[1m^[22m[39m
     [90m 147 |[39m
     [90m 148 |[39m       [36mconst[39m nextActiveGroup [33m=[39m
     [90m 149 |[39m         remoteGroups[33m.[39mfind((group) [33m=>[39m group[33m.[39mid [33m===[39m preferredGroupId) [33m||[39m[0m

      at node_modules/react-test-renderer/cjs/react-test-renderer.development.js:11801:19
      at runWithFiberInDEV (node_modules/react-test-renderer/cjs/react-test-renderer.development.js:1574:13)
      at warnIfUpdatesNotWrappedWithActDEV (node_modules/react-test-renderer/cjs/react-test-renderer.development.js:11800:9)
      at scheduleUpdateOnFiber (node_modules/react-test-renderer/cjs/react-test-renderer.development.js:10326:9)
      at dispatchSetStateInternal (node_modules/react-test-renderer/cjs/react-test-renderer.development.js:4148:13)
      at dispatchSetState (node_modules/react-test-renderer/cjs/react-test-renderer.development.js:4107:7)
      at setGroups (app/index.tsx:146:7)
      at asyncGeneratorStep (node_modules/@babel/runtime/helpers/asyncToGenerator.js:3:17)
      at _next (node_modules/@babel/runtime/helpers/asyncToGenerator.js:17:9)

  console.error
    An update to Index inside a test was not wrapped in act(...).
    
    When testing, code that causes React state updates should be wrapped into act(...):
    
    act(() => {
      /* fire events that update state */
    });
    /* assert on the output */
    
    This ensures that you're testing the behavior the user would see in the browser. Learn more at https://react.dev/link/wrap-tests-with-act

    [0m [90m 152 |[39m         [36mnull[39m[33m;[39m
     [90m 153 |[39m
    [31m[1m>[22m[39m[90m 154 |[39m       setActiveGroupId(nextActiveGroup [33m?[39m nextActiveGroup[33m.[39mid [33m:[39m [36mnull[39m)[33m;[39m
     [90m     |[39m       [31m[1m^[22m[39m
     [90m 155 |[39m       setExpenses(nextActiveGroup[33m?[39m[33m.[39mexpenses [33m||[39m [])[33m;[39m
     [90m 156 |[39m       setParticipants(buildDefaultParticipants(nextActiveGroup[33m?[39m[33m.[39mmembers[33m.[39mmap((member) [33m=>[39m member[33m.[39mname) [33m||[39m []))[33m;[39m
     [90m 157 |[39m     }[0m

      at node_modules/react-test-renderer/cjs/react-test-renderer.development.js:11801:19
      at runWithFiberInDEV (node_modules/react-test-renderer/cjs/react-test-renderer.development.js:1574:13)
      at warnIfUpdatesNotWrappedWithActDEV (node_modules/react-test-renderer/cjs/react-test-renderer.development.js:11800:9)
      at scheduleUpdateOnFiber (node_modules/react-test-renderer/cjs/react-test-renderer.development.js:10326:9)
      at dispatchSetStateInternal (node_modules/react-test-renderer/cjs/react-test-renderer.development.js:4148:13)
      at dispatchSetState (node_modules/react-test-renderer/cjs/react-test-renderer.development.js:4107:7)
      at setActiveGroupId (app/index.tsx:154:7)
      at asyncGeneratorStep (node_modules/@babel/runtime/helpers/asyncToGenerator.js:3:17)
      at _next (node_modules/@babel/runtime/helpers/asyncToGenerator.js:17:9)

  console.error
    An update to Index inside a test was not wrapped in act(...).
    
    When testing, code that causes React state updates should be wrapped into act(...):
    
    act(() => {
      /* fire events that update state */
    });
    /* assert on the output */
    
    This ensures that you're testing the behavior the user would see in the browser. Learn more at https://react.dev/link/wrap-tests-with-act

    [0m [90m 153 |[39m
     [90m 154 |[39m       setActiveGroupId(nextActiveGroup [33m?[39m nextActiveGroup[33m.[39mid [33m:[39m [36mnull[39m)[33m;[39m
    [31m[1m>[22m[39m[90m 155 |[39m       setExpenses(nextActiveGroup[33m?[39m[33m.[39mexpenses [33m||[39m [])[33m;[39m
     [90m     |[39m       [31m[1m^[22m[39m
     [90m 156 |[39m       setParticipants(buildDefaultParticipants(nextActiveGroup[33m?[39m[33m.[39mmembers[33m.[39mmap((member) [33m=>[39m member[33m.[39mname) [33m||[39m []))[33m;[39m
     [90m 157 |[39m     }
     [90m 158 |[39m[0m

      at node_modules/react-test-renderer/cjs/react-test-renderer.development.js:11801:19
      at runWithFiberInDEV (node_modules/react-test-renderer/cjs/react-test-renderer.development.js:1574:13)
      at warnIfUpdatesNotWrappedWithActDEV (node_modules/react-test-renderer/cjs/react-test-renderer.development.js:11800:9)
      at scheduleUpdateOnFiber (node_modules/react-test-renderer/cjs/react-test-renderer.development.js:10326:9)
      at dispatchSetStateInternal (node_modules/react-test-renderer/cjs/react-test-renderer.development.js:4148:13)
      at dispatchSetState (node_modules/react-test-renderer/cjs/react-test-renderer.development.js:4107:7)
      at setExpenses (app/index.tsx:155:7)
      at asyncGeneratorStep (node_modules/@babel/runtime/helpers/asyncToGenerator.js:3:17)
      at _next (node_modules/@babel/runtime/helpers/asyncToGenerator.js:17:9)

  console.error
    An update to Index inside a test was not wrapped in act(...).
    
    When testing, code that causes React state updates should be wrapped into act(...):
    
    act(() => {
      /* fire events that update state */
    });
    /* assert on the output */
    
    This ensures that you're testing the behavior the user would see in the browser. Learn more at https://react.dev/link/wrap-tests-with-act

    [0m [90m 154 |[39m       setActiveGroupId(nextActiveGroup [33m?[39m nextActiveGroup[33m.[39mid [33m:[39m [36mnull[39m)[33m;[39m
     [90m 155 |[39m       setExpenses(nextActiveGroup[33m?[39m[33m.[39mexpenses [33m||[39m [])[33m;[39m
    [31m[1m>[22m[39m[90m 156 |[39m       setParticipants(buildDefaultParticipants(nextActiveGroup[33m?[39m[33m.[39mmembers[33m.[39mmap((member) [33m=>[39m member[33m.[39mname) [33m||[39m []))[33m;[39m
     [90m     |[39m       [31m[1m^[22m[39m
     [90m 157 |[39m     }
     [90m 158 |[39m
     [90m 159 |[39m     [36mvoid[39m refreshGroups()[33m;[39m[0m

      at node_modules/react-test-renderer/cjs/react-test-renderer.development.js:11801:19
      at runWithFiberInDEV (node_modules/react-test-renderer/cjs/react-test-renderer.development.js:1574:13)
      at warnIfUpdatesNotWrappedWithActDEV (node_modules/react-test-renderer/cjs/react-test-renderer.development.js:11800:9)
      at scheduleUpdateOnFiber (node_modules/react-test-renderer/cjs/react-test-renderer.development.js:10326:9)
      at dispatchSetStateInternal (node_modules/react-test-renderer/cjs/react-test-renderer.development.js:4148:13)
      at dispatchSetState (node_modules/react-test-renderer/cjs/react-test-renderer.development.js:4107:7)
      at setParticipants (app/index.tsx:156:7)
      at asyncGeneratorStep (node_modules/@babel/runtime/helpers/asyncToGenerator.js:3:17)
      at _next (node_modules/@babel/runtime/helpers/asyncToGenerator.js:17:9)

  console.error
    An update to Index inside a test was not wrapped in act(...).
    
    When testing, code that causes React state updates should be wrapped into act(...):
    
    act(() => {
      /* fire events that update state */
    });
    /* assert on the output */
    
    This ensures that you're testing the behavior the user would see in the browser. Learn more at https://react.dev/link/wrap-tests-with-act

    [0m [90m 343 |[39m
     [90m 344 |[39m     [36mconst[39m refreshedGroups [33m=[39m [36mawait[39m loadAccessibleGroups(currentUser[33m.[39muid)[33m;[39m
    [31m[1m>[22m[39m[90m 345 |[39m     setGroups(refreshedGroups)[33m;[39m
     [90m     |[39m     [31m[1m^[22m[39m
     [90m 346 |[39m
     [90m 347 |[39m     [36mconst[39m nextActiveGroup [33m=[39m
     [90m 348 |[39m       refreshedGroups[33m.[39mfind((group) [33m=>[39m group[33m.[39mid [33m===[39m preferredGroupId) [33m||[39m[0m

      at node_modules/react-test-renderer/cjs/react-test-renderer.development.js:11801:19
      at runWithFiberInDEV (node_modules/react-test-renderer/cjs/react-test-renderer.development.js:1574:13)
      at warnIfUpdatesNotWrappedWithActDEV (node_modules/react-test-renderer/cjs/react-test-renderer.development.js:11800:9)
      at scheduleUpdateOnFiber (node_modules/react-test-renderer/cjs/react-test-renderer.development.js:10326:9)
      at dispatchSetStateInternal (node_modules/react-test-renderer/cjs/react-test-renderer.development.js:4148:13)
      at dispatchSetState (node_modules/react-test-renderer/cjs/react-test-renderer.development.js:4107:7)
      at setGroups (app/index.tsx:345:5)
      at asyncGeneratorStep (node_modules/@babel/runtime/helpers/asyncToGenerator.js:3:17)
      at _next (node_modules/@babel/runtime/helpers/asyncToGenerator.js:17:9)

  console.error
    An update to Index inside a test was not wrapped in act(...).
    
    When testing, code that causes React state updates should be wrapped into act(...):
    
    act(() => {
      /* fire events that update state */
    });
    /* assert on the output */
    
    This ensures that you're testing the behavior the user would see in the browser. Learn more at https://react.dev/link/wrap-tests-with-act

    [0m [90m 351 |[39m       [36mnull[39m[33m;[39m
     [90m 352 |[39m
    [31m[1m>[22m[39m[90m 353 |[39m     setActiveGroupId(nextActiveGroup [33m?[39m nextActiveGroup[33m.[39mid [33m:[39m [36mnull[39m)[33m;[39m
     [90m     |[39m     [31m[1m^[22m[39m
     [90m 354 |[39m     setExpenses(nextActiveGroup[33m?[39m[33m.[39mexpenses [33m||[39m [])[33m;[39m
     [90m 355 |[39m     setParticipants(buildDefaultParticipants(nextActiveGroup[33m?[39m[33m.[39mmembers[33m.[39mmap((member) [33m=>[39m member[33m.[39mname) [33m||[39m []))[33m;[39m
     [90m 356 |[39m   }[0m

      at node_modules/react-test-renderer/cjs/react-test-renderer.development.js:11801:19
      at runWithFiberInDEV (node_modules/react-test-renderer/cjs/react-test-renderer.development.js:1574:13)
      at warnIfUpdatesNotWrappedWithActDEV (node_modules/react-test-renderer/cjs/react-test-renderer.development.js:11800:9)
      at scheduleUpdateOnFiber (node_modules/react-test-renderer/cjs/react-test-renderer.development.js:10326:9)
      at dispatchSetStateInternal (node_modules/react-test-renderer/cjs/react-test-renderer.development.js:4148:13)
      at dispatchSetState (node_modules/react-test-renderer/cjs/react-test-renderer.development.js:4107:7)
      at setActiveGroupId (app/index.tsx:353:5)
      at asyncGeneratorStep (node_modules/@babel/runtime/helpers/asyncToGenerator.js:3:17)
      at _next (node_modules/@babel/runtime/helpers/asyncToGenerator.js:17:9)

  console.error
    An update to Index inside a test was not wrapped in act(...).
    
    When testing, code that causes React state updates should be wrapped into act(...):
    
    act(() => {
      /* fire events that update state */
    });
    /* assert on the output */
    
    This ensures that you're testing the behavior the user would see in the browser. Learn more at https://react.dev/link/wrap-tests-with-act

    [0m [90m 352 |[39m
     [90m 353 |[39m     setActiveGroupId(nextActiveGroup [33m?[39m nextActiveGroup[33m.[39mid [33m:[39m [36mnull[39m)[33m;[39m
    [31m[1m>[22m[39m[90m 354 |[39m     setExpenses(nextActiveGroup[33m?[39m[33m.[39mexpenses [33m||[39m [])[33m;[39m
     [90m     |[39m     [31m[1m^[22m[39m
     [90m 355 |[39m     setParticipants(buildDefaultParticipants(nextActiveGroup[33m?[39m[33m.[39mmembers[33m.[39mmap((member) [33m=>[39m member[33m.[39mname) [33m||[39m []))[33m;[39m
     [90m 356 |[39m   }
     [90m 357 |[39m[0m

      at node_modules/react-test-renderer/cjs/react-test-renderer.development.js:11801:19
      at runWithFiberInDEV (node_modules/react-test-renderer/cjs/react-test-renderer.development.js:1574:13)
      at warnIfUpdatesNotWrappedWithActDEV (node_modules/react-test-renderer/cjs/react-test-renderer.development.js:11800:9)
      at scheduleUpdateOnFiber (node_modules/react-test-renderer/cjs/react-test-renderer.development.js:10326:9)
      at dispatchSetStateInternal (node_modules/react-test-renderer/cjs/react-test-renderer.development.js:4148:13)
      at dispatchSetState (node_modules/react-test-renderer/cjs/react-test-renderer.development.js:4107:7)
      at setExpenses (app/index.tsx:354:5)
      at asyncGeneratorStep (node_modules/@babel/runtime/helpers/asyncToGenerator.js:3:17)
      at _next (node_modules/@babel/runtime/helpers/asyncToGenerator.js:17:9)

  console.error
    An update to Index inside a test was not wrapped in act(...).
    
    When testing, code that causes React state updates should be wrapped into act(...):
    
    act(() => {
      /* fire events that update state */
    });
    /* assert on the output */
    
    This ensures that you're testing the behavior the user would see in the browser. Learn more at https://react.dev/link/wrap-tests-with-act

    [0m [90m 353 |[39m     setActiveGroupId(nextActiveGroup [33m?[39m nextActiveGroup[33m.[39mid [33m:[39m [36mnull[39m)[33m;[39m
     [90m 354 |[39m     setExpenses(nextActiveGroup[33m?[39m[33m.[39mexpenses [33m||[39m [])[33m;[39m
    [31m[1m>[22m[39m[90m 355 |[39m     setParticipants(buildDefaultParticipants(nextActiveGroup[33m?[39m[33m.[39mmembers[33m.[39mmap((member) [33m=>[39m member[33m.[39mname) [33m||[39m []))[33m;[39m
     [90m     |[39m     [31m[1m^[22m[39m
     [90m 356 |[39m   }
     [90m 357 |[39m
     [90m 358 |[39m   [36masync[39m [36mfunction[39m handleCreateGroup() {[0m

      at node_modules/react-test-renderer/cjs/react-test-renderer.development.js:11801:19
      at runWithFiberInDEV (node_modules/react-test-renderer/cjs/react-test-renderer.development.js:1574:13)
      at warnIfUpdatesNotWrappedWithActDEV (node_modules/react-test-renderer/cjs/react-test-renderer.development.js:11800:9)
      at scheduleUpdateOnFiber (node_modules/react-test-renderer/cjs/react-test-renderer.development.js:10326:9)
      at dispatchSetStateInternal (node_modules/react-test-renderer/cjs/react-test-renderer.development.js:4148:13)
      at dispatchSetState (node_modules/react-test-renderer/cjs/react-test-renderer.development.js:4107:7)
      at setParticipants (app/index.tsx:355:5)
      at asyncGeneratorStep (node_modules/@babel/runtime/helpers/asyncToGenerator.js:3:17)
      at _next (node_modules/@babel/runtime/helpers/asyncToGenerator.js:17:9)

PASS __tests__/expense-payer.acceptance.test.tsx
  Feature: Identify who paid for an expense
    ÔêÜ Scenario: Given the user is adding an expense, When they select a payer, Then the saved expense names that payer and does not 
show a missing-payer validation error (414 ms)
    ÔêÜ Scenario: Given an existing expense has a payer, When the payer is changed while editing, Then the expenses list reflects the new 
payer for that existing expense (228 ms)

  console.warn
    SafeAreaView has been deprecated and will be removed in a future release. Please use 'react-native-safe-area-context' instead. See https://github.com/th3rdwave/react-native-safe-area-context

    [0m [90m 585 |[39m
     [90m 586 |[39m   [36mreturn[39m (
    [31m[1m>[22m[39m[90m 587 |[39m     [33m<[39m[33mSafeAreaView[39m style[33m=[39m{styles[33m.[39msafeArea}[33m>[39m
     [90m     |[39m      [31m[1m^[22m[39m
     [90m 588 |[39m       [33m<[39m[33mScrollView[39m contentContainerStyle[33m=[39m{styles[33m.[39mcontainer}[33m>[39m
     [90m 589 |[39m         [33m<[39m[33mView[39m style[33m=[39m{styles[33m.[39mheaderCard}[33m>[39m
     [90m 590 |[39m           [33m<[39m[33mText[39m style[33m=[39m{styles[33m.[39mkicker}[33m>[39m[33mSmartSplit[39m[33m<[39m[33m/[39m[33mText[39m[33m>[39m[0m

      at warn (node_modules/react-native/Libraries/Utilities/warnOnce.js:27:11)
      at Object.warnOnce [as SafeAreaView] (node_modules/react-native/index.js:92:5)
      at SafeAreaView (app/index.tsx:587:6)
      at Object.react-stack-bottom-frame (node_modules/react-test-renderer/cjs/react-test-renderer.development.js:13976:20)
      at renderWithHooks (node_modules/react-test-renderer/cjs/react-test-renderer.development.js:2866:22)
      at updateFunctionComponent (node_modules/react-test-renderer/cjs/react-test-renderer.development.js:6006:19)
      at beginWork (node_modules/react-test-renderer/cjs/react-test-renderer.development.js:7474:18)
      at runWithFiberInDEV (node_modules/react-test-renderer/cjs/react-test-renderer.development.js:1574:13)
      at performUnitOfWork (node_modules/react-test-renderer/cjs/react-test-renderer.development.js:10972:22)
      at workLoopSync (node_modules/react-test-renderer/cjs/react-test-renderer.development.js:10816:41)
      at renderRootSync (node_modules/react-test-renderer/cjs/react-test-renderer.development.js:10797:11)
      at performWorkOnRoot (node_modules/react-test-renderer/cjs/react-test-renderer.development.js:10349:13)
      at performWorkOnRootViaSchedulerTask (node_modules/react-test-renderer/cjs/react-test-renderer.development.js:2094:7)
      at flushActQueue (node_modules/react/cjs/react.development.js:566:34)
      at Object.<anonymous>.process.env.NODE_ENV.exports.act (node_modules/react/cjs/react.development.js:859:10)
      at actImplementation (node_modules/@testing-library/react-native/src/act.ts:30:25)
      at renderWithAct (node_modules/@testing-library/react-native/src/render-act.ts:13:11)
      at renderInternal (node_modules/@testing-library/react-native/src/render.tsx:69:33)
      at renderInternal (node_modules/@testing-library/react-native/src/render.tsx:44:10)
      at Object.<anonymous> (__tests__/edit-expense.acceptance.test.tsx:7:92)

  console.error
    An update to Index inside a test was not wrapped in act(...).
    
    When testing, code that causes React state updates should be wrapped into act(...):
    
    act(() => {
      /* fire events that update state */
    });
    /* assert on the output */
    
    This ensures that you're testing the behavior the user would see in the browser. Learn more at https://react.dev/link/wrap-tests-with-act

    [0m [90m 144 |[39m       }
     [90m 145 |[39m
    [31m[1m>[22m[39m[90m 146 |[39m       setGroups(remoteGroups)[33m;[39m
     [90m     |[39m       [31m[1m^[22m[39m
     [90m 147 |[39m
     [90m 148 |[39m       [36mconst[39m nextActiveGroup [33m=[39m
     [90m 149 |[39m         remoteGroups[33m.[39mfind((group) [33m=>[39m group[33m.[39mid [33m===[39m preferredGroupId) [33m||[39m[0m

      at node_modules/react-test-renderer/cjs/react-test-renderer.development.js:11801:19
      at runWithFiberInDEV (node_modules/react-test-renderer/cjs/react-test-renderer.development.js:1574:13)
      at warnIfUpdatesNotWrappedWithActDEV (node_modules/react-test-renderer/cjs/react-test-renderer.development.js:11800:9)
      at scheduleUpdateOnFiber (node_modules/react-test-renderer/cjs/react-test-renderer.development.js:10326:9)
      at dispatchSetStateInternal (node_modules/react-test-renderer/cjs/react-test-renderer.development.js:4148:13)
      at dispatchSetState (node_modules/react-test-renderer/cjs/react-test-renderer.development.js:4107:7)
      at setGroups (app/index.tsx:146:7)
      at asyncGeneratorStep (node_modules/@babel/runtime/helpers/asyncToGenerator.js:3:17)
      at _next (node_modules/@babel/runtime/helpers/asyncToGenerator.js:17:9)

  console.error
    An update to Index inside a test was not wrapped in act(...).
    
    When testing, code that causes React state updates should be wrapped into act(...):
    
    act(() => {
      /* fire events that update state */
    });
    /* assert on the output */
    
    This ensures that you're testing the behavior the user would see in the browser. Learn more at https://react.dev/link/wrap-tests-with-act

    [0m [90m 152 |[39m         [36mnull[39m[33m;[39m
     [90m 153 |[39m
    [31m[1m>[22m[39m[90m 154 |[39m       setActiveGroupId(nextActiveGroup [33m?[39m nextActiveGroup[33m.[39mid [33m:[39m [36mnull[39m)[33m;[39m
     [90m     |[39m       [31m[1m^[22m[39m
     [90m 155 |[39m       setExpenses(nextActiveGroup[33m?[39m[33m.[39mexpenses [33m||[39m [])[33m;[39m
     [90m 156 |[39m       setParticipants(buildDefaultParticipants(nextActiveGroup[33m?[39m[33m.[39mmembers[33m.[39mmap((member) [33m=>[39m member[33m.[39mname) [33m||[39m []))[33m;[39m
     [90m 157 |[39m     }[0m

      at node_modules/react-test-renderer/cjs/react-test-renderer.development.js:11801:19
      at runWithFiberInDEV (node_modules/react-test-renderer/cjs/react-test-renderer.development.js:1574:13)
      at warnIfUpdatesNotWrappedWithActDEV (node_modules/react-test-renderer/cjs/react-test-renderer.development.js:11800:9)
      at scheduleUpdateOnFiber (node_modules/react-test-renderer/cjs/react-test-renderer.development.js:10326:9)
      at dispatchSetStateInternal (node_modules/react-test-renderer/cjs/react-test-renderer.development.js:4148:13)
      at dispatchSetState (node_modules/react-test-renderer/cjs/react-test-renderer.development.js:4107:7)
      at setActiveGroupId (app/index.tsx:154:7)
      at asyncGeneratorStep (node_modules/@babel/runtime/helpers/asyncToGenerator.js:3:17)
      at _next (node_modules/@babel/runtime/helpers/asyncToGenerator.js:17:9)

  console.error
    An update to Index inside a test was not wrapped in act(...).
    
    When testing, code that causes React state updates should be wrapped into act(...):
    
    act(() => {
      /* fire events that update state */
    });
    /* assert on the output */
    
    This ensures that you're testing the behavior the user would see in the browser. Learn more at https://react.dev/link/wrap-tests-with-act

    [0m [90m 153 |[39m
     [90m 154 |[39m       setActiveGroupId(nextActiveGroup [33m?[39m nextActiveGroup[33m.[39mid [33m:[39m [36mnull[39m)[33m;[39m
    [31m[1m>[22m[39m[90m 155 |[39m       setExpenses(nextActiveGroup[33m?[39m[33m.[39mexpenses [33m||[39m [])[33m;[39m
     [90m     |[39m       [31m[1m^[22m[39m
     [90m 156 |[39m       setParticipants(buildDefaultParticipants(nextActiveGroup[33m?[39m[33m.[39mmembers[33m.[39mmap((member) [33m=>[39m member[33m.[39mname) [33m||[39m []))[33m;[39m
     [90m 157 |[39m     }
     [90m 158 |[39m[0m

      at node_modules/react-test-renderer/cjs/react-test-renderer.development.js:11801:19
      at runWithFiberInDEV (node_modules/react-test-renderer/cjs/react-test-renderer.development.js:1574:13)
      at warnIfUpdatesNotWrappedWithActDEV (node_modules/react-test-renderer/cjs/react-test-renderer.development.js:11800:9)
      at scheduleUpdateOnFiber (node_modules/react-test-renderer/cjs/react-test-renderer.development.js:10326:9)
      at dispatchSetStateInternal (node_modules/react-test-renderer/cjs/react-test-renderer.development.js:4148:13)
      at dispatchSetState (node_modules/react-test-renderer/cjs/react-test-renderer.development.js:4107:7)
      at setExpenses (app/index.tsx:155:7)
      at asyncGeneratorStep (node_modules/@babel/runtime/helpers/asyncToGenerator.js:3:17)
      at _next (node_modules/@babel/runtime/helpers/asyncToGenerator.js:17:9)

  console.error
    An update to Index inside a test was not wrapped in act(...).
    
    When testing, code that causes React state updates should be wrapped into act(...):
    
    act(() => {
      /* fire events that update state */
    });
    /* assert on the output */
    
    This ensures that you're testing the behavior the user would see in the browser. Learn more at https://react.dev/link/wrap-tests-with-act

    [0m [90m 154 |[39m       setActiveGroupId(nextActiveGroup [33m?[39m nextActiveGroup[33m.[39mid [33m:[39m [36mnull[39m)[33m;[39m
     [90m 155 |[39m       setExpenses(nextActiveGroup[33m?[39m[33m.[39mexpenses [33m||[39m [])[33m;[39m
    [31m[1m>[22m[39m[90m 156 |[39m       setParticipants(buildDefaultParticipants(nextActiveGroup[33m?[39m[33m.[39mmembers[33m.[39mmap((member) [33m=>[39m member[33m.[39mname) [33m||[39m []))[33m;[39m
     [90m     |[39m       [31m[1m^[22m[39m
     [90m 157 |[39m     }
     [90m 158 |[39m
     [90m 159 |[39m     [36mvoid[39m refreshGroups()[33m;[39m[0m

      at node_modules/react-test-renderer/cjs/react-test-renderer.development.js:11801:19
      at runWithFiberInDEV (node_modules/react-test-renderer/cjs/react-test-renderer.development.js:1574:13)
      at warnIfUpdatesNotWrappedWithActDEV (node_modules/react-test-renderer/cjs/react-test-renderer.development.js:11800:9)
      at scheduleUpdateOnFiber (node_modules/react-test-renderer/cjs/react-test-renderer.development.js:10326:9)
      at dispatchSetStateInternal (node_modules/react-test-renderer/cjs/react-test-renderer.development.js:4148:13)
      at dispatchSetState (node_modules/react-test-renderer/cjs/react-test-renderer.development.js:4107:7)
      at setParticipants (app/index.tsx:156:7)
      at asyncGeneratorStep (node_modules/@babel/runtime/helpers/asyncToGenerator.js:3:17)
      at _next (node_modules/@babel/runtime/helpers/asyncToGenerator.js:17:9)

  console.error
    An update to Index inside a test was not wrapped in act(...).
    
    When testing, code that causes React state updates should be wrapped into act(...):
    
    act(() => {
      /* fire events that update state */
    });
    /* assert on the output */
    
    This ensures that you're testing the behavior the user would see in the browser. Learn more at https://react.dev/link/wrap-tests-with-act

    [0m [90m 343 |[39m
     [90m 344 |[39m     [36mconst[39m refreshedGroups [33m=[39m [36mawait[39m loadAccessibleGroups(currentUser[33m.[39muid)[33m;[39m
    [31m[1m>[22m[39m[90m 345 |[39m     setGroups(refreshedGroups)[33m;[39m
     [90m     |[39m     [31m[1m^[22m[39m
     [90m 346 |[39m
     [90m 347 |[39m     [36mconst[39m nextActiveGroup [33m=[39m
     [90m 348 |[39m       refreshedGroups[33m.[39mfind((group) [33m=>[39m group[33m.[39mid [33m===[39m preferredGroupId) [33m||[39m[0m

      at node_modules/react-test-renderer/cjs/react-test-renderer.development.js:11801:19
      at runWithFiberInDEV (node_modules/react-test-renderer/cjs/react-test-renderer.development.js:1574:13)
      at warnIfUpdatesNotWrappedWithActDEV (node_modules/react-test-renderer/cjs/react-test-renderer.development.js:11800:9)
      at scheduleUpdateOnFiber (node_modules/react-test-renderer/cjs/react-test-renderer.development.js:10326:9)
      at dispatchSetStateInternal (node_modules/react-test-renderer/cjs/react-test-renderer.development.js:4148:13)
      at dispatchSetState (node_modules/react-test-renderer/cjs/react-test-renderer.development.js:4107:7)
      at setGroups (app/index.tsx:345:5)
      at asyncGeneratorStep (node_modules/@babel/runtime/helpers/asyncToGenerator.js:3:17)
      at _next (node_modules/@babel/runtime/helpers/asyncToGenerator.js:17:9)

  console.error
    An update to Index inside a test was not wrapped in act(...).
    
    When testing, code that causes React state updates should be wrapped into act(...):
    
    act(() => {
      /* fire events that update state */
    });
    /* assert on the output */
    
    This ensures that you're testing the behavior the user would see in the browser. Learn more at https://react.dev/link/wrap-tests-with-act

    [0m [90m 351 |[39m       [36mnull[39m[33m;[39m
     [90m 352 |[39m
    [31m[1m>[22m[39m[90m 353 |[39m     setActiveGroupId(nextActiveGroup [33m?[39m nextActiveGroup[33m.[39mid [33m:[39m [36mnull[39m)[33m;[39m
     [90m     |[39m     [31m[1m^[22m[39m
     [90m 354 |[39m     setExpenses(nextActiveGroup[33m?[39m[33m.[39mexpenses [33m||[39m [])[33m;[39m
     [90m 355 |[39m     setParticipants(buildDefaultParticipants(nextActiveGroup[33m?[39m[33m.[39mmembers[33m.[39mmap((member) [33m=>[39m member[33m.[39mname) [33m||[39m []))[33m;[39m
     [90m 356 |[39m   }[0m

      at node_modules/react-test-renderer/cjs/react-test-renderer.development.js:11801:19
      at runWithFiberInDEV (node_modules/react-test-renderer/cjs/react-test-renderer.development.js:1574:13)
      at warnIfUpdatesNotWrappedWithActDEV (node_modules/react-test-renderer/cjs/react-test-renderer.development.js:11800:9)
      at scheduleUpdateOnFiber (node_modules/react-test-renderer/cjs/react-test-renderer.development.js:10326:9)
      at dispatchSetStateInternal (node_modules/react-test-renderer/cjs/react-test-renderer.development.js:4148:13)
      at dispatchSetState (node_modules/react-test-renderer/cjs/react-test-renderer.development.js:4107:7)
      at setActiveGroupId (app/index.tsx:353:5)
      at asyncGeneratorStep (node_modules/@babel/runtime/helpers/asyncToGenerator.js:3:17)
      at _next (node_modules/@babel/runtime/helpers/asyncToGenerator.js:17:9)

  console.error
    An update to Index inside a test was not wrapped in act(...).
    
    When testing, code that causes React state updates should be wrapped into act(...):
    
    act(() => {
      /* fire events that update state */
    });
    /* assert on the output */
    
    This ensures that you're testing the behavior the user would see in the browser. Learn more at https://react.dev/link/wrap-tests-with-act

    [0m [90m 352 |[39m
     [90m 353 |[39m     setActiveGroupId(nextActiveGroup [33m?[39m nextActiveGroup[33m.[39mid [33m:[39m [36mnull[39m)[33m;[39m
    [31m[1m>[22m[39m[90m 354 |[39m     setExpenses(nextActiveGroup[33m?[39m[33m.[39mexpenses [33m||[39m [])[33m;[39m
     [90m     |[39m     [31m[1m^[22m[39m
     [90m 355 |[39m     setParticipants(buildDefaultParticipants(nextActiveGroup[33m?[39m[33m.[39mmembers[33m.[39mmap((member) [33m=>[39m member[33m.[39mname) [33m||[39m []))[33m;[39m
     [90m 356 |[39m   }
     [90m 357 |[39m[0m

      at node_modules/react-test-renderer/cjs/react-test-renderer.development.js:11801:19
      at runWithFiberInDEV (node_modules/react-test-renderer/cjs/react-test-renderer.development.js:1574:13)
      at warnIfUpdatesNotWrappedWithActDEV (node_modules/react-test-renderer/cjs/react-test-renderer.development.js:11800:9)
      at scheduleUpdateOnFiber (node_modules/react-test-renderer/cjs/react-test-renderer.development.js:10326:9)
      at dispatchSetStateInternal (node_modules/react-test-renderer/cjs/react-test-renderer.development.js:4148:13)
      at dispatchSetState (node_modules/react-test-renderer/cjs/react-test-renderer.development.js:4107:7)
      at setExpenses (app/index.tsx:354:5)
      at asyncGeneratorStep (node_modules/@babel/runtime/helpers/asyncToGenerator.js:3:17)
      at _next (node_modules/@babel/runtime/helpers/asyncToGenerator.js:17:9)

  console.error
    An update to Index inside a test was not wrapped in act(...).
    
    When testing, code that causes React state updates should be wrapped into act(...):
    
    act(() => {
      /* fire events that update state */
    });
    /* assert on the output */
    
    This ensures that you're testing the behavior the user would see in the browser. Learn more at https://react.dev/link/wrap-tests-with-act

    [0m [90m 353 |[39m     setActiveGroupId(nextActiveGroup [33m?[39m nextActiveGroup[33m.[39mid [33m:[39m [36mnull[39m)[33m;[39m
     [90m 354 |[39m     setExpenses(nextActiveGroup[33m?[39m[33m.[39mexpenses [33m||[39m [])[33m;[39m
    [31m[1m>[22m[39m[90m 355 |[39m     setParticipants(buildDefaultParticipants(nextActiveGroup[33m?[39m[33m.[39mmembers[33m.[39mmap((member) [33m=>[39m member[33m.[39mname) [33m||[39m []))[33m;[39m
     [90m     |[39m     [31m[1m^[22m[39m
     [90m 356 |[39m   }
     [90m 357 |[39m
     [90m 358 |[39m   [36masync[39m [36mfunction[39m handleCreateGroup() {[0m

      at node_modules/react-test-renderer/cjs/react-test-renderer.development.js:11801:19
      at runWithFiberInDEV (node_modules/react-test-renderer/cjs/react-test-renderer.development.js:1574:13)
      at warnIfUpdatesNotWrappedWithActDEV (node_modules/react-test-renderer/cjs/react-test-renderer.development.js:11800:9)
      at scheduleUpdateOnFiber (node_modules/react-test-renderer/cjs/react-test-renderer.development.js:10326:9)
      at dispatchSetStateInternal (node_modules/react-test-renderer/cjs/react-test-renderer.development.js:4148:13)
      at dispatchSetState (node_modules/react-test-renderer/cjs/react-test-renderer.development.js:4107:7)
      at setParticipants (app/index.tsx:355:5)
      at asyncGeneratorStep (node_modules/@babel/runtime/helpers/asyncToGenerator.js:3:17)
      at _next (node_modules/@babel/runtime/helpers/asyncToGenerator.js:17:9)

PASS __tests__/edit-expense.acceptance.test.tsx
  Feature: Edit an expense
    ÔêÜ Scenario: Given a saved expense exists, When the user edits and saves it, Then the expenses list shows the corrected details and 
no longer shows the outdated entry (236 ms)

  console.warn
    SafeAreaView has been deprecated and will be removed in a future release. Please use 'react-native-safe-area-context' instead. See https://github.com/th3rdwave/react-native-safe-area-context

    [0m [90m 585 |[39m
     [90m 586 |[39m   [36mreturn[39m (
    [31m[1m>[22m[39m[90m 587 |[39m     [33m<[39m[33mSafeAreaView[39m style[33m=[39m{styles[33m.[39msafeArea}[33m>[39m
     [90m     |[39m      [31m[1m^[22m[39m
     [90m 588 |[39m       [33m<[39m[33mScrollView[39m contentContainerStyle[33m=[39m{styles[33m.[39mcontainer}[33m>[39m
     [90m 589 |[39m         [33m<[39m[33mView[39m style[33m=[39m{styles[33m.[39mheaderCard}[33m>[39m
     [90m 590 |[39m           [33m<[39m[33mText[39m style[33m=[39m{styles[33m.[39mkicker}[33m>[39m[33mSmartSplit[39m[33m<[39m[33m/[39m[33mText[39m[33m>[39m[0m

      at warn (node_modules/react-native/Libraries/Utilities/warnOnce.js:27:11)
      at Object.warnOnce [as SafeAreaView] (node_modules/react-native/index.js:92:5)
      at SafeAreaView (app/index.tsx:587:6)
      at Object.react-stack-bottom-frame (node_modules/react-test-renderer/cjs/react-test-renderer.development.js:13976:20)
      at renderWithHooks (node_modules/react-test-renderer/cjs/react-test-renderer.development.js:2866:22)
      at updateFunctionComponent (node_modules/react-test-renderer/cjs/react-test-renderer.development.js:6006:19)
      at beginWork (node_modules/react-test-renderer/cjs/react-test-renderer.development.js:7474:18)
      at runWithFiberInDEV (node_modules/react-test-renderer/cjs/react-test-renderer.development.js:1574:13)
      at performUnitOfWork (node_modules/react-test-renderer/cjs/react-test-renderer.development.js:10972:22)
      at workLoopSync (node_modules/react-test-renderer/cjs/react-test-renderer.development.js:10816:41)
      at renderRootSync (node_modules/react-test-renderer/cjs/react-test-renderer.development.js:10797:11)
      at performWorkOnRoot (node_modules/react-test-renderer/cjs/react-test-renderer.development.js:10349:13)
      at performWorkOnRootViaSchedulerTask (node_modules/react-test-renderer/cjs/react-test-renderer.development.js:2094:7)
      at flushActQueue (node_modules/react/cjs/react.development.js:566:34)
      at Object.<anonymous>.process.env.NODE_ENV.exports.act (node_modules/react/cjs/react.development.js:859:10)
      at actImplementation (node_modules/@testing-library/react-native/src/act.ts:30:25)
      at renderWithAct (node_modules/@testing-library/react-native/src/render-act.ts:13:11)
      at renderInternal (node_modules/@testing-library/react-native/src/render.tsx:69:33)
      at renderInternal (node_modules/@testing-library/react-native/src/render.tsx:44:10)
      at Object.<anonymous> (__tests__/join-group.acceptance.test.tsx:7:68)

  console.error
    An update to Index inside a test was not wrapped in act(...).
    
    When testing, code that causes React state updates should be wrapped into act(...):
    
    act(() => {
      /* fire events that update state */
    });
    /* assert on the output */
    
    This ensures that you're testing the behavior the user would see in the browser. Learn more at https://react.dev/link/wrap-tests-with-act

    [0m [90m 144 |[39m       }
     [90m 145 |[39m
    [31m[1m>[22m[39m[90m 146 |[39m       setGroups(remoteGroups)[33m;[39m
     [90m     |[39m       [31m[1m^[22m[39m
     [90m 147 |[39m
     [90m 148 |[39m       [36mconst[39m nextActiveGroup [33m=[39m
     [90m 149 |[39m         remoteGroups[33m.[39mfind((group) [33m=>[39m group[33m.[39mid [33m===[39m preferredGroupId) [33m||[39m[0m

      at node_modules/react-test-renderer/cjs/react-test-renderer.development.js:11801:19
      at runWithFiberInDEV (node_modules/react-test-renderer/cjs/react-test-renderer.development.js:1574:13)
      at warnIfUpdatesNotWrappedWithActDEV (node_modules/react-test-renderer/cjs/react-test-renderer.development.js:11800:9)
      at scheduleUpdateOnFiber (node_modules/react-test-renderer/cjs/react-test-renderer.development.js:10326:9)
      at dispatchSetStateInternal (node_modules/react-test-renderer/cjs/react-test-renderer.development.js:4148:13)
      at dispatchSetState (node_modules/react-test-renderer/cjs/react-test-renderer.development.js:4107:7)
      at setGroups (app/index.tsx:146:7)
      at asyncGeneratorStep (node_modules/@babel/runtime/helpers/asyncToGenerator.js:3:17)
      at _next (node_modules/@babel/runtime/helpers/asyncToGenerator.js:17:9)

  console.error
    An update to Index inside a test was not wrapped in act(...).
    
    When testing, code that causes React state updates should be wrapped into act(...):
    
    act(() => {
      /* fire events that update state */
    });
    /* assert on the output */
    
    This ensures that you're testing the behavior the user would see in the browser. Learn more at https://react.dev/link/wrap-tests-with-act

    [0m [90m 152 |[39m         [36mnull[39m[33m;[39m
     [90m 153 |[39m
    [31m[1m>[22m[39m[90m 154 |[39m       setActiveGroupId(nextActiveGroup [33m?[39m nextActiveGroup[33m.[39mid [33m:[39m [36mnull[39m)[33m;[39m
     [90m     |[39m       [31m[1m^[22m[39m
     [90m 155 |[39m       setExpenses(nextActiveGroup[33m?[39m[33m.[39mexpenses [33m||[39m [])[33m;[39m
     [90m 156 |[39m       setParticipants(buildDefaultParticipants(nextActiveGroup[33m?[39m[33m.[39mmembers[33m.[39mmap((member) [33m=>[39m member[33m.[39mname) [33m||[39m []))[33m;[39m
     [90m 157 |[39m     }[0m

      at node_modules/react-test-renderer/cjs/react-test-renderer.development.js:11801:19
      at runWithFiberInDEV (node_modules/react-test-renderer/cjs/react-test-renderer.development.js:1574:13)
      at warnIfUpdatesNotWrappedWithActDEV (node_modules/react-test-renderer/cjs/react-test-renderer.development.js:11800:9)
      at scheduleUpdateOnFiber (node_modules/react-test-renderer/cjs/react-test-renderer.development.js:10326:9)
      at dispatchSetStateInternal (node_modules/react-test-renderer/cjs/react-test-renderer.development.js:4148:13)
      at dispatchSetState (node_modules/react-test-renderer/cjs/react-test-renderer.development.js:4107:7)
      at setActiveGroupId (app/index.tsx:154:7)
      at asyncGeneratorStep (node_modules/@babel/runtime/helpers/asyncToGenerator.js:3:17)
      at _next (node_modules/@babel/runtime/helpers/asyncToGenerator.js:17:9)

  console.error
    An update to Index inside a test was not wrapped in act(...).
    
    When testing, code that causes React state updates should be wrapped into act(...):
    
    act(() => {
      /* fire events that update state */
    });
    /* assert on the output */
    
    This ensures that you're testing the behavior the user would see in the browser. Learn more at https://react.dev/link/wrap-tests-with-act

    [0m [90m 153 |[39m
     [90m 154 |[39m       setActiveGroupId(nextActiveGroup [33m?[39m nextActiveGroup[33m.[39mid [33m:[39m [36mnull[39m)[33m;[39m
    [31m[1m>[22m[39m[90m 155 |[39m       setExpenses(nextActiveGroup[33m?[39m[33m.[39mexpenses [33m||[39m [])[33m;[39m
     [90m     |[39m       [31m[1m^[22m[39m
     [90m 156 |[39m       setParticipants(buildDefaultParticipants(nextActiveGroup[33m?[39m[33m.[39mmembers[33m.[39mmap((member) [33m=>[39m member[33m.[39mname) [33m||[39m []))[33m;[39m
     [90m 157 |[39m     }
     [90m 158 |[39m[0m

      at node_modules/react-test-renderer/cjs/react-test-renderer.development.js:11801:19
      at runWithFiberInDEV (node_modules/react-test-renderer/cjs/react-test-renderer.development.js:1574:13)
      at warnIfUpdatesNotWrappedWithActDEV (node_modules/react-test-renderer/cjs/react-test-renderer.development.js:11800:9)
      at scheduleUpdateOnFiber (node_modules/react-test-renderer/cjs/react-test-renderer.development.js:10326:9)
      at dispatchSetStateInternal (node_modules/react-test-renderer/cjs/react-test-renderer.development.js:4148:13)
      at dispatchSetState (node_modules/react-test-renderer/cjs/react-test-renderer.development.js:4107:7)
      at setExpenses (app/index.tsx:155:7)
      at asyncGeneratorStep (node_modules/@babel/runtime/helpers/asyncToGenerator.js:3:17)
      at _next (node_modules/@babel/runtime/helpers/asyncToGenerator.js:17:9)

  console.error
    An update to Index inside a test was not wrapped in act(...).
    
    When testing, code that causes React state updates should be wrapped into act(...):
    
    act(() => {
      /* fire events that update state */
    });
    /* assert on the output */
    
    This ensures that you're testing the behavior the user would see in the browser. Learn more at https://react.dev/link/wrap-tests-with-act

    [0m [90m 154 |[39m       setActiveGroupId(nextActiveGroup [33m?[39m nextActiveGroup[33m.[39mid [33m:[39m [36mnull[39m)[33m;[39m
     [90m 155 |[39m       setExpenses(nextActiveGroup[33m?[39m[33m.[39mexpenses [33m||[39m [])[33m;[39m
    [31m[1m>[22m[39m[90m 156 |[39m       setParticipants(buildDefaultParticipants(nextActiveGroup[33m?[39m[33m.[39mmembers[33m.[39mmap((member) [33m=>[39m member[33m.[39mname) [33m||[39m []))[33m;[39m
     [90m     |[39m       [31m[1m^[22m[39m
     [90m 157 |[39m     }
     [90m 158 |[39m
     [90m 159 |[39m     [36mvoid[39m refreshGroups()[33m;[39m[0m

      at node_modules/react-test-renderer/cjs/react-test-renderer.development.js:11801:19
      at runWithFiberInDEV (node_modules/react-test-renderer/cjs/react-test-renderer.development.js:1574:13)
      at warnIfUpdatesNotWrappedWithActDEV (node_modules/react-test-renderer/cjs/react-test-renderer.development.js:11800:9)
      at scheduleUpdateOnFiber (node_modules/react-test-renderer/cjs/react-test-renderer.development.js:10326:9)
      at dispatchSetStateInternal (node_modules/react-test-renderer/cjs/react-test-renderer.development.js:4148:13)
      at dispatchSetState (node_modules/react-test-renderer/cjs/react-test-renderer.development.js:4107:7)
      at setParticipants (app/index.tsx:156:7)
      at asyncGeneratorStep (node_modules/@babel/runtime/helpers/asyncToGenerator.js:3:17)
      at _next (node_modules/@babel/runtime/helpers/asyncToGenerator.js:17:9)

  console.error
    An update to Index inside a test was not wrapped in act(...).
    
    When testing, code that causes React state updates should be wrapped into act(...):
    
    act(() => {
      /* fire events that update state */
    });
    /* assert on the output */
    
    This ensures that you're testing the behavior the user would see in the browser. Learn more at https://react.dev/link/wrap-tests-with-act

    [0m [90m 343 |[39m
     [90m 344 |[39m     [36mconst[39m refreshedGroups [33m=[39m [36mawait[39m loadAccessibleGroups(currentUser[33m.[39muid)[33m;[39m
    [31m[1m>[22m[39m[90m 345 |[39m     setGroups(refreshedGroups)[33m;[39m
     [90m     |[39m     [31m[1m^[22m[39m
     [90m 346 |[39m
     [90m 347 |[39m     [36mconst[39m nextActiveGroup [33m=[39m
     [90m 348 |[39m       refreshedGroups[33m.[39mfind((group) [33m=>[39m group[33m.[39mid [33m===[39m preferredGroupId) [33m||[39m[0m

      at node_modules/react-test-renderer/cjs/react-test-renderer.development.js:11801:19
      at runWithFiberInDEV (node_modules/react-test-renderer/cjs/react-test-renderer.development.js:1574:13)
      at warnIfUpdatesNotWrappedWithActDEV (node_modules/react-test-renderer/cjs/react-test-renderer.development.js:11800:9)
      at scheduleUpdateOnFiber (node_modules/react-test-renderer/cjs/react-test-renderer.development.js:10326:9)
      at dispatchSetStateInternal (node_modules/react-test-renderer/cjs/react-test-renderer.development.js:4148:13)
      at dispatchSetState (node_modules/react-test-renderer/cjs/react-test-renderer.development.js:4107:7)
      at setGroups (app/index.tsx:345:5)
      at asyncGeneratorStep (node_modules/@babel/runtime/helpers/asyncToGenerator.js:3:17)
      at _next (node_modules/@babel/runtime/helpers/asyncToGenerator.js:17:9)

  console.error
    An update to Index inside a test was not wrapped in act(...).
    
    When testing, code that causes React state updates should be wrapped into act(...):
    
    act(() => {
      /* fire events that update state */
    });
    /* assert on the output */
    
    This ensures that you're testing the behavior the user would see in the browser. Learn more at https://react.dev/link/wrap-tests-with-act

    [0m [90m 351 |[39m       [36mnull[39m[33m;[39m
     [90m 352 |[39m
    [31m[1m>[22m[39m[90m 353 |[39m     setActiveGroupId(nextActiveGroup [33m?[39m nextActiveGroup[33m.[39mid [33m:[39m [36mnull[39m)[33m;[39m
     [90m     |[39m     [31m[1m^[22m[39m
     [90m 354 |[39m     setExpenses(nextActiveGroup[33m?[39m[33m.[39mexpenses [33m||[39m [])[33m;[39m
     [90m 355 |[39m     setParticipants(buildDefaultParticipants(nextActiveGroup[33m?[39m[33m.[39mmembers[33m.[39mmap((member) [33m=>[39m member[33m.[39mname) [33m||[39m []))[33m;[39m
     [90m 356 |[39m   }[0m

      at node_modules/react-test-renderer/cjs/react-test-renderer.development.js:11801:19
      at runWithFiberInDEV (node_modules/react-test-renderer/cjs/react-test-renderer.development.js:1574:13)
      at warnIfUpdatesNotWrappedWithActDEV (node_modules/react-test-renderer/cjs/react-test-renderer.development.js:11800:9)
      at scheduleUpdateOnFiber (node_modules/react-test-renderer/cjs/react-test-renderer.development.js:10326:9)
      at dispatchSetStateInternal (node_modules/react-test-renderer/cjs/react-test-renderer.development.js:4148:13)
      at dispatchSetState (node_modules/react-test-renderer/cjs/react-test-renderer.development.js:4107:7)
      at setActiveGroupId (app/index.tsx:353:5)
      at asyncGeneratorStep (node_modules/@babel/runtime/helpers/asyncToGenerator.js:3:17)
      at _next (node_modules/@babel/runtime/helpers/asyncToGenerator.js:17:9)

  console.error
    An update to Index inside a test was not wrapped in act(...).
    
    When testing, code that causes React state updates should be wrapped into act(...):
    
    act(() => {
      /* fire events that update state */
    });
    /* assert on the output */
    
    This ensures that you're testing the behavior the user would see in the browser. Learn more at https://react.dev/link/wrap-tests-with-act

    [0m [90m 352 |[39m
     [90m 353 |[39m     setActiveGroupId(nextActiveGroup [33m?[39m nextActiveGroup[33m.[39mid [33m:[39m [36mnull[39m)[33m;[39m
    [31m[1m>[22m[39m[90m 354 |[39m     setExpenses(nextActiveGroup[33m?[39m[33m.[39mexpenses [33m||[39m [])[33m;[39m
     [90m     |[39m     [31m[1m^[22m[39m
     [90m 355 |[39m     setParticipants(buildDefaultParticipants(nextActiveGroup[33m?[39m[33m.[39mmembers[33m.[39mmap((member) [33m=>[39m member[33m.[39mname) [33m||[39m []))[33m;[39m
     [90m 356 |[39m   }
     [90m 357 |[39m[0m

      at node_modules/react-test-renderer/cjs/react-test-renderer.development.js:11801:19
      at runWithFiberInDEV (node_modules/react-test-renderer/cjs/react-test-renderer.development.js:1574:13)
      at warnIfUpdatesNotWrappedWithActDEV (node_modules/react-test-renderer/cjs/react-test-renderer.development.js:11800:9)
      at scheduleUpdateOnFiber (node_modules/react-test-renderer/cjs/react-test-renderer.development.js:10326:9)
      at dispatchSetStateInternal (node_modules/react-test-renderer/cjs/react-test-renderer.development.js:4148:13)
      at dispatchSetState (node_modules/react-test-renderer/cjs/react-test-renderer.development.js:4107:7)
      at setExpenses (app/index.tsx:354:5)
      at asyncGeneratorStep (node_modules/@babel/runtime/helpers/asyncToGenerator.js:3:17)
      at _next (node_modules/@babel/runtime/helpers/asyncToGenerator.js:17:9)

  console.error
    An update to Index inside a test was not wrapped in act(...).
    
    When testing, code that causes React state updates should be wrapped into act(...):
    
    act(() => {
      /* fire events that update state */
    });
    /* assert on the output */
    
    This ensures that you're testing the behavior the user would see in the browser. Learn more at https://react.dev/link/wrap-tests-with-act

    [0m [90m 353 |[39m     setActiveGroupId(nextActiveGroup [33m?[39m nextActiveGroup[33m.[39mid [33m:[39m [36mnull[39m)[33m;[39m
     [90m 354 |[39m     setExpenses(nextActiveGroup[33m?[39m[33m.[39mexpenses [33m||[39m [])[33m;[39m
    [31m[1m>[22m[39m[90m 355 |[39m     setParticipants(buildDefaultParticipants(nextActiveGroup[33m?[39m[33m.[39mmembers[33m.[39mmap((member) [33m=>[39m member[33m.[39mname) [33m||[39m []))[33m;[39m
     [90m     |[39m     [31m[1m^[22m[39m
     [90m 356 |[39m   }
     [90m 357 |[39m
     [90m 358 |[39m   [36masync[39m [36mfunction[39m handleCreateGroup() {[0m

      at node_modules/react-test-renderer/cjs/react-test-renderer.development.js:11801:19
      at runWithFiberInDEV (node_modules/react-test-renderer/cjs/react-test-renderer.development.js:1574:13)
      at warnIfUpdatesNotWrappedWithActDEV (node_modules/react-test-renderer/cjs/react-test-renderer.development.js:11800:9)
      at scheduleUpdateOnFiber (node_modules/react-test-renderer/cjs/react-test-renderer.development.js:10326:9)
      at dispatchSetStateInternal (node_modules/react-test-renderer/cjs/react-test-renderer.development.js:4148:13)
      at dispatchSetState (node_modules/react-test-renderer/cjs/react-test-renderer.development.js:4107:7)
      at setParticipants (app/index.tsx:355:5)
      at asyncGeneratorStep (node_modules/@babel/runtime/helpers/asyncToGenerator.js:3:17)
      at _next (node_modules/@babel/runtime/helpers/asyncToGenerator.js:17:9)

  console.error
    An update to Index inside a test was not wrapped in act(...).
    
    When testing, code that causes React state updates should be wrapped into act(...):
    
    act(() => {
      /* fire events that update state */
    });
    /* assert on the output */
    
    This ensures that you're testing the behavior the user would see in the browser. Learn more at https://react.dev/link/wrap-tests-with-act

    [0m [90m 343 |[39m
     [90m 344 |[39m     [36mconst[39m refreshedGroups [33m=[39m [36mawait[39m loadAccessibleGroups(currentUser[33m.[39muid)[33m;[39m
    [31m[1m>[22m[39m[90m 345 |[39m     setGroups(refreshedGroups)[33m;[39m
     [90m     |[39m     [31m[1m^[22m[39m
     [90m 346 |[39m
     [90m 347 |[39m     [36mconst[39m nextActiveGroup [33m=[39m
     [90m 348 |[39m       refreshedGroups[33m.[39mfind((group) [33m=>[39m group[33m.[39mid [33m===[39m preferredGroupId) [33m||[39m[0m

      at node_modules/react-test-renderer/cjs/react-test-renderer.development.js:11801:19
      at runWithFiberInDEV (node_modules/react-test-renderer/cjs/react-test-renderer.development.js:1574:13)
      at warnIfUpdatesNotWrappedWithActDEV (node_modules/react-test-renderer/cjs/react-test-renderer.development.js:11800:9)
      at scheduleUpdateOnFiber (node_modules/react-test-renderer/cjs/react-test-renderer.development.js:10326:9)
      at dispatchSetStateInternal (node_modules/react-test-renderer/cjs/react-test-renderer.development.js:4148:13)
      at dispatchSetState (node_modules/react-test-renderer/cjs/react-test-renderer.development.js:4107:7)
      at setGroups (app/index.tsx:345:5)
      at asyncGeneratorStep (node_modules/@babel/runtime/helpers/asyncToGenerator.js:3:17)
      at _next (node_modules/@babel/runtime/helpers/asyncToGenerator.js:17:9)

  console.error
    An update to Index inside a test was not wrapped in act(...).
    
    When testing, code that causes React state updates should be wrapped into act(...):
    
    act(() => {
      /* fire events that update state */
    });
    /* assert on the output */
    
    This ensures that you're testing the behavior the user would see in the browser. Learn more at https://react.dev/link/wrap-tests-with-act

    [0m [90m 351 |[39m       [36mnull[39m[33m;[39m
     [90m 352 |[39m
    [31m[1m>[22m[39m[90m 353 |[39m     setActiveGroupId(nextActiveGroup [33m?[39m nextActiveGroup[33m.[39mid [33m:[39m [36mnull[39m)[33m;[39m
     [90m     |[39m     [31m[1m^[22m[39m
     [90m 354 |[39m     setExpenses(nextActiveGroup[33m?[39m[33m.[39mexpenses [33m||[39m [])[33m;[39m
     [90m 355 |[39m     setParticipants(buildDefaultParticipants(nextActiveGroup[33m?[39m[33m.[39mmembers[33m.[39mmap((member) [33m=>[39m member[33m.[39mname) [33m||[39m []))[33m;[39m
     [90m 356 |[39m   }[0m

      at node_modules/react-test-renderer/cjs/react-test-renderer.development.js:11801:19
      at runWithFiberInDEV (node_modules/react-test-renderer/cjs/react-test-renderer.development.js:1574:13)
      at warnIfUpdatesNotWrappedWithActDEV (node_modules/react-test-renderer/cjs/react-test-renderer.development.js:11800:9)
      at scheduleUpdateOnFiber (node_modules/react-test-renderer/cjs/react-test-renderer.development.js:10326:9)
      at dispatchSetStateInternal (node_modules/react-test-renderer/cjs/react-test-renderer.development.js:4148:13)
      at dispatchSetState (node_modules/react-test-renderer/cjs/react-test-renderer.development.js:4107:7)
      at setActiveGroupId (app/index.tsx:353:5)
      at asyncGeneratorStep (node_modules/@babel/runtime/helpers/asyncToGenerator.js:3:17)
      at _next (node_modules/@babel/runtime/helpers/asyncToGenerator.js:17:9)

  console.error
    An update to Index inside a test was not wrapped in act(...).
    
    When testing, code that causes React state updates should be wrapped into act(...):
    
    act(() => {
      /* fire events that update state */
    });
    /* assert on the output */
    
    This ensures that you're testing the behavior the user would see in the browser. Learn more at https://react.dev/link/wrap-tests-with-act

    [0m [90m 352 |[39m
     [90m 353 |[39m     setActiveGroupId(nextActiveGroup [33m?[39m nextActiveGroup[33m.[39mid [33m:[39m [36mnull[39m)[33m;[39m
    [31m[1m>[22m[39m[90m 354 |[39m     setExpenses(nextActiveGroup[33m?[39m[33m.[39mexpenses [33m||[39m [])[33m;[39m
     [90m     |[39m     [31m[1m^[22m[39m
     [90m 355 |[39m     setParticipants(buildDefaultParticipants(nextActiveGroup[33m?[39m[33m.[39mmembers[33m.[39mmap((member) [33m=>[39m member[33m.[39mname) [33m||[39m []))[33m;[39m
     [90m 356 |[39m   }
     [90m 357 |[39m[0m

      at node_modules/react-test-renderer/cjs/react-test-renderer.development.js:11801:19
      at runWithFiberInDEV (node_modules/react-test-renderer/cjs/react-test-renderer.development.js:1574:13)
      at warnIfUpdatesNotWrappedWithActDEV (node_modules/react-test-renderer/cjs/react-test-renderer.development.js:11800:9)
      at scheduleUpdateOnFiber (node_modules/react-test-renderer/cjs/react-test-renderer.development.js:10326:9)
      at dispatchSetStateInternal (node_modules/react-test-renderer/cjs/react-test-renderer.development.js:4148:13)
      at dispatchSetState (node_modules/react-test-renderer/cjs/react-test-renderer.development.js:4107:7)
      at setExpenses (app/index.tsx:354:5)
      at asyncGeneratorStep (node_modules/@babel/runtime/helpers/asyncToGenerator.js:3:17)
      at _next (node_modules/@babel/runtime/helpers/asyncToGenerator.js:17:9)

  console.error
    An update to Index inside a test was not wrapped in act(...).
    
    When testing, code that causes React state updates should be wrapped into act(...):
    
    act(() => {
      /* fire events that update state */
    });
    /* assert on the output */
    
    This ensures that you're testing the behavior the user would see in the browser. Learn more at https://react.dev/link/wrap-tests-with-act

    [0m [90m 353 |[39m     setActiveGroupId(nextActiveGroup [33m?[39m nextActiveGroup[33m.[39mid [33m:[39m [36mnull[39m)[33m;[39m
     [90m 354 |[39m     setExpenses(nextActiveGroup[33m?[39m[33m.[39mexpenses [33m||[39m [])[33m;[39m
    [31m[1m>[22m[39m[90m 355 |[39m     setParticipants(buildDefaultParticipants(nextActiveGroup[33m?[39m[33m.[39mmembers[33m.[39mmap((member) [33m=>[39m member[33m.[39mname) [33m||[39m []))[33m;[39m
     [90m     |[39m     [31m[1m^[22m[39m
     [90m 356 |[39m   }
     [90m 357 |[39m
     [90m 358 |[39m   [36masync[39m [36mfunction[39m handleCreateGroup() {[0m

      at node_modules/react-test-renderer/cjs/react-test-renderer.development.js:11801:19
      at runWithFiberInDEV (node_modules/react-test-renderer/cjs/react-test-renderer.development.js:1574:13)
      at warnIfUpdatesNotWrappedWithActDEV (node_modules/react-test-renderer/cjs/react-test-renderer.development.js:11800:9)
      at scheduleUpdateOnFiber (node_modules/react-test-renderer/cjs/react-test-renderer.development.js:10326:9)
      at dispatchSetStateInternal (node_modules/react-test-renderer/cjs/react-test-renderer.development.js:4148:13)
      at dispatchSetState (node_modules/react-test-renderer/cjs/react-test-renderer.development.js:4107:7)
      at setParticipants (app/index.tsx:355:5)
      at asyncGeneratorStep (node_modules/@babel/runtime/helpers/asyncToGenerator.js:3:17)
      at _next (node_modules/@babel/runtime/helpers/asyncToGenerator.js:17:9)

PASS __tests__/join-group.acceptance.test.tsx
  Feature: Join a group
    ÔêÜ Scenario: Given another group is active, When the user enters an existing invite code, Then the app switches them into the 
invited group and confirms the join (402 ms)

  console.warn
    SafeAreaView has been deprecated and will be removed in a future release. Please use 'react-native-safe-area-context' instead. See https://github.com/th3rdwave/react-native-safe-area-context

    [0m [90m 585 |[39m
     [90m 586 |[39m   [36mreturn[39m (
    [31m[1m>[22m[39m[90m 587 |[39m     [33m<[39m[33mSafeAreaView[39m style[33m=[39m{styles[33m.[39msafeArea}[33m>[39m
     [90m     |[39m      [31m[1m^[22m[39m
     [90m 588 |[39m       [33m<[39m[33mScrollView[39m contentContainerStyle[33m=[39m{styles[33m.[39mcontainer}[33m>[39m
     [90m 589 |[39m         [33m<[39m[33mView[39m style[33m=[39m{styles[33m.[39mheaderCard}[33m>[39m
     [90m 590 |[39m           [33m<[39m[33mText[39m style[33m=[39m{styles[33m.[39mkicker}[33m>[39m[33mSmartSplit[39m[33m<[39m[33m/[39m[33mText[39m[33m>[39m[0m

      at warn (node_modules/react-native/Libraries/Utilities/warnOnce.js:27:11)
      at Object.warnOnce [as SafeAreaView] (node_modules/react-native/index.js:92:5)
      at SafeAreaView (app/index.tsx:587:6)
      at Object.react-stack-bottom-frame (node_modules/react-test-renderer/cjs/react-test-renderer.development.js:13976:20)
      at renderWithHooks (node_modules/react-test-renderer/cjs/react-test-renderer.development.js:2866:22)
      at updateFunctionComponent (node_modules/react-test-renderer/cjs/react-test-renderer.development.js:6006:19)
      at beginWork (node_modules/react-test-renderer/cjs/react-test-renderer.development.js:7474:18)
      at runWithFiberInDEV (node_modules/react-test-renderer/cjs/react-test-renderer.development.js:1574:13)
      at performUnitOfWork (node_modules/react-test-renderer/cjs/react-test-renderer.development.js:10972:22)
      at workLoopSync (node_modules/react-test-renderer/cjs/react-test-renderer.development.js:10816:41)
      at renderRootSync (node_modules/react-test-renderer/cjs/react-test-renderer.development.js:10797:11)
      at performWorkOnRoot (node_modules/react-test-renderer/cjs/react-test-renderer.development.js:10349:13)
      at performWorkOnRootViaSchedulerTask (node_modules/react-test-renderer/cjs/react-test-renderer.development.js:2094:7)
      at flushActQueue (node_modules/react/cjs/react.development.js:566:34)
      at Object.<anonymous>.process.env.NODE_ENV.exports.act (node_modules/react/cjs/react.development.js:859:10)
      at actImplementation (node_modules/@testing-library/react-native/src/act.ts:30:25)
      at renderWithAct (node_modules/@testing-library/react-native/src/render-act.ts:13:11)
      at renderInternal (node_modules/@testing-library/react-native/src/render.tsx:69:33)
      at renderInternal (node_modules/@testing-library/react-native/src/render.tsx:44:10)
      at Object.<anonymous> (__tests__/create-group.acceptance.test.tsx:7:83)

  console.error
    An update to Index inside a test was not wrapped in act(...).
    
    When testing, code that causes React state updates should be wrapped into act(...):
    
    act(() => {
      /* fire events that update state */
    });
    /* assert on the output */
    
    This ensures that you're testing the behavior the user would see in the browser. Learn more at https://react.dev/link/wrap-tests-with-act

    [0m [90m 144 |[39m       }
     [90m 145 |[39m
    [31m[1m>[22m[39m[90m 146 |[39m       setGroups(remoteGroups)[33m;[39m
     [90m     |[39m       [31m[1m^[22m[39m
     [90m 147 |[39m
     [90m 148 |[39m       [36mconst[39m nextActiveGroup [33m=[39m
     [90m 149 |[39m         remoteGroups[33m.[39mfind((group) [33m=>[39m group[33m.[39mid [33m===[39m preferredGroupId) [33m||[39m[0m

      at node_modules/react-test-renderer/cjs/react-test-renderer.development.js:11801:19
      at runWithFiberInDEV (node_modules/react-test-renderer/cjs/react-test-renderer.development.js:1574:13)
      at warnIfUpdatesNotWrappedWithActDEV (node_modules/react-test-renderer/cjs/react-test-renderer.development.js:11800:9)
      at scheduleUpdateOnFiber (node_modules/react-test-renderer/cjs/react-test-renderer.development.js:10326:9)
      at dispatchSetStateInternal (node_modules/react-test-renderer/cjs/react-test-renderer.development.js:4148:13)
      at dispatchSetState (node_modules/react-test-renderer/cjs/react-test-renderer.development.js:4107:7)
      at setGroups (app/index.tsx:146:7)
      at asyncGeneratorStep (node_modules/@babel/runtime/helpers/asyncToGenerator.js:3:17)
      at _next (node_modules/@babel/runtime/helpers/asyncToGenerator.js:17:9)

  console.error
    An update to Index inside a test was not wrapped in act(...).
    
    When testing, code that causes React state updates should be wrapped into act(...):
    
    act(() => {
      /* fire events that update state */
    });
    /* assert on the output */
    
    This ensures that you're testing the behavior the user would see in the browser. Learn more at https://react.dev/link/wrap-tests-with-act

    [0m [90m 152 |[39m         [36mnull[39m[33m;[39m
     [90m 153 |[39m
    [31m[1m>[22m[39m[90m 154 |[39m       setActiveGroupId(nextActiveGroup [33m?[39m nextActiveGroup[33m.[39mid [33m:[39m [36mnull[39m)[33m;[39m
     [90m     |[39m       [31m[1m^[22m[39m
     [90m 155 |[39m       setExpenses(nextActiveGroup[33m?[39m[33m.[39mexpenses [33m||[39m [])[33m;[39m
     [90m 156 |[39m       setParticipants(buildDefaultParticipants(nextActiveGroup[33m?[39m[33m.[39mmembers[33m.[39mmap((member) [33m=>[39m member[33m.[39mname) [33m||[39m []))[33m;[39m
     [90m 157 |[39m     }[0m

      at node_modules/react-test-renderer/cjs/react-test-renderer.development.js:11801:19
      at runWithFiberInDEV (node_modules/react-test-renderer/cjs/react-test-renderer.development.js:1574:13)
      at warnIfUpdatesNotWrappedWithActDEV (node_modules/react-test-renderer/cjs/react-test-renderer.development.js:11800:9)
      at scheduleUpdateOnFiber (node_modules/react-test-renderer/cjs/react-test-renderer.development.js:10326:9)
      at dispatchSetStateInternal (node_modules/react-test-renderer/cjs/react-test-renderer.development.js:4148:13)
      at dispatchSetState (node_modules/react-test-renderer/cjs/react-test-renderer.development.js:4107:7)
      at setActiveGroupId (app/index.tsx:154:7)
      at asyncGeneratorStep (node_modules/@babel/runtime/helpers/asyncToGenerator.js:3:17)
      at _next (node_modules/@babel/runtime/helpers/asyncToGenerator.js:17:9)

  console.error
    An update to Index inside a test was not wrapped in act(...).
    
    When testing, code that causes React state updates should be wrapped into act(...):
    
    act(() => {
      /* fire events that update state */
    });
    /* assert on the output */
    
    This ensures that you're testing the behavior the user would see in the browser. Learn more at https://react.dev/link/wrap-tests-with-act

    [0m [90m 153 |[39m
     [90m 154 |[39m       setActiveGroupId(nextActiveGroup [33m?[39m nextActiveGroup[33m.[39mid [33m:[39m [36mnull[39m)[33m;[39m
    [31m[1m>[22m[39m[90m 155 |[39m       setExpenses(nextActiveGroup[33m?[39m[33m.[39mexpenses [33m||[39m [])[33m;[39m
     [90m     |[39m       [31m[1m^[22m[39m
     [90m 156 |[39m       setParticipants(buildDefaultParticipants(nextActiveGroup[33m?[39m[33m.[39mmembers[33m.[39mmap((member) [33m=>[39m member[33m.[39mname) [33m||[39m []))[33m;[39m
     [90m 157 |[39m     }
     [90m 158 |[39m[0m

      at node_modules/react-test-renderer/cjs/react-test-renderer.development.js:11801:19
      at runWithFiberInDEV (node_modules/react-test-renderer/cjs/react-test-renderer.development.js:1574:13)
      at warnIfUpdatesNotWrappedWithActDEV (node_modules/react-test-renderer/cjs/react-test-renderer.development.js:11800:9)
      at scheduleUpdateOnFiber (node_modules/react-test-renderer/cjs/react-test-renderer.development.js:10326:9)
      at dispatchSetStateInternal (node_modules/react-test-renderer/cjs/react-test-renderer.development.js:4148:13)
      at dispatchSetState (node_modules/react-test-renderer/cjs/react-test-renderer.development.js:4107:7)
      at setExpenses (app/index.tsx:155:7)
      at asyncGeneratorStep (node_modules/@babel/runtime/helpers/asyncToGenerator.js:3:17)
      at _next (node_modules/@babel/runtime/helpers/asyncToGenerator.js:17:9)

  console.error
    An update to Index inside a test was not wrapped in act(...).
    
    When testing, code that causes React state updates should be wrapped into act(...):
    
    act(() => {
      /* fire events that update state */
    });
    /* assert on the output */
    
    This ensures that you're testing the behavior the user would see in the browser. Learn more at https://react.dev/link/wrap-tests-with-act

    [0m [90m 154 |[39m       setActiveGroupId(nextActiveGroup [33m?[39m nextActiveGroup[33m.[39mid [33m:[39m [36mnull[39m)[33m;[39m
     [90m 155 |[39m       setExpenses(nextActiveGroup[33m?[39m[33m.[39mexpenses [33m||[39m [])[33m;[39m
    [31m[1m>[22m[39m[90m 156 |[39m       setParticipants(buildDefaultParticipants(nextActiveGroup[33m?[39m[33m.[39mmembers[33m.[39mmap((member) [33m=>[39m member[33m.[39mname) [33m||[39m []))[33m;[39m
     [90m     |[39m       [31m[1m^[22m[39m
     [90m 157 |[39m     }
     [90m 158 |[39m
     [90m 159 |[39m     [36mvoid[39m refreshGroups()[33m;[39m[0m

      at node_modules/react-test-renderer/cjs/react-test-renderer.development.js:11801:19
      at runWithFiberInDEV (node_modules/react-test-renderer/cjs/react-test-renderer.development.js:1574:13)
      at warnIfUpdatesNotWrappedWithActDEV (node_modules/react-test-renderer/cjs/react-test-renderer.development.js:11800:9)
      at scheduleUpdateOnFiber (node_modules/react-test-renderer/cjs/react-test-renderer.development.js:10326:9)
      at dispatchSetStateInternal (node_modules/react-test-renderer/cjs/react-test-renderer.development.js:4148:13)
      at dispatchSetState (node_modules/react-test-renderer/cjs/react-test-renderer.development.js:4107:7)
      at setParticipants (app/index.tsx:156:7)
      at asyncGeneratorStep (node_modules/@babel/runtime/helpers/asyncToGenerator.js:3:17)
      at _next (node_modules/@babel/runtime/helpers/asyncToGenerator.js:17:9)

  console.error
    An update to Index inside a test was not wrapped in act(...).
    
    When testing, code that causes React state updates should be wrapped into act(...):
    
    act(() => {
      /* fire events that update state */
    });
    /* assert on the output */
    
    This ensures that you're testing the behavior the user would see in the browser. Learn more at https://react.dev/link/wrap-tests-with-act

    [0m [90m 343 |[39m
     [90m 344 |[39m     [36mconst[39m refreshedGroups [33m=[39m [36mawait[39m loadAccessibleGroups(currentUser[33m.[39muid)[33m;[39m
    [31m[1m>[22m[39m[90m 345 |[39m     setGroups(refreshedGroups)[33m;[39m
     [90m     |[39m     [31m[1m^[22m[39m
     [90m 346 |[39m
     [90m 347 |[39m     [36mconst[39m nextActiveGroup [33m=[39m
     [90m 348 |[39m       refreshedGroups[33m.[39mfind((group) [33m=>[39m group[33m.[39mid [33m===[39m preferredGroupId) [33m||[39m[0m

      at node_modules/react-test-renderer/cjs/react-test-renderer.development.js:11801:19
      at runWithFiberInDEV (node_modules/react-test-renderer/cjs/react-test-renderer.development.js:1574:13)
      at warnIfUpdatesNotWrappedWithActDEV (node_modules/react-test-renderer/cjs/react-test-renderer.development.js:11800:9)
      at scheduleUpdateOnFiber (node_modules/react-test-renderer/cjs/react-test-renderer.development.js:10326:9)
      at dispatchSetStateInternal (node_modules/react-test-renderer/cjs/react-test-renderer.development.js:4148:13)
      at dispatchSetState (node_modules/react-test-renderer/cjs/react-test-renderer.development.js:4107:7)
      at setGroups (app/index.tsx:345:5)
      at asyncGeneratorStep (node_modules/@babel/runtime/helpers/asyncToGenerator.js:3:17)
      at _next (node_modules/@babel/runtime/helpers/asyncToGenerator.js:17:9)

  console.error
    An update to Index inside a test was not wrapped in act(...).
    
    When testing, code that causes React state updates should be wrapped into act(...):
    
    act(() => {
      /* fire events that update state */
    });
    /* assert on the output */
    
    This ensures that you're testing the behavior the user would see in the browser. Learn more at https://react.dev/link/wrap-tests-with-act

    [0m [90m 351 |[39m       [36mnull[39m[33m;[39m
     [90m 352 |[39m
    [31m[1m>[22m[39m[90m 353 |[39m     setActiveGroupId(nextActiveGroup [33m?[39m nextActiveGroup[33m.[39mid [33m:[39m [36mnull[39m)[33m;[39m
     [90m     |[39m     [31m[1m^[22m[39m
     [90m 354 |[39m     setExpenses(nextActiveGroup[33m?[39m[33m.[39mexpenses [33m||[39m [])[33m;[39m
     [90m 355 |[39m     setParticipants(buildDefaultParticipants(nextActiveGroup[33m?[39m[33m.[39mmembers[33m.[39mmap((member) [33m=>[39m member[33m.[39mname) [33m||[39m []))[33m;[39m
     [90m 356 |[39m   }[0m

      at node_modules/react-test-renderer/cjs/react-test-renderer.development.js:11801:19
      at runWithFiberInDEV (node_modules/react-test-renderer/cjs/react-test-renderer.development.js:1574:13)
      at warnIfUpdatesNotWrappedWithActDEV (node_modules/react-test-renderer/cjs/react-test-renderer.development.js:11800:9)
      at scheduleUpdateOnFiber (node_modules/react-test-renderer/cjs/react-test-renderer.development.js:10326:9)
      at dispatchSetStateInternal (node_modules/react-test-renderer/cjs/react-test-renderer.development.js:4148:13)
      at dispatchSetState (node_modules/react-test-renderer/cjs/react-test-renderer.development.js:4107:7)
      at setActiveGroupId (app/index.tsx:353:5)
      at asyncGeneratorStep (node_modules/@babel/runtime/helpers/asyncToGenerator.js:3:17)
      at _next (node_modules/@babel/runtime/helpers/asyncToGenerator.js:17:9)

  console.error
    An update to Index inside a test was not wrapped in act(...).
    
    When testing, code that causes React state updates should be wrapped into act(...):
    
    act(() => {
      /* fire events that update state */
    });
    /* assert on the output */
    
    This ensures that you're testing the behavior the user would see in the browser. Learn more at https://react.dev/link/wrap-tests-with-act

    [0m [90m 352 |[39m
     [90m 353 |[39m     setActiveGroupId(nextActiveGroup [33m?[39m nextActiveGroup[33m.[39mid [33m:[39m [36mnull[39m)[33m;[39m
    [31m[1m>[22m[39m[90m 354 |[39m     setExpenses(nextActiveGroup[33m?[39m[33m.[39mexpenses [33m||[39m [])[33m;[39m
     [90m     |[39m     [31m[1m^[22m[39m
     [90m 355 |[39m     setParticipants(buildDefaultParticipants(nextActiveGroup[33m?[39m[33m.[39mmembers[33m.[39mmap((member) [33m=>[39m member[33m.[39mname) [33m||[39m []))[33m;[39m
     [90m 356 |[39m   }
     [90m 357 |[39m[0m

      at node_modules/react-test-renderer/cjs/react-test-renderer.development.js:11801:19
      at runWithFiberInDEV (node_modules/react-test-renderer/cjs/react-test-renderer.development.js:1574:13)
      at warnIfUpdatesNotWrappedWithActDEV (node_modules/react-test-renderer/cjs/react-test-renderer.development.js:11800:9)
      at scheduleUpdateOnFiber (node_modules/react-test-renderer/cjs/react-test-renderer.development.js:10326:9)
      at dispatchSetStateInternal (node_modules/react-test-renderer/cjs/react-test-renderer.development.js:4148:13)
      at dispatchSetState (node_modules/react-test-renderer/cjs/react-test-renderer.development.js:4107:7)
      at setExpenses (app/index.tsx:354:5)
      at asyncGeneratorStep (node_modules/@babel/runtime/helpers/asyncToGenerator.js:3:17)
      at _next (node_modules/@babel/runtime/helpers/asyncToGenerator.js:17:9)

  console.error
    An update to Index inside a test was not wrapped in act(...).
    
    When testing, code that causes React state updates should be wrapped into act(...):
    
    act(() => {
      /* fire events that update state */
    });
    /* assert on the output */
    
    This ensures that you're testing the behavior the user would see in the browser. Learn more at https://react.dev/link/wrap-tests-with-act

    [0m [90m 353 |[39m     setActiveGroupId(nextActiveGroup [33m?[39m nextActiveGroup[33m.[39mid [33m:[39m [36mnull[39m)[33m;[39m
     [90m 354 |[39m     setExpenses(nextActiveGroup[33m?[39m[33m.[39mexpenses [33m||[39m [])[33m;[39m
    [31m[1m>[22m[39m[90m 355 |[39m     setParticipants(buildDefaultParticipants(nextActiveGroup[33m?[39m[33m.[39mmembers[33m.[39mmap((member) [33m=>[39m member[33m.[39mname) [33m||[39m []))[33m;[39m
     [90m     |[39m     [31m[1m^[22m[39m
     [90m 356 |[39m   }
     [90m 357 |[39m
     [90m 358 |[39m   [36masync[39m [36mfunction[39m handleCreateGroup() {[0m

      at node_modules/react-test-renderer/cjs/react-test-renderer.development.js:11801:19
      at runWithFiberInDEV (node_modules/react-test-renderer/cjs/react-test-renderer.development.js:1574:13)
      at warnIfUpdatesNotWrappedWithActDEV (node_modules/react-test-renderer/cjs/react-test-renderer.development.js:11800:9)
      at scheduleUpdateOnFiber (node_modules/react-test-renderer/cjs/react-test-renderer.development.js:10326:9)
      at dispatchSetStateInternal (node_modules/react-test-renderer/cjs/react-test-renderer.development.js:4148:13)
      at dispatchSetState (node_modules/react-test-renderer/cjs/react-test-renderer.development.js:4107:7)
      at setParticipants (app/index.tsx:355:5)
      at asyncGeneratorStep (node_modules/@babel/runtime/helpers/asyncToGenerator.js:3:17)
      at _next (node_modules/@babel/runtime/helpers/asyncToGenerator.js:17:9)

PASS __tests__/create-group.acceptance.test.tsx
  Feature: Create a group
    ÔêÜ Scenario: Given the user wants a new group, When they submit a group name, Then the app activates that group, gives the user a 
share code, and starts with no balance summary (205 ms)

PASS __tests__/expense-utils.test.ts
  Feature: Validate and calculate expenses
    ÔêÜ Scenario: Given expense details contain a blank or negative amount, When the expense is validated, Then the user receives an 
amount-specific validation message (1 ms)
    ÔêÜ Scenario: Given participant percentages add up to less than 100, When the expense is validated, Then the user receives a 
split-total validation message
    ÔêÜ Scenario: Given valid expense details, When an expense entry is created, Then the saved expense contains normalized numeric 
values and selected participants only (1 ms)
    ÔêÜ Scenario: Given one member paid for a shared expense, When balances and settlements are calculated, Then the payer is credited, 
the participant is debited, and the settlement clears the debt (1 ms)
    ÔêÜ Scenario: Given the current member both paid for and benefited from shared expenses, When their debt breakdown is calculated, 
Then covered amounts are marked positive and amounts owed to others are marked negative (1 ms)

Test Suites: 2 failed, 8 passed, 10 total
Tests:       3 failed, 23 passed, 26 total
Snapshots:   0 total
Time:        14.8 s, estimated 16 s
Ran all test suites.
